Archive member included because of file (symbol)

/home/yang/omniplay/eglibc-2.15/build/elf/rtld-libc.a(rtld-check_fds.os)
                              /home/yang/omniplay/eglibc-2.15/build/elf/dl-allobjs.os (__libc_check_standard_fds)
/home/yang/omniplay/eglibc-2.15/build/elf/rtld-libc.a(rtld-errno.os)
                              /home/yang/omniplay/eglibc-2.15/build/elf/dl-allobjs.os (rtld_errno)
/home/yang/omniplay/eglibc-2.15/build/elf/rtld-libc.a(rtld-divdi3.os)
                              /home/yang/omniplay/eglibc-2.15/build/elf/dl-allobjs.os (__udivdi3)
/home/yang/omniplay/eglibc-2.15/build/elf/rtld-libc.a(rtld-closedir.os)
                              /home/yang/omniplay/eglibc-2.15/build/elf/dl-allobjs.os (__closedir)
/home/yang/omniplay/eglibc-2.15/build/elf/rtld-libc.a(rtld-readdir.os)
                              /home/yang/omniplay/eglibc-2.15/build/elf/dl-allobjs.os (__readdir)
/home/yang/omniplay/eglibc-2.15/build/elf/rtld-libc.a(rtld-rewinddir.os)
                              /home/yang/omniplay/eglibc-2.15/build/elf/dl-allobjs.os (rewinddir)
/home/yang/omniplay/eglibc-2.15/build/elf/rtld-libc.a(rtld-getdents.os)
                              /home/yang/omniplay/eglibc-2.15/build/elf/rtld-libc.a(rtld-readdir.os) (__getdents)
/home/yang/omniplay/eglibc-2.15/build/elf/rtld-libc.a(rtld-fdopendir.os)
                              /home/yang/omniplay/eglibc-2.15/build/elf/dl-allobjs.os (__fdopendir)
/home/yang/omniplay/eglibc-2.15/build/elf/rtld-libc.a(rtld-profil.os)
                              /home/yang/omniplay/eglibc-2.15/build/elf/dl-allobjs.os (__profil)
/home/yang/omniplay/eglibc-2.15/build/elf/rtld-libc.a(rtld-prof-freq.os)
                              /home/yang/omniplay/eglibc-2.15/build/elf/dl-allobjs.os (__profile_frequency)
/home/yang/omniplay/eglibc-2.15/build/elf/rtld-libc.a(rtld-xstat64.os)
                              /home/yang/omniplay/eglibc-2.15/build/elf/dl-allobjs.os (__GI___xstat64)
/home/yang/omniplay/eglibc-2.15/build/elf/rtld-libc.a(rtld-fxstat64.os)
                              /home/yang/omniplay/eglibc-2.15/build/elf/dl-allobjs.os (__GI___fxstat64)
/home/yang/omniplay/eglibc-2.15/build/elf/rtld-libc.a(rtld-lxstat64.os)
                              /home/yang/omniplay/eglibc-2.15/build/elf/dl-allobjs.os (__GI___lxstat64)
/home/yang/omniplay/eglibc-2.15/build/elf/rtld-libc.a(rtld-open.os)
                              /home/yang/omniplay/eglibc-2.15/build/elf/dl-allobjs.os (__open)
/home/yang/omniplay/eglibc-2.15/build/elf/rtld-libc.a(rtld-close.os)
                              /home/yang/omniplay/eglibc-2.15/build/elf/dl-allobjs.os (__close)
/home/yang/omniplay/eglibc-2.15/build/elf/rtld-libc.a(rtld-read.os)
                              /home/yang/omniplay/eglibc-2.15/build/elf/dl-allobjs.os (__libc_read)
/home/yang/omniplay/eglibc-2.15/build/elf/rtld-libc.a(rtld-write.os)
                              /home/yang/omniplay/eglibc-2.15/build/elf/dl-allobjs.os (__libc_write)
/home/yang/omniplay/eglibc-2.15/build/elf/rtld-libc.a(rtld-lseek.os)
                              /home/yang/omniplay/eglibc-2.15/build/elf/dl-allobjs.os (__lseek)
/home/yang/omniplay/eglibc-2.15/build/elf/rtld-libc.a(rtld-access.os)
                              /home/yang/omniplay/eglibc-2.15/build/elf/dl-allobjs.os (__access)
/home/yang/omniplay/eglibc-2.15/build/elf/rtld-libc.a(rtld-fcntl.os)
                              /home/yang/omniplay/eglibc-2.15/build/elf/rtld-libc.a(rtld-check_fds.os) (__libc_fcntl)
/home/yang/omniplay/eglibc-2.15/build/elf/rtld-libc.a(rtld-mmap.os)
                              /home/yang/omniplay/eglibc-2.15/build/elf/dl-allobjs.os (__mmap)
/home/yang/omniplay/eglibc-2.15/build/elf/rtld-libc.a(rtld-munmap.os)
                              /home/yang/omniplay/eglibc-2.15/build/elf/dl-allobjs.os (__munmap)
/home/yang/omniplay/eglibc-2.15/build/elf/rtld-libc.a(rtld-mprotect.os)
                              /home/yang/omniplay/eglibc-2.15/build/elf/dl-allobjs.os (__mprotect)
/home/yang/omniplay/eglibc-2.15/build/elf/rtld-libc.a(rtld-uname.os)
                              /home/yang/omniplay/eglibc-2.15/build/elf/dl-allobjs.os (__uname)
/home/yang/omniplay/eglibc-2.15/build/elf/rtld-libc.a(rtld-_exit.os)
                              /home/yang/omniplay/eglibc-2.15/build/elf/dl-allobjs.os (_exit)
/home/yang/omniplay/eglibc-2.15/build/elf/rtld-libc.a(rtld-getpid.os)
                              /home/yang/omniplay/eglibc-2.15/build/elf/dl-allobjs.os (__getpid)
/home/yang/omniplay/eglibc-2.15/build/elf/rtld-libc.a(rtld-environ.os)
                              /home/yang/omniplay/eglibc-2.15/build/elf/dl-allobjs.os (__environ)
/home/yang/omniplay/eglibc-2.15/build/elf/rtld-libc.a(rtld-setjmp.os)
                              /home/yang/omniplay/eglibc-2.15/build/elf/dl-allobjs.os (__sigsetjmp)
/home/yang/omniplay/eglibc-2.15/build/elf/rtld-libc.a(rtld-__longjmp.os)
                              /home/yang/omniplay/eglibc-2.15/build/elf/dl-allobjs.os (__longjmp)
/home/yang/omniplay/eglibc-2.15/build/elf/rtld-libc.a(rtld-sigaction.os)
                              /home/yang/omniplay/eglibc-2.15/build/elf/rtld-libc.a(rtld-profil.os) (__sigaction)
/home/yang/omniplay/eglibc-2.15/build/elf/rtld-libc.a(rtld-strchr.os)
                              /home/yang/omniplay/eglibc-2.15/build/elf/dl-allobjs.os (strchr)
/home/yang/omniplay/eglibc-2.15/build/elf/rtld-libc.a(rtld-strcmp.os)
                              /home/yang/omniplay/eglibc-2.15/build/elf/dl-allobjs.os (strcmp)
/home/yang/omniplay/eglibc-2.15/build/elf/rtld-libc.a(rtld-strcpy.os)
                              /home/yang/omniplay/eglibc-2.15/build/elf/dl-allobjs.os (strcpy)
/home/yang/omniplay/eglibc-2.15/build/elf/rtld-libc.a(rtld-strlen.os)
                              /home/yang/omniplay/eglibc-2.15/build/elf/dl-allobjs.os (strlen)
/home/yang/omniplay/eglibc-2.15/build/elf/rtld-libc.a(rtld-strnlen.os)
                              /home/yang/omniplay/eglibc-2.15/build/elf/dl-allobjs.os (strnlen)
/home/yang/omniplay/eglibc-2.15/build/elf/rtld-libc.a(rtld-memchr.os)
                              /home/yang/omniplay/eglibc-2.15/build/elf/dl-allobjs.os (memchr)
/home/yang/omniplay/eglibc-2.15/build/elf/rtld-libc.a(rtld-memcmp.os)
                              /home/yang/omniplay/eglibc-2.15/build/elf/dl-allobjs.os (memcmp)
/home/yang/omniplay/eglibc-2.15/build/elf/rtld-libc.a(rtld-memmove.os)
                              /home/yang/omniplay/eglibc-2.15/build/elf/dl-allobjs.os (memmove)
/home/yang/omniplay/eglibc-2.15/build/elf/rtld-libc.a(rtld-memset.os)
                              /home/yang/omniplay/eglibc-2.15/build/elf/dl-allobjs.os (memset)
/home/yang/omniplay/eglibc-2.15/build/elf/rtld-libc.a(rtld-mempcpy.os)
                              /home/yang/omniplay/eglibc-2.15/build/elf/dl-allobjs.os (mempcpy)
/home/yang/omniplay/eglibc-2.15/build/elf/rtld-libc.a(rtld-stpcpy.os)
                              /home/yang/omniplay/eglibc-2.15/build/elf/dl-allobjs.os (stpcpy)
/home/yang/omniplay/eglibc-2.15/build/elf/rtld-libc.a(rtld-memcpy.os)
                              /home/yang/omniplay/eglibc-2.15/build/elf/dl-allobjs.os (memcpy)
/home/yang/omniplay/eglibc-2.15/build/elf/rtld-libc.a(rtld-rawmemchr.os)
                              /home/yang/omniplay/eglibc-2.15/build/elf/dl-allobjs.os (rawmemchr)
/home/yang/omniplay/eglibc-2.15/build/elf/rtld-libc.a(rtld-setitimer.os)
                              /home/yang/omniplay/eglibc-2.15/build/elf/rtld-libc.a(rtld-profil.os) (__setitimer)

Discarded input sections

 .group         0x0000000000000000        0x8 /home/yang/omniplay/eglibc-2.15/build/elf/rtld-libc.a(rtld-check_fds.os)
 .text.__i686.get_pc_thunk.bx
                0x0000000000000000        0x4 /home/yang/omniplay/eglibc-2.15/build/elf/rtld-libc.a(rtld-check_fds.os)
 .group         0x0000000000000000        0x8 /home/yang/omniplay/eglibc-2.15/build/elf/rtld-libc.a(rtld-closedir.os)
 .text.__i686.get_pc_thunk.bx
                0x0000000000000000        0x4 /home/yang/omniplay/eglibc-2.15/build/elf/rtld-libc.a(rtld-closedir.os)
 .group         0x0000000000000000        0x8 /home/yang/omniplay/eglibc-2.15/build/elf/rtld-libc.a(rtld-readdir.os)
 .text.__i686.get_pc_thunk.bx
                0x0000000000000000        0x4 /home/yang/omniplay/eglibc-2.15/build/elf/rtld-libc.a(rtld-readdir.os)
 .group         0x0000000000000000        0x8 /home/yang/omniplay/eglibc-2.15/build/elf/rtld-libc.a(rtld-rewinddir.os)
 .text.__i686.get_pc_thunk.bx
                0x0000000000000000        0x4 /home/yang/omniplay/eglibc-2.15/build/elf/rtld-libc.a(rtld-rewinddir.os)
 .group         0x0000000000000000        0x8 /home/yang/omniplay/eglibc-2.15/build/elf/rtld-libc.a(rtld-getdents.os)
 .text.__i686.get_pc_thunk.bx
                0x0000000000000000        0x4 /home/yang/omniplay/eglibc-2.15/build/elf/rtld-libc.a(rtld-getdents.os)
 .group         0x0000000000000000        0x8 /home/yang/omniplay/eglibc-2.15/build/elf/rtld-libc.a(rtld-fdopendir.os)
 .text.__i686.get_pc_thunk.bx
                0x0000000000000000        0x4 /home/yang/omniplay/eglibc-2.15/build/elf/rtld-libc.a(rtld-fdopendir.os)
 .group         0x0000000000000000        0x8 /home/yang/omniplay/eglibc-2.15/build/elf/rtld-libc.a(rtld-profil.os)
 .text.__i686.get_pc_thunk.bx
                0x0000000000000000        0x4 /home/yang/omniplay/eglibc-2.15/build/elf/rtld-libc.a(rtld-profil.os)
 .group         0x0000000000000000        0x8 /home/yang/omniplay/eglibc-2.15/build/elf/rtld-libc.a(rtld-prof-freq.os)
 .text.__i686.get_pc_thunk.cx
                0x0000000000000000        0x4 /home/yang/omniplay/eglibc-2.15/build/elf/rtld-libc.a(rtld-prof-freq.os)
 .group         0x0000000000000000        0x8 /home/yang/omniplay/eglibc-2.15/build/elf/rtld-libc.a(rtld-xstat64.os)
 .text.__i686.get_pc_thunk.bx
                0x0000000000000000        0x4 /home/yang/omniplay/eglibc-2.15/build/elf/rtld-libc.a(rtld-xstat64.os)
 .group         0x0000000000000000        0x8 /home/yang/omniplay/eglibc-2.15/build/elf/rtld-libc.a(rtld-fxstat64.os)
 .text.__i686.get_pc_thunk.bx
                0x0000000000000000        0x4 /home/yang/omniplay/eglibc-2.15/build/elf/rtld-libc.a(rtld-fxstat64.os)
 .group         0x0000000000000000        0x8 /home/yang/omniplay/eglibc-2.15/build/elf/rtld-libc.a(rtld-lxstat64.os)
 .text.__i686.get_pc_thunk.bx
                0x0000000000000000        0x4 /home/yang/omniplay/eglibc-2.15/build/elf/rtld-libc.a(rtld-lxstat64.os)
 .gnu.linkonce.t.__i686.get_pc_thunk.cx
                0x0000000000000000        0x4 /home/yang/omniplay/eglibc-2.15/build/elf/rtld-libc.a(rtld-open.os)
 .gnu.linkonce.t.__i686.get_pc_thunk.cx
                0x0000000000000000        0x4 /home/yang/omniplay/eglibc-2.15/build/elf/rtld-libc.a(rtld-close.os)
 .gnu.linkonce.t.__i686.get_pc_thunk.cx
                0x0000000000000000        0x4 /home/yang/omniplay/eglibc-2.15/build/elf/rtld-libc.a(rtld-read.os)
 .gnu.linkonce.t.__i686.get_pc_thunk.cx
                0x0000000000000000        0x4 /home/yang/omniplay/eglibc-2.15/build/elf/rtld-libc.a(rtld-write.os)
 .gnu.linkonce.t.__i686.get_pc_thunk.cx
                0x0000000000000000        0x4 /home/yang/omniplay/eglibc-2.15/build/elf/rtld-libc.a(rtld-lseek.os)
 .gnu.linkonce.t.__i686.get_pc_thunk.cx
                0x0000000000000000        0x4 /home/yang/omniplay/eglibc-2.15/build/elf/rtld-libc.a(rtld-access.os)
 .group         0x0000000000000000        0x8 /home/yang/omniplay/eglibc-2.15/build/elf/rtld-libc.a(rtld-fcntl.os)
 .text.__i686.get_pc_thunk.bx
                0x0000000000000000        0x4 /home/yang/omniplay/eglibc-2.15/build/elf/rtld-libc.a(rtld-fcntl.os)
 .gnu.linkonce.t.__i686.get_pc_thunk.cx
                0x0000000000000000        0x4 /home/yang/omniplay/eglibc-2.15/build/elf/rtld-libc.a(rtld-mmap.os)
 .gnu.linkonce.t.__i686.get_pc_thunk.cx
                0x0000000000000000        0x4 /home/yang/omniplay/eglibc-2.15/build/elf/rtld-libc.a(rtld-munmap.os)
 .gnu.linkonce.t.__i686.get_pc_thunk.cx
                0x0000000000000000        0x4 /home/yang/omniplay/eglibc-2.15/build/elf/rtld-libc.a(rtld-mprotect.os)
 .gnu.linkonce.t.__i686.get_pc_thunk.cx
                0x0000000000000000        0x4 /home/yang/omniplay/eglibc-2.15/build/elf/rtld-libc.a(rtld-uname.os)
 .group         0x0000000000000000        0x8 /home/yang/omniplay/eglibc-2.15/build/elf/rtld-libc.a(rtld-sigaction.os)
 .text.__i686.get_pc_thunk.bx
                0x0000000000000000        0x4 /home/yang/omniplay/eglibc-2.15/build/elf/rtld-libc.a(rtld-sigaction.os)
 .gnu.linkonce.t.__i686.get_pc_thunk.bx
                0x0000000000000000        0x4 /home/yang/omniplay/eglibc-2.15/build/elf/rtld-libc.a(rtld-memcmp.os)
 .gnu.linkonce.t.__i686.get_pc_thunk.cx
                0x0000000000000000        0x4 /home/yang/omniplay/eglibc-2.15/build/elf/rtld-libc.a(rtld-setitimer.os)

Memory Configuration

Name             Origin             Length             Attributes
*default*        0x0000000000000000 0xffffffffffffffff

Linker script and memory map

START GROUP
LOAD /home/yang/omniplay/eglibc-2.15/build/elf/dl-allobjs.os
LOAD /home/yang/omniplay/eglibc-2.15/build/elf/rtld-libc.a
LOAD /usr/lib/gcc/i686-linux-gnu/4.6/libgcc.a
END GROUP

.interp
 *(.interp)

.note.gnu.build-id
 *(.note.gnu.build-id)

.hash
 *(.hash)

.gnu.hash
 *(.gnu.hash)

.dynsym
 *(.dynsym)

.dynstr
 *(.dynstr)

.gnu.version
 *(.gnu.version)

.gnu.version_d
 *(.gnu.version_d)

.gnu.version_r
 *(.gnu.version_r)

.rel.init
 *(.rel.init)

.rel.text
 *(.rel.text)

.rel.fini
 *(.rel.fini)

.rel.rodata
 *(.rel.rodata)

.rel.data.rel.ro
 *(.rel.data.rel.ro)

.rel.data
 *(.rel.data)

.rel.tdata
 *(.rel.tdata)

.rel.tbss
 *(.rel.tbss)

.rel.ctors
 *(.rel.ctors)

.rel.dtors
 *(.rel.dtors)

.rel.got
 *(.rel.got)

.rel.bss
 *(.rel.bss)

.rel.ifunc
 *(.rel.ifunc)

.rel.plt
 *(.rel.plt)

.init
 *(.init)

.plt
 *(.plt)
 *(.iplt)

.text           0x0000000000000000    0x174e7
 *(.text .stub)
 .text          0x0000000000000000    0x15ab5 /home/yang/omniplay/eglibc-2.15/build/elf/dl-allobjs.os
                0x0000000000000020                _start
                0x0000000000000027                _dl_start_user
                0x0000000000000070                _dl_initial_error_catch_tsd
                0x00000000000062e0                _dl_dst_count
                0x00000000000063c0                _dl_dst_substitute
                0x00000000000069b0                _dl_init_paths
                0x0000000000006db0                _dl_map_object
                0x00000000000076c0                _dl_rtld_di_serinfo
                0x0000000000007880                _dl_cache_libcmp
                0x00000000000079e0                _dl_load_cache_lookup
                0x0000000000007fb0                _dl_unload_cache
                0x0000000000008910                _dl_lookup_symbol_x
                0x0000000000009770                _dl_setup_hash
                0x0000000000009850                _dl_add_to_namespace_list
                0x0000000000009900                _dl_new_object
                0x0000000000009c40                _dl_try_allocate_static_tls
                0x0000000000009d40                _dl_allocate_static_tls
                0x0000000000009d90                _dl_nothread_init_static_tls
                0x0000000000009e50                _dl_protect_relro
                0x0000000000009ed0                _dl_reloc_bad_type
                0x0000000000009f40                _dl_relocate_object
                0x000000000000bcd0                _dl_map_object_deps
                0x000000000000cd10                _dl_fixup
                0x000000000000ceb0                _dl_profile_fixup
                0x000000000000d410                _dl_call_pltexit
                0x000000000000d520                _dl_signal_error
                0x000000000000d6e0                _dl_signal_cerror
                0x000000000000d7a0                _dl_catch_error
                0x000000000000d880                _dl_receive_error
                0x000000000000da60                _dl_init_internal
                0x000000000000da60                _dl_init
                0x000000000000db90                _dl_sort_fini
                0x000000000000ddc0                _dl_fini
                0x000000000000e1b0                _dl_debug_state
                0x000000000000e1b0                __GI__dl_debug_state
                0x000000000000e1c0                _dl_debug_initialize
                0x000000000000e770                _dl_sysdep_read_whole_file
                0x000000000000e850                _dl_debug_printf
                0x000000000000e890                _dl_debug_printf_c
                0x000000000000e8d0                _dl_dprintf
                0x000000000000e900                _dl_name_match_p
                0x000000000000e970                _dl_higher_prime_number
                0x000000000000ed60                _dl_check_map_versions
                0x000000000000f1d0                _dl_check_all_versions
                0x000000000000f240                _dl_start_profile
                0x000000000000fab0                _dl_mcount_internal
                0x000000000000fab0                _dl_mcount
                0x000000000000fcf0                _dl_resolve_conflicts
                0x000000000000fe70                __tls_get_addr
                0x000000000000fe80                _dl_next_tls_modid
                0x000000000000ff90                _dl_determine_tlsoffset
                0x00000000000101c0                __GI__dl_tls_setup
                0x00000000000101c0                _dl_tls_setup
                0x0000000000010290                _dl_get_tls_static_info
                0x00000000000102b0                _dl_allocate_tls_storage
                0x00000000000103a0                __GI__dl_allocate_tls_init
                0x00000000000103a0                _dl_allocate_tls_init
                0x00000000000105e0                __GI__dl_allocate_tls
                0x00000000000105e0                _dl_allocate_tls
                0x0000000000010610                _dl_deallocate_tls
                0x0000000000010610                __GI__dl_deallocate_tls
                0x00000000000106a0                _dl_update_slotinfo
                0x00000000000109b0                ___tls_get_addr_internal
                0x00000000000109b0                ___tls_get_addr
                0x0000000000010a20                _dl_tls_get_addr_soft
                0x0000000000010ab0                _dl_add_to_slotinfo
                0x0000000000010bb0                _dl_get_origin
                0x0000000000010d20                _dl_scope_free
                0x0000000000010df0                _dl_make_stack_executable
                0x0000000000010df0                __GI__dl_make_stack_executable
                0x0000000000010eb0                _dl_check_caller
                0x00000000000112a0                _dl_open
                0x00000000000115c0                _dl_show_scope
                0x0000000000011730                _dl_addr_inside_object
                0x00000000000121a0                _dl_close_worker
                0x0000000000012f70                _dl_close
                0x0000000000013020                _dl_runtime_resolve
                0x0000000000013040                _dl_runtime_profile
                0x0000000000013100                _dl_sysdep_start
                0x00000000000134d0                _dl_sysdep_start_cleanup
                0x00000000000134e0                _dl_show_auxv
                0x0000000000013740                _dl_important_hwcaps
                0x0000000000013e40                _dl_discover_osversion
                0x0000000000014040                _dl_next_ld_env_entry
                0x0000000000014080                unsetenv
                0x0000000000014100                __libc_memalign
                0x0000000000014210                malloc
                0x0000000000014240                calloc
                0x00000000000142a0                free
                0x0000000000014300                __sigjmp_save
                0x0000000000014310                __GI___assert_fail
                0x0000000000014310                __assert_fail
                0x0000000000014380                realloc
                0x0000000000014420                __strtoul_internal
                0x00000000000145a0                _itoa
                0x0000000000014660                __strerror_r
                0x0000000000014740                __GI___assert_perror_fail
                0x0000000000014740                __assert_perror_fail
                0x00000000000147e0                __strsep
                0x00000000000147e0                strsep
                0x00000000000147e0                __strsep_g
                0x00000000000148a0                __GI___chk_fail
                0x00000000000148a0                __chk_fail
                0x00000000000148c0                __brk
                0x00000000000148c0                brk
                0x0000000000014920                sbrk
                0x0000000000014920                __sbrk
                0x00000000000149c0                __getcwd
                0x00000000000149c0                getcwd
                0x0000000000014ec0                openat64
                0x0000000000014f40                __alloc_dir
                0x0000000000015060                __opendirat
                0x00000000000150f0                __opendir
                0x00000000000150f0                opendir
                0x0000000000015120                __fxstatat64
                0x00000000000151a0                _dl_make_tlsdesc_dynamic
                0x0000000000015490                _dl_tlsdesc_resolve_abs_plus_addend_fixup
                0x0000000000015570                _dl_tlsdesc_resolve_rel_fixup
                0x0000000000015720                _dl_tlsdesc_resolve_rela_fixup
                0x00000000000158d0                _dl_tlsdesc_resolve_hold_fixup
                0x0000000000015930                _dl_unmap
                0x00000000000159c0                _dl_tlsdesc_return
                0x00000000000159d0                _dl_tlsdesc_undefweak
                0x00000000000159e0                _dl_tlsdesc_dynamic
                0x0000000000015a40                _dl_tlsdesc_resolve_abs_plus_addend
                0x0000000000015a60                _dl_tlsdesc_resolve_rel
                0x0000000000015a80                _dl_tlsdesc_resolve_rela
                0x0000000000015aa0                _dl_tlsdesc_resolve_hold
 *fill*         0x0000000000015ab5        0xb 90909090
 .text          0x0000000000015ac0      0x140 /home/yang/omniplay/eglibc-2.15/build/elf/rtld-libc.a(rtld-check_fds.os)
                0x0000000000015bd0                __libc_check_standard_fds
 .text          0x0000000000015c00        0x0 /home/yang/omniplay/eglibc-2.15/build/elf/rtld-libc.a(rtld-errno.os)
 .text          0x0000000000015c00      0x3d3 /home/yang/omniplay/eglibc-2.15/build/elf/rtld-libc.a(rtld-divdi3.os)
                0x0000000000015dd0                __divdi3@GLIBC_2.0
                0x0000000000015dd0                __divdi3_internal
                0x0000000000015e50                __moddi3@GLIBC_2.0
                0x0000000000015e50                __moddi3_internal
                0x0000000000015f60                __udivdi3@GLIBC_2.0
                0x0000000000015f60                __udivdi3_internal
                0x0000000000015fa0                __umoddi3_internal
                0x0000000000015fa0                __umoddi3@GLIBC_2.0
 *fill*         0x0000000000015fd3        0xd 90909090
 .text          0x0000000000015fe0       0x51 /home/yang/omniplay/eglibc-2.15/build/elf/rtld-libc.a(rtld-closedir.os)
                0x0000000000015fe0                __closedir
                0x0000000000015fe0                closedir
 *fill*         0x0000000000016031        0xf 90909090
 .text          0x0000000000016040       0x8d /home/yang/omniplay/eglibc-2.15/build/elf/rtld-libc.a(rtld-readdir.os)
                0x0000000000016040                readdir
                0x0000000000016040                __readdir
 *fill*         0x00000000000160cd        0x3 90909090
 .text          0x00000000000160d0       0x55 /home/yang/omniplay/eglibc-2.15/build/elf/rtld-libc.a(rtld-rewinddir.os)
                0x00000000000160d0                rewinddir
 *fill*         0x0000000000016125        0xb 90909090
 .text          0x0000000000016130       0x96 /home/yang/omniplay/eglibc-2.15/build/elf/rtld-libc.a(rtld-getdents.os)
                0x0000000000016130                __getdents
 *fill*         0x00000000000161c6        0xa 90909090
 .text          0x00000000000161d0       0xad /home/yang/omniplay/eglibc-2.15/build/elf/rtld-libc.a(rtld-fdopendir.os)
                0x00000000000161d0                fdopendir
                0x00000000000161d0                __fdopendir
 *fill*         0x000000000001627d        0x3 90909090
 .text          0x0000000000016280      0x150 /home/yang/omniplay/eglibc-2.15/build/elf/rtld-libc.a(rtld-profil.os)
                0x00000000000162d0                __profil
                0x00000000000162d0                profil
 .text          0x00000000000163d0       0x12 /home/yang/omniplay/eglibc-2.15/build/elf/rtld-libc.a(rtld-prof-freq.os)
                0x00000000000163d0                __profile_frequency
 *fill*         0x00000000000163e2        0xe 90909090
 .text          0x00000000000163f0       0x35 /home/yang/omniplay/eglibc-2.15/build/elf/rtld-libc.a(rtld-xstat64.os)
                0x00000000000163f0                ___xstat64
                0x00000000000163f0                __xstat64
                0x00000000000163f0                __GI___xstat64
 *fill*         0x0000000000016425        0xb 90909090
 .text          0x0000000000016430       0x35 /home/yang/omniplay/eglibc-2.15/build/elf/rtld-libc.a(rtld-fxstat64.os)
                0x0000000000016430                ___fxstat64
                0x0000000000016430                __GI___fxstat64
                0x0000000000016430                __fxstat64
 *fill*         0x0000000000016465        0xb 90909090
 .text          0x0000000000016470       0x35 /home/yang/omniplay/eglibc-2.15/build/elf/rtld-libc.a(rtld-lxstat64.os)
                0x0000000000016470                ___lxstat64
                0x0000000000016470                __lxstat64
                0x0000000000016470                __GI___lxstat64
 *fill*         0x00000000000164a5        0xb 90909090
 .text          0x00000000000164b0       0x37 /home/yang/omniplay/eglibc-2.15/build/elf/rtld-libc.a(rtld-open.os)
                0x00000000000164b0                __open
                0x00000000000164b0                __libc_open
                0x00000000000164b0                open
 *fill*         0x00000000000164e7        0x9 90909090
 .text          0x00000000000164f0       0x31 /home/yang/omniplay/eglibc-2.15/build/elf/rtld-libc.a(rtld-close.os)
                0x00000000000164f0                __libc_close
                0x00000000000164f0                __close
                0x00000000000164f0                close
 *fill*         0x0000000000016521        0xf 90909090
 .text          0x0000000000016530       0x37 /home/yang/omniplay/eglibc-2.15/build/elf/rtld-libc.a(rtld-read.os)
                0x0000000000016530                __read
                0x0000000000016530                __libc_read
                0x0000000000016530                read
 *fill*         0x0000000000016567        0x9 90909090
 .text          0x0000000000016570       0x37 /home/yang/omniplay/eglibc-2.15/build/elf/rtld-libc.a(rtld-write.os)
                0x0000000000016570                __write
                0x0000000000016570                write
                0x0000000000016570                __libc_write
 *fill*         0x00000000000165a7        0x9 90909090
 .text          0x00000000000165b0       0x37 /home/yang/omniplay/eglibc-2.15/build/elf/rtld-libc.a(rtld-lseek.os)
                0x00000000000165b0                lseek
                0x00000000000165b0                __lseek
                0x00000000000165b0                __libc_lseek
 *fill*         0x00000000000165e7        0x9 90909090
 .text          0x00000000000165f0       0x35 /home/yang/omniplay/eglibc-2.15/build/elf/rtld-libc.a(rtld-access.os)
                0x00000000000165f0                access
                0x00000000000165f0                __access
 *fill*         0x0000000000016625        0xb 90909090
 .text          0x0000000000016630       0x4b /home/yang/omniplay/eglibc-2.15/build/elf/rtld-libc.a(rtld-fcntl.os)
                0x0000000000016630                __libc_fcntl
                0x0000000000016630                __fcntl
                0x0000000000016630                fcntl
 *fill*         0x000000000001667b        0x5 90909090
 .text          0x0000000000016680       0x59 /home/yang/omniplay/eglibc-2.15/build/elf/rtld-libc.a(rtld-mmap.os)
                0x0000000000016680                __mmap
                0x0000000000016680                mmap
 *fill*         0x00000000000166d9        0x7 90909090
 .text          0x00000000000166e0       0x35 /home/yang/omniplay/eglibc-2.15/build/elf/rtld-libc.a(rtld-munmap.os)
                0x00000000000166e0                munmap
                0x00000000000166e0                __munmap
 *fill*         0x0000000000016715        0xb 90909090
 .text          0x0000000000016720       0x37 /home/yang/omniplay/eglibc-2.15/build/elf/rtld-libc.a(rtld-mprotect.os)
                0x0000000000016720                __mprotect
                0x0000000000016720                mprotect
 *fill*         0x0000000000016757        0x9 90909090
 .text          0x0000000000016760       0x31 /home/yang/omniplay/eglibc-2.15/build/elf/rtld-libc.a(rtld-uname.os)
                0x0000000000016760                uname
                0x0000000000016760                __uname
 *fill*         0x0000000000016791        0x3 90909090
 .text          0x0000000000016794       0x13 /home/yang/omniplay/eglibc-2.15/build/elf/rtld-libc.a(rtld-_exit.os)
                0x0000000000016794                _Exit
                0x0000000000016794                _exit
 *fill*         0x00000000000167a7        0x9 90909090
 .text          0x00000000000167b0        0x8 /home/yang/omniplay/eglibc-2.15/build/elf/rtld-libc.a(rtld-getpid.os)
                0x00000000000167b0                __getpid
                0x00000000000167b0                getpid
 .text          0x00000000000167b8        0x0 /home/yang/omniplay/eglibc-2.15/build/elf/rtld-libc.a(rtld-environ.os)
 *fill*         0x00000000000167b8        0x8 90909090
 .text          0x00000000000167c0       0x1f /home/yang/omniplay/eglibc-2.15/build/elf/rtld-libc.a(rtld-setjmp.os)
                0x00000000000167c0                __sigsetjmp
 *fill*         0x00000000000167df        0x1 90909090
 .text          0x00000000000167e0       0x1b /home/yang/omniplay/eglibc-2.15/build/elf/rtld-libc.a(rtld-__longjmp.os)
                0x00000000000167e0                __longjmp
 *fill*         0x00000000000167fb        0x5 90909090
 .text          0x0000000000016800      0x197 /home/yang/omniplay/eglibc-2.15/build/elf/rtld-libc.a(rtld-sigaction.os)
                0x0000000000016810                __libc_sigaction
                0x0000000000016950                sigaction
                0x0000000000016950                __sigaction
 *fill*         0x0000000000016997        0x9 90909090
 .text          0x00000000000169a0      0x1be /home/yang/omniplay/eglibc-2.15/build/elf/rtld-libc.a(rtld-strchr.os)
                0x00000000000169a0                index
                0x00000000000169a0                strchr
 *fill*         0x0000000000016b5e        0x2 90909090
 .text          0x0000000000016b60       0x25 /home/yang/omniplay/eglibc-2.15/build/elf/rtld-libc.a(rtld-strcmp.os)
                0x0000000000016b60                strcmp
 *fill*         0x0000000000016b85        0xb 90909090
 .text          0x0000000000016b90       0x8b /home/yang/omniplay/eglibc-2.15/build/elf/rtld-libc.a(rtld-strcpy.os)
                0x0000000000016b90                strcpy
 *fill*         0x0000000000016c1b        0x5 90909090
 .text          0x0000000000016c20       0xbb /home/yang/omniplay/eglibc-2.15/build/elf/rtld-libc.a(rtld-strlen.os)
                0x0000000000016c20                strlen
 *fill*         0x0000000000016cdb        0x5 90909090
 .text          0x0000000000016ce0       0x96 /home/yang/omniplay/eglibc-2.15/build/elf/rtld-libc.a(rtld-strnlen.os)
                0x0000000000016ce0                __strnlen
                0x0000000000016ce0                strnlen
                0x0000000000016ce0                __GI_strnlen
 *fill*         0x0000000000016d76        0xa 90909090
 .text          0x0000000000016d80      0x19b /home/yang/omniplay/eglibc-2.15/build/elf/rtld-libc.a(rtld-memchr.os)
                0x0000000000016d80                memchr
                0x0000000000016d80                __memchr
                0x0000000000016d80                __ubp_memchr
 *fill*         0x0000000000016f1b        0x5 90909090
 .text          0x0000000000016f20      0x2d3 /home/yang/omniplay/eglibc-2.15/build/elf/rtld-libc.a(rtld-memcmp.os)
                0x0000000000016f20                bcmp
                0x0000000000016f20                memcmp
 *fill*         0x00000000000171f3        0xd 90909090
 .text          0x0000000000017200       0x58 /home/yang/omniplay/eglibc-2.15/build/elf/rtld-libc.a(rtld-memmove.os)
                0x0000000000017200                memmove
 *fill*         0x0000000000017258        0x8 90909090
 .text          0x0000000000017260       0x43 /home/yang/omniplay/eglibc-2.15/build/elf/rtld-libc.a(rtld-memset.os)
                0x0000000000017260                memset
 *fill*         0x00000000000172a3        0xd 90909090
 .text          0x00000000000172b0       0x22 /home/yang/omniplay/eglibc-2.15/build/elf/rtld-libc.a(rtld-mempcpy.os)
                0x00000000000172b0                mempcpy
                0x00000000000172b0                __mempcpy
 *fill*         0x00000000000172d2        0xe 90909090
 .text          0x00000000000172e0       0x8f /home/yang/omniplay/eglibc-2.15/build/elf/rtld-libc.a(rtld-stpcpy.os)
                0x00000000000172e0                stpcpy
                0x00000000000172e0                __stpcpy
 *fill*         0x000000000001736f        0x1 90909090
 .text          0x0000000000017370       0x65 /home/yang/omniplay/eglibc-2.15/build/elf/rtld-libc.a(rtld-memcpy.os)
                0x0000000000017370                memcpy
 *fill*         0x00000000000173d5        0xb 90909090
 .text          0x00000000000173e0       0xc6 /home/yang/omniplay/eglibc-2.15/build/elf/rtld-libc.a(rtld-rawmemchr.os)
                0x00000000000173e0                __rawmemchr
                0x00000000000173e0                rawmemchr
 *fill*         0x00000000000174a6        0xa 90909090
 .text          0x00000000000174b0       0x37 /home/yang/omniplay/eglibc-2.15/build/elf/rtld-libc.a(rtld-setitimer.os)
                0x00000000000174b0                setitimer
                0x00000000000174b0                __setitimer
 *(.gnu.warning)

.text.unlikely  0x0000000000000000      0x645
 .text.unlikely
                0x0000000000000000      0x645 /home/yang/omniplay/eglibc-2.15/build/elf/dl-allobjs.os

.text.__i686.get_pc_thunk.cx
                0x0000000000000000        0x4
 .text.__i686.get_pc_thunk.cx
                0x0000000000000000        0x4 /home/yang/omniplay/eglibc-2.15/build/elf/dl-allobjs.os
                0x0000000000000000                __i686.get_pc_thunk.cx

.text.__i686.get_pc_thunk.bx
                0x0000000000000000        0x4
 .text.__i686.get_pc_thunk.bx
                0x0000000000000000        0x4 /home/yang/omniplay/eglibc-2.15/build/elf/dl-allobjs.os
                0x0000000000000000                __i686.get_pc_thunk.bx

.fini
 *(.fini)

.rodata         0x0000000000000000      0xca0
 *(.rodata)
 .rodata        0x0000000000000000      0xc20 /home/yang/omniplay/eglibc-2.15/build/elf/dl-allobjs.os
                0x0000000000000c10                _itoa_lower_digits_internal
 .rodata        0x0000000000000c20       0x80 /home/yang/omniplay/eglibc-2.15/build/elf/rtld-libc.a(rtld-memcmp.os)

.rodata.str1.4  0x0000000000000000     0x202d
 .rodata.str1.4
                0x0000000000000000     0x202d /home/yang/omniplay/eglibc-2.15/build/elf/dl-allobjs.os

.rodata.str1.1  0x0000000000000000     0x12da
 .rodata.str1.1
                0x0000000000000000     0x12c6 /home/yang/omniplay/eglibc-2.15/build/elf/dl-allobjs.os
 .rodata.str1.1
                0x00000000000012c6       0x14 /home/yang/omniplay/eglibc-2.15/build/elf/rtld-libc.a(rtld-check_fds.os)

.rodata.str1.32
                0x0000000000000000       0x7b
 .rodata.str1.32
                0x0000000000000000       0x7b /home/yang/omniplay/eglibc-2.15/build/elf/dl-allobjs.os

.rodata.cst4    0x0000000000000000        0x4
 .rodata.cst4   0x0000000000000000        0x4 /home/yang/omniplay/eglibc-2.15/build/elf/dl-allobjs.os

.rodata1
 *(.rodata1)

.eh_frame_hdr
 *(.eh_frame_hdr)

.eh_frame       0x0000000000000000     0x2fa4
 *(.eh_frame)
 .eh_frame      0x0000000000000000     0x23f4 /home/yang/omniplay/eglibc-2.15/build/elf/dl-allobjs.os
 .eh_frame      0x00000000000023f4       0x6c /home/yang/omniplay/eglibc-2.15/build/elf/rtld-libc.a(rtld-check_fds.os)
 .eh_frame      0x0000000000002460       0xcc /home/yang/omniplay/eglibc-2.15/build/elf/rtld-libc.a(rtld-divdi3.os)
 .eh_frame      0x000000000000252c       0x50 /home/yang/omniplay/eglibc-2.15/build/elf/rtld-libc.a(rtld-closedir.os)
 .eh_frame      0x000000000000257c       0x6c /home/yang/omniplay/eglibc-2.15/build/elf/rtld-libc.a(rtld-readdir.os)
 .eh_frame      0x00000000000025e8       0x4c /home/yang/omniplay/eglibc-2.15/build/elf/rtld-libc.a(rtld-rewinddir.os)
 .eh_frame      0x0000000000002634       0x6c /home/yang/omniplay/eglibc-2.15/build/elf/rtld-libc.a(rtld-getdents.os)
 .eh_frame      0x00000000000026a0       0x54 /home/yang/omniplay/eglibc-2.15/build/elf/rtld-libc.a(rtld-fdopendir.os)
 .eh_frame      0x00000000000026f4       0x70 /home/yang/omniplay/eglibc-2.15/build/elf/rtld-libc.a(rtld-profil.os)
 .eh_frame      0x0000000000002764       0x40 /home/yang/omniplay/eglibc-2.15/build/elf/rtld-libc.a(rtld-prof-freq.os)
 .eh_frame      0x00000000000027a4       0x50 /home/yang/omniplay/eglibc-2.15/build/elf/rtld-libc.a(rtld-xstat64.os)
 .eh_frame      0x00000000000027f4       0x50 /home/yang/omniplay/eglibc-2.15/build/elf/rtld-libc.a(rtld-fxstat64.os)
 .eh_frame      0x0000000000002844       0x50 /home/yang/omniplay/eglibc-2.15/build/elf/rtld-libc.a(rtld-lxstat64.os)
 .eh_frame      0x0000000000002894       0x34 /home/yang/omniplay/eglibc-2.15/build/elf/rtld-libc.a(rtld-open.os)
 .eh_frame      0x00000000000028c8       0x2c /home/yang/omniplay/eglibc-2.15/build/elf/rtld-libc.a(rtld-close.os)
 .eh_frame      0x00000000000028f4       0x34 /home/yang/omniplay/eglibc-2.15/build/elf/rtld-libc.a(rtld-read.os)
 .eh_frame      0x0000000000002928       0x34 /home/yang/omniplay/eglibc-2.15/build/elf/rtld-libc.a(rtld-write.os)
 .eh_frame      0x000000000000295c       0x34 /home/yang/omniplay/eglibc-2.15/build/elf/rtld-libc.a(rtld-lseek.os)
 .eh_frame      0x0000000000002990       0x2c /home/yang/omniplay/eglibc-2.15/build/elf/rtld-libc.a(rtld-access.os)
 .eh_frame      0x00000000000029bc       0x50 /home/yang/omniplay/eglibc-2.15/build/elf/rtld-libc.a(rtld-fcntl.os)
 .eh_frame      0x0000000000002a0c       0x54 /home/yang/omniplay/eglibc-2.15/build/elf/rtld-libc.a(rtld-mmap.os)
 .eh_frame      0x0000000000002a60       0x2c /home/yang/omniplay/eglibc-2.15/build/elf/rtld-libc.a(rtld-munmap.os)
 .eh_frame      0x0000000000002a8c       0x34 /home/yang/omniplay/eglibc-2.15/build/elf/rtld-libc.a(rtld-mprotect.os)
 .eh_frame      0x0000000000002ac0       0x2c /home/yang/omniplay/eglibc-2.15/build/elf/rtld-libc.a(rtld-uname.os)
 .eh_frame      0x0000000000002aec       0x2c /home/yang/omniplay/eglibc-2.15/build/elf/rtld-libc.a(rtld-getpid.os)
 .eh_frame      0x0000000000002b18       0x2c /home/yang/omniplay/eglibc-2.15/build/elf/rtld-libc.a(rtld-setjmp.os)
 .eh_frame      0x0000000000002b44       0x2c /home/yang/omniplay/eglibc-2.15/build/elf/rtld-libc.a(rtld-__longjmp.os)
 .eh_frame      0x0000000000002b70       0x7c /home/yang/omniplay/eglibc-2.15/build/elf/rtld-libc.a(rtld-sigaction.os)
 .eh_frame      0x0000000000002bec       0x68 /home/yang/omniplay/eglibc-2.15/build/elf/rtld-libc.a(rtld-strchr.os)
 .eh_frame      0x0000000000002c54       0x2c /home/yang/omniplay/eglibc-2.15/build/elf/rtld-libc.a(rtld-strcmp.os)
 .eh_frame      0x0000000000002c80       0x50 /home/yang/omniplay/eglibc-2.15/build/elf/rtld-libc.a(rtld-strcpy.os)
 .eh_frame      0x0000000000002cd0       0x2c /home/yang/omniplay/eglibc-2.15/build/elf/rtld-libc.a(rtld-strlen.os)
 .eh_frame      0x0000000000002cfc       0x40 /home/yang/omniplay/eglibc-2.15/build/elf/rtld-libc.a(rtld-strnlen.os)
 .eh_frame      0x0000000000002d3c       0x40 /home/yang/omniplay/eglibc-2.15/build/elf/rtld-libc.a(rtld-memchr.os)
 .eh_frame      0x0000000000002d7c       0x90 /home/yang/omniplay/eglibc-2.15/build/elf/rtld-libc.a(rtld-memcmp.os)
 .eh_frame      0x0000000000002e0c       0x48 /home/yang/omniplay/eglibc-2.15/build/elf/rtld-libc.a(rtld-memmove.os)
 .eh_frame      0x0000000000002e54       0x34 /home/yang/omniplay/eglibc-2.15/build/elf/rtld-libc.a(rtld-memset.os)
 .eh_frame      0x0000000000002e88       0x38 /home/yang/omniplay/eglibc-2.15/build/elf/rtld-libc.a(rtld-mempcpy.os)
 .eh_frame      0x0000000000002ec0       0x50 /home/yang/omniplay/eglibc-2.15/build/elf/rtld-libc.a(rtld-stpcpy.os)
 .eh_frame      0x0000000000002f10       0x2c /home/yang/omniplay/eglibc-2.15/build/elf/rtld-libc.a(rtld-memcpy.os)
 .eh_frame      0x0000000000002f3c       0x34 /home/yang/omniplay/eglibc-2.15/build/elf/rtld-libc.a(rtld-rawmemchr.os)
 .eh_frame      0x0000000000002f70       0x34 /home/yang/omniplay/eglibc-2.15/build/elf/rtld-libc.a(rtld-setitimer.os)

.gcc_except_table
 *(.gcc_except_table .gcc_except_table.*)

.exception_ranges
 *(.exception_ranges .exception_ranges*)

.eh_frame
 *(.eh_frame)

.gcc_except_table
 *(.gcc_except_table .gcc_except_table.*)

.exception_ranges
 *(.exception_ranges .exception_ranges*)

.tdata
 *(.tdata)

.tbss
 *(.tbss)

.preinit_array
 *(.preinit_array)

.jcr
 *(.jcr)

.dynamic
 *(.dynamic)

.got
 *(.got)
 *(.igot)

.got.plt
 *(.got.plt)
 *(.igot.plt)

.data           0x0000000000000000      0x830
 *(.data)
 .data          0x0000000000000000      0x830 /home/yang/omniplay/eglibc-2.15/build/elf/dl-allobjs.os
                0x0000000000000000                _rtld_global
                0x0000000000000000                _rtld_local
 .data          0x0000000000000830        0x0 /home/yang/omniplay/eglibc-2.15/build/elf/rtld-libc.a(rtld-check_fds.os)
 .data          0x0000000000000830        0x0 /home/yang/omniplay/eglibc-2.15/build/elf/rtld-libc.a(rtld-errno.os)
 .data          0x0000000000000830        0x0 /home/yang/omniplay/eglibc-2.15/build/elf/rtld-libc.a(rtld-divdi3.os)
 .data          0x0000000000000830        0x0 /home/yang/omniplay/eglibc-2.15/build/elf/rtld-libc.a(rtld-closedir.os)
 .data          0x0000000000000830        0x0 /home/yang/omniplay/eglibc-2.15/build/elf/rtld-libc.a(rtld-readdir.os)
 .data          0x0000000000000830        0x0 /home/yang/omniplay/eglibc-2.15/build/elf/rtld-libc.a(rtld-rewinddir.os)
 .data          0x0000000000000830        0x0 /home/yang/omniplay/eglibc-2.15/build/elf/rtld-libc.a(rtld-getdents.os)
 .data          0x0000000000000830        0x0 /home/yang/omniplay/eglibc-2.15/build/elf/rtld-libc.a(rtld-fdopendir.os)
 .data          0x0000000000000830        0x0 /home/yang/omniplay/eglibc-2.15/build/elf/rtld-libc.a(rtld-profil.os)
 .data          0x0000000000000830        0x0 /home/yang/omniplay/eglibc-2.15/build/elf/rtld-libc.a(rtld-prof-freq.os)
 .data          0x0000000000000830        0x0 /home/yang/omniplay/eglibc-2.15/build/elf/rtld-libc.a(rtld-xstat64.os)
 .data          0x0000000000000830        0x0 /home/yang/omniplay/eglibc-2.15/build/elf/rtld-libc.a(rtld-fxstat64.os)
 .data          0x0000000000000830        0x0 /home/yang/omniplay/eglibc-2.15/build/elf/rtld-libc.a(rtld-lxstat64.os)
 .data          0x0000000000000830        0x0 /home/yang/omniplay/eglibc-2.15/build/elf/rtld-libc.a(rtld-open.os)
 .data          0x0000000000000830        0x0 /home/yang/omniplay/eglibc-2.15/build/elf/rtld-libc.a(rtld-close.os)
 .data          0x0000000000000830        0x0 /home/yang/omniplay/eglibc-2.15/build/elf/rtld-libc.a(rtld-read.os)
 .data          0x0000000000000830        0x0 /home/yang/omniplay/eglibc-2.15/build/elf/rtld-libc.a(rtld-write.os)
 .data          0x0000000000000830        0x0 /home/yang/omniplay/eglibc-2.15/build/elf/rtld-libc.a(rtld-lseek.os)
 .data          0x0000000000000830        0x0 /home/yang/omniplay/eglibc-2.15/build/elf/rtld-libc.a(rtld-access.os)
 .data          0x0000000000000830        0x0 /home/yang/omniplay/eglibc-2.15/build/elf/rtld-libc.a(rtld-fcntl.os)
 .data          0x0000000000000830        0x0 /home/yang/omniplay/eglibc-2.15/build/elf/rtld-libc.a(rtld-mmap.os)
 .data          0x0000000000000830        0x0 /home/yang/omniplay/eglibc-2.15/build/elf/rtld-libc.a(rtld-munmap.os)
 .data          0x0000000000000830        0x0 /home/yang/omniplay/eglibc-2.15/build/elf/rtld-libc.a(rtld-mprotect.os)
 .data          0x0000000000000830        0x0 /home/yang/omniplay/eglibc-2.15/build/elf/rtld-libc.a(rtld-uname.os)
 .data          0x0000000000000830        0x0 /home/yang/omniplay/eglibc-2.15/build/elf/rtld-libc.a(rtld-_exit.os)
 .data          0x0000000000000830        0x0 /home/yang/omniplay/eglibc-2.15/build/elf/rtld-libc.a(rtld-getpid.os)
 .data          0x0000000000000830        0x0 /home/yang/omniplay/eglibc-2.15/build/elf/rtld-libc.a(rtld-environ.os)
 .data          0x0000000000000830        0x0 /home/yang/omniplay/eglibc-2.15/build/elf/rtld-libc.a(rtld-setjmp.os)
 .data          0x0000000000000830        0x0 /home/yang/omniplay/eglibc-2.15/build/elf/rtld-libc.a(rtld-__longjmp.os)
 .data          0x0000000000000830        0x0 /home/yang/omniplay/eglibc-2.15/build/elf/rtld-libc.a(rtld-sigaction.os)
 .data          0x0000000000000830        0x0 /home/yang/omniplay/eglibc-2.15/build/elf/rtld-libc.a(rtld-strchr.os)
 .data          0x0000000000000830        0x0 /home/yang/omniplay/eglibc-2.15/build/elf/rtld-libc.a(rtld-strcmp.os)
 .data          0x0000000000000830        0x0 /home/yang/omniplay/eglibc-2.15/build/elf/rtld-libc.a(rtld-strcpy.os)
 .data          0x0000000000000830        0x0 /home/yang/omniplay/eglibc-2.15/build/elf/rtld-libc.a(rtld-strlen.os)
 .data          0x0000000000000830        0x0 /home/yang/omniplay/eglibc-2.15/build/elf/rtld-libc.a(rtld-strnlen.os)
 .data          0x0000000000000830        0x0 /home/yang/omniplay/eglibc-2.15/build/elf/rtld-libc.a(rtld-memchr.os)
 .data          0x0000000000000830        0x0 /home/yang/omniplay/eglibc-2.15/build/elf/rtld-libc.a(rtld-memcmp.os)
 .data          0x0000000000000830        0x0 /home/yang/omniplay/eglibc-2.15/build/elf/rtld-libc.a(rtld-memmove.os)
 .data          0x0000000000000830        0x0 /home/yang/omniplay/eglibc-2.15/build/elf/rtld-libc.a(rtld-memset.os)
 .data          0x0000000000000830        0x0 /home/yang/omniplay/eglibc-2.15/build/elf/rtld-libc.a(rtld-mempcpy.os)
 .data          0x0000000000000830        0x0 /home/yang/omniplay/eglibc-2.15/build/elf/rtld-libc.a(rtld-stpcpy.os)
 .data          0x0000000000000830        0x0 /home/yang/omniplay/eglibc-2.15/build/elf/rtld-libc.a(rtld-memcpy.os)
 .data          0x0000000000000830        0x0 /home/yang/omniplay/eglibc-2.15/build/elf/rtld-libc.a(rtld-rawmemchr.os)
 .data          0x0000000000000830        0x0 /home/yang/omniplay/eglibc-2.15/build/elf/rtld-libc.a(rtld-setitimer.os)

.data.rel.ro    0x0000000000000000      0x25c
 .data.rel.ro   0x0000000000000000      0x25c /home/yang/omniplay/eglibc-2.15/build/elf/dl-allobjs.os
                0x0000000000000000                _rtld_global_ro
                0x0000000000000000                _rtld_local_ro
                0x00000000000001bc                __pointer_chk_guard_local
                0x00000000000001c0                _dl_skip_args
                0x00000000000001c4                _dl_argv_internal
                0x00000000000001c4                _dl_argv
                0x00000000000001c8                _dl_argc
                0x000000000000022c                __stack_prot
                0x000000000000024c                _dl_random
                0x0000000000000250                __libc_stack_end
                0x0000000000000250                __GI___libc_stack_end
                0x0000000000000254                __libc_enable_secure_internal
                0x0000000000000254                __libc_enable_secure

.data1
 *(.data1)

.bss            0x0000000000000000       0xa8
 *(.dynbss)
 *(.bss)
 .bss           0x0000000000000000       0x94 /home/yang/omniplay/eglibc-2.15/build/elf/dl-allobjs.os
                0x0000000000000080                __libc_multiple_libcs
                0x0000000000000090                ___brk_addr
                0x0000000000000090                __curbrk
 .bss           0x0000000000000094        0x0 /home/yang/omniplay/eglibc-2.15/build/elf/rtld-libc.a(rtld-check_fds.os)
 .bss           0x0000000000000094        0x0 /home/yang/omniplay/eglibc-2.15/build/elf/rtld-libc.a(rtld-errno.os)
 .bss           0x0000000000000094        0x0 /home/yang/omniplay/eglibc-2.15/build/elf/rtld-libc.a(rtld-divdi3.os)
 .bss           0x0000000000000094        0x0 /home/yang/omniplay/eglibc-2.15/build/elf/rtld-libc.a(rtld-closedir.os)
 .bss           0x0000000000000094        0x0 /home/yang/omniplay/eglibc-2.15/build/elf/rtld-libc.a(rtld-readdir.os)
 .bss           0x0000000000000094        0x0 /home/yang/omniplay/eglibc-2.15/build/elf/rtld-libc.a(rtld-rewinddir.os)
 .bss           0x0000000000000094        0x0 /home/yang/omniplay/eglibc-2.15/build/elf/rtld-libc.a(rtld-getdents.os)
 .bss           0x0000000000000094        0x0 /home/yang/omniplay/eglibc-2.15/build/elf/rtld-libc.a(rtld-fdopendir.os)
 .bss           0x0000000000000094       0x10 /home/yang/omniplay/eglibc-2.15/build/elf/rtld-libc.a(rtld-profil.os)
 .bss           0x00000000000000a4        0x0 /home/yang/omniplay/eglibc-2.15/build/elf/rtld-libc.a(rtld-prof-freq.os)
 .bss           0x00000000000000a4        0x0 /home/yang/omniplay/eglibc-2.15/build/elf/rtld-libc.a(rtld-xstat64.os)
 .bss           0x00000000000000a4        0x0 /home/yang/omniplay/eglibc-2.15/build/elf/rtld-libc.a(rtld-fxstat64.os)
 .bss           0x00000000000000a4        0x0 /home/yang/omniplay/eglibc-2.15/build/elf/rtld-libc.a(rtld-lxstat64.os)
 .bss           0x00000000000000a4        0x0 /home/yang/omniplay/eglibc-2.15/build/elf/rtld-libc.a(rtld-open.os)
 .bss           0x00000000000000a4        0x0 /home/yang/omniplay/eglibc-2.15/build/elf/rtld-libc.a(rtld-close.os)
 .bss           0x00000000000000a4        0x0 /home/yang/omniplay/eglibc-2.15/build/elf/rtld-libc.a(rtld-read.os)
 .bss           0x00000000000000a4        0x0 /home/yang/omniplay/eglibc-2.15/build/elf/rtld-libc.a(rtld-write.os)
 .bss           0x00000000000000a4        0x0 /home/yang/omniplay/eglibc-2.15/build/elf/rtld-libc.a(rtld-lseek.os)
 .bss           0x00000000000000a4        0x0 /home/yang/omniplay/eglibc-2.15/build/elf/rtld-libc.a(rtld-access.os)
 .bss           0x00000000000000a4        0x0 /home/yang/omniplay/eglibc-2.15/build/elf/rtld-libc.a(rtld-fcntl.os)
 .bss           0x00000000000000a4        0x0 /home/yang/omniplay/eglibc-2.15/build/elf/rtld-libc.a(rtld-mmap.os)
 .bss           0x00000000000000a4        0x0 /home/yang/omniplay/eglibc-2.15/build/elf/rtld-libc.a(rtld-munmap.os)
 .bss           0x00000000000000a4        0x0 /home/yang/omniplay/eglibc-2.15/build/elf/rtld-libc.a(rtld-mprotect.os)
 .bss           0x00000000000000a4        0x0 /home/yang/omniplay/eglibc-2.15/build/elf/rtld-libc.a(rtld-uname.os)
 .bss           0x00000000000000a4        0x0 /home/yang/omniplay/eglibc-2.15/build/elf/rtld-libc.a(rtld-_exit.os)
 .bss           0x00000000000000a4        0x0 /home/yang/omniplay/eglibc-2.15/build/elf/rtld-libc.a(rtld-getpid.os)
 .bss           0x00000000000000a4        0x4 /home/yang/omniplay/eglibc-2.15/build/elf/rtld-libc.a(rtld-environ.os)
                0x00000000000000a4                _environ
                0x00000000000000a4                __environ
                0x00000000000000a4                environ
 .bss           0x00000000000000a8        0x0 /home/yang/omniplay/eglibc-2.15/build/elf/rtld-libc.a(rtld-setjmp.os)
 .bss           0x00000000000000a8        0x0 /home/yang/omniplay/eglibc-2.15/build/elf/rtld-libc.a(rtld-__longjmp.os)
 .bss           0x00000000000000a8        0x0 /home/yang/omniplay/eglibc-2.15/build/elf/rtld-libc.a(rtld-sigaction.os)
 .bss           0x00000000000000a8        0x0 /home/yang/omniplay/eglibc-2.15/build/elf/rtld-libc.a(rtld-strchr.os)
 .bss           0x00000000000000a8        0x0 /home/yang/omniplay/eglibc-2.15/build/elf/rtld-libc.a(rtld-strcmp.os)
 .bss           0x00000000000000a8        0x0 /home/yang/omniplay/eglibc-2.15/build/elf/rtld-libc.a(rtld-strcpy.os)
 .bss           0x00000000000000a8        0x0 /home/yang/omniplay/eglibc-2.15/build/elf/rtld-libc.a(rtld-strlen.os)
 .bss           0x00000000000000a8        0x0 /home/yang/omniplay/eglibc-2.15/build/elf/rtld-libc.a(rtld-strnlen.os)
 .bss           0x00000000000000a8        0x0 /home/yang/omniplay/eglibc-2.15/build/elf/rtld-libc.a(rtld-memchr.os)
 .bss           0x00000000000000a8        0x0 /home/yang/omniplay/eglibc-2.15/build/elf/rtld-libc.a(rtld-memcmp.os)
 .bss           0x00000000000000a8        0x0 /home/yang/omniplay/eglibc-2.15/build/elf/rtld-libc.a(rtld-memmove.os)
 .bss           0x00000000000000a8        0x0 /home/yang/omniplay/eglibc-2.15/build/elf/rtld-libc.a(rtld-memset.os)
 .bss           0x00000000000000a8        0x0 /home/yang/omniplay/eglibc-2.15/build/elf/rtld-libc.a(rtld-mempcpy.os)
 .bss           0x00000000000000a8        0x0 /home/yang/omniplay/eglibc-2.15/build/elf/rtld-libc.a(rtld-stpcpy.os)
 .bss           0x00000000000000a8        0x0 /home/yang/omniplay/eglibc-2.15/build/elf/rtld-libc.a(rtld-memcpy.os)
 .bss           0x00000000000000a8        0x0 /home/yang/omniplay/eglibc-2.15/build/elf/rtld-libc.a(rtld-rawmemchr.os)
 .bss           0x00000000000000a8        0x0 /home/yang/omniplay/eglibc-2.15/build/elf/rtld-libc.a(rtld-setitimer.os)
 *(COMMON)
 COMMON         0x00000000000000a8        0x0 /home/yang/omniplay/eglibc-2.15/build/elf/dl-allobjs.os
 COMMON         0x00000000000000a8        0x0 /home/yang/omniplay/eglibc-2.15/build/elf/rtld-libc.a(rtld-errno.os)

.stab
 *(.stab)

.stabstr
 *(.stabstr)

.stab.excl
 *(.stab.excl)

.stab.exclstr
 *(.stab.exclstr)

.stab.index
 *(.stab.index)

.stab.indexstr
 *(.stab.indexstr)

.comment        0x0000000000000000      0x891
 *(.comment)
 .comment       0x0000000000000000      0x58b /home/yang/omniplay/eglibc-2.15/build/elf/dl-allobjs.os
 .comment       0x000000000000058b       0x2b /home/yang/omniplay/eglibc-2.15/build/elf/rtld-libc.a(rtld-check_fds.os)
 .comment       0x00000000000005b6       0x2b /home/yang/omniplay/eglibc-2.15/build/elf/rtld-libc.a(rtld-errno.os)
 .comment       0x00000000000005e1       0x2b /home/yang/omniplay/eglibc-2.15/build/elf/rtld-libc.a(rtld-divdi3.os)
 .comment       0x000000000000060c       0x2b /home/yang/omniplay/eglibc-2.15/build/elf/rtld-libc.a(rtld-closedir.os)
 .comment       0x0000000000000637       0x2b /home/yang/omniplay/eglibc-2.15/build/elf/rtld-libc.a(rtld-readdir.os)
 .comment       0x0000000000000662       0x2b /home/yang/omniplay/eglibc-2.15/build/elf/rtld-libc.a(rtld-rewinddir.os)
 .comment       0x000000000000068d       0x2b /home/yang/omniplay/eglibc-2.15/build/elf/rtld-libc.a(rtld-getdents.os)
 .comment       0x00000000000006b8       0x2b /home/yang/omniplay/eglibc-2.15/build/elf/rtld-libc.a(rtld-fdopendir.os)
 .comment       0x00000000000006e3       0x2b /home/yang/omniplay/eglibc-2.15/build/elf/rtld-libc.a(rtld-profil.os)
 .comment       0x000000000000070e       0x2b /home/yang/omniplay/eglibc-2.15/build/elf/rtld-libc.a(rtld-prof-freq.os)
 .comment       0x0000000000000739       0x2b /home/yang/omniplay/eglibc-2.15/build/elf/rtld-libc.a(rtld-xstat64.os)
 .comment       0x0000000000000764       0x2b /home/yang/omniplay/eglibc-2.15/build/elf/rtld-libc.a(rtld-fxstat64.os)
 .comment       0x000000000000078f       0x2b /home/yang/omniplay/eglibc-2.15/build/elf/rtld-libc.a(rtld-lxstat64.os)
 .comment       0x00000000000007ba       0x2b /home/yang/omniplay/eglibc-2.15/build/elf/rtld-libc.a(rtld-fcntl.os)
 .comment       0x00000000000007e5       0x2b /home/yang/omniplay/eglibc-2.15/build/elf/rtld-libc.a(rtld-getpid.os)
 .comment       0x0000000000000810       0x2b /home/yang/omniplay/eglibc-2.15/build/elf/rtld-libc.a(rtld-environ.os)
 .comment       0x000000000000083b       0x2b /home/yang/omniplay/eglibc-2.15/build/elf/rtld-libc.a(rtld-sigaction.os)
 .comment       0x0000000000000866       0x2b /home/yang/omniplay/eglibc-2.15/build/elf/rtld-libc.a(rtld-strnlen.os)

.group          0x0000000000000000        0x8
 .group         0x0000000000000000        0x8 /home/yang/omniplay/eglibc-2.15/build/elf/dl-allobjs.os

.group          0x0000000000000000        0x8
 .group         0x0000000000000000        0x8 /home/yang/omniplay/eglibc-2.15/build/elf/dl-allobjs.os

.note.GNU-stack
                0x0000000000000000        0x0
 .note.GNU-stack
                0x0000000000000000        0x0 /home/yang/omniplay/eglibc-2.15/build/elf/dl-allobjs.os
 .note.GNU-stack
                0x0000000000000000        0x0 /home/yang/omniplay/eglibc-2.15/build/elf/rtld-libc.a(rtld-check_fds.os)
 .note.GNU-stack
                0x0000000000000000        0x0 /home/yang/omniplay/eglibc-2.15/build/elf/rtld-libc.a(rtld-errno.os)
 .note.GNU-stack
                0x0000000000000000        0x0 /home/yang/omniplay/eglibc-2.15/build/elf/rtld-libc.a(rtld-divdi3.os)
 .note.GNU-stack
                0x0000000000000000        0x0 /home/yang/omniplay/eglibc-2.15/build/elf/rtld-libc.a(rtld-closedir.os)
 .note.GNU-stack
                0x0000000000000000        0x0 /home/yang/omniplay/eglibc-2.15/build/elf/rtld-libc.a(rtld-readdir.os)
 .note.GNU-stack
                0x0000000000000000        0x0 /home/yang/omniplay/eglibc-2.15/build/elf/rtld-libc.a(rtld-rewinddir.os)
 .note.GNU-stack
                0x0000000000000000        0x0 /home/yang/omniplay/eglibc-2.15/build/elf/rtld-libc.a(rtld-getdents.os)
 .note.GNU-stack
                0x0000000000000000        0x0 /home/yang/omniplay/eglibc-2.15/build/elf/rtld-libc.a(rtld-fdopendir.os)
 .note.GNU-stack
                0x0000000000000000        0x0 /home/yang/omniplay/eglibc-2.15/build/elf/rtld-libc.a(rtld-profil.os)
 .note.GNU-stack
                0x0000000000000000        0x0 /home/yang/omniplay/eglibc-2.15/build/elf/rtld-libc.a(rtld-prof-freq.os)
 .note.GNU-stack
                0x0000000000000000        0x0 /home/yang/omniplay/eglibc-2.15/build/elf/rtld-libc.a(rtld-xstat64.os)
 .note.GNU-stack
                0x0000000000000000        0x0 /home/yang/omniplay/eglibc-2.15/build/elf/rtld-libc.a(rtld-fxstat64.os)
 .note.GNU-stack
                0x0000000000000000        0x0 /home/yang/omniplay/eglibc-2.15/build/elf/rtld-libc.a(rtld-lxstat64.os)
 .note.GNU-stack
                0x0000000000000000        0x0 /home/yang/omniplay/eglibc-2.15/build/elf/rtld-libc.a(rtld-open.os)
 .note.GNU-stack
                0x0000000000000000        0x0 /home/yang/omniplay/eglibc-2.15/build/elf/rtld-libc.a(rtld-close.os)
 .note.GNU-stack
                0x0000000000000000        0x0 /home/yang/omniplay/eglibc-2.15/build/elf/rtld-libc.a(rtld-read.os)
 .note.GNU-stack
                0x0000000000000000        0x0 /home/yang/omniplay/eglibc-2.15/build/elf/rtld-libc.a(rtld-write.os)
 .note.GNU-stack
                0x0000000000000000        0x0 /home/yang/omniplay/eglibc-2.15/build/elf/rtld-libc.a(rtld-lseek.os)
 .note.GNU-stack
                0x0000000000000000        0x0 /home/yang/omniplay/eglibc-2.15/build/elf/rtld-libc.a(rtld-access.os)
 .note.GNU-stack
                0x0000000000000000        0x0 /home/yang/omniplay/eglibc-2.15/build/elf/rtld-libc.a(rtld-fcntl.os)
 .note.GNU-stack
                0x0000000000000000        0x0 /home/yang/omniplay/eglibc-2.15/build/elf/rtld-libc.a(rtld-mmap.os)
 .note.GNU-stack
                0x0000000000000000        0x0 /home/yang/omniplay/eglibc-2.15/build/elf/rtld-libc.a(rtld-munmap.os)
 .note.GNU-stack
                0x0000000000000000        0x0 /home/yang/omniplay/eglibc-2.15/build/elf/rtld-libc.a(rtld-mprotect.os)
 .note.GNU-stack
                0x0000000000000000        0x0 /home/yang/omniplay/eglibc-2.15/build/elf/rtld-libc.a(rtld-uname.os)
 .note.GNU-stack
                0x0000000000000000        0x0 /home/yang/omniplay/eglibc-2.15/build/elf/rtld-libc.a(rtld-_exit.os)
 .note.GNU-stack
                0x0000000000000000        0x0 /home/yang/omniplay/eglibc-2.15/build/elf/rtld-libc.a(rtld-getpid.os)
 .note.GNU-stack
                0x0000000000000000        0x0 /home/yang/omniplay/eglibc-2.15/build/elf/rtld-libc.a(rtld-environ.os)
 .note.GNU-stack
                0x0000000000000000        0x0 /home/yang/omniplay/eglibc-2.15/build/elf/rtld-libc.a(rtld-setjmp.os)
 .note.GNU-stack
                0x0000000000000000        0x0 /home/yang/omniplay/eglibc-2.15/build/elf/rtld-libc.a(rtld-__longjmp.os)
 .note.GNU-stack
                0x0000000000000000        0x0 /home/yang/omniplay/eglibc-2.15/build/elf/rtld-libc.a(rtld-sigaction.os)
 .note.GNU-stack
                0x0000000000000000        0x0 /home/yang/omniplay/eglibc-2.15/build/elf/rtld-libc.a(rtld-strchr.os)
 .note.GNU-stack
                0x0000000000000000        0x0 /home/yang/omniplay/eglibc-2.15/build/elf/rtld-libc.a(rtld-strcmp.os)
 .note.GNU-stack
                0x0000000000000000        0x0 /home/yang/omniplay/eglibc-2.15/build/elf/rtld-libc.a(rtld-strcpy.os)
 .note.GNU-stack
                0x0000000000000000        0x0 /home/yang/omniplay/eglibc-2.15/build/elf/rtld-libc.a(rtld-strlen.os)
 .note.GNU-stack
                0x0000000000000000        0x0 /home/yang/omniplay/eglibc-2.15/build/elf/rtld-libc.a(rtld-strnlen.os)
 .note.GNU-stack
                0x0000000000000000        0x0 /home/yang/omniplay/eglibc-2.15/build/elf/rtld-libc.a(rtld-memchr.os)
 .note.GNU-stack
                0x0000000000000000        0x0 /home/yang/omniplay/eglibc-2.15/build/elf/rtld-libc.a(rtld-memcmp.os)
 .note.GNU-stack
                0x0000000000000000        0x0 /home/yang/omniplay/eglibc-2.15/build/elf/rtld-libc.a(rtld-memmove.os)
 .note.GNU-stack
                0x0000000000000000        0x0 /home/yang/omniplay/eglibc-2.15/build/elf/rtld-libc.a(rtld-memset.os)
 .note.GNU-stack
                0x0000000000000000        0x0 /home/yang/omniplay/eglibc-2.15/build/elf/rtld-libc.a(rtld-mempcpy.os)
 .note.GNU-stack
                0x0000000000000000        0x0 /home/yang/omniplay/eglibc-2.15/build/elf/rtld-libc.a(rtld-stpcpy.os)
 .note.GNU-stack
                0x0000000000000000        0x0 /home/yang/omniplay/eglibc-2.15/build/elf/rtld-libc.a(rtld-memcpy.os)
 .note.GNU-stack
                0x0000000000000000        0x0 /home/yang/omniplay/eglibc-2.15/build/elf/rtld-libc.a(rtld-rawmemchr.os)
 .note.GNU-stack
                0x0000000000000000        0x0 /home/yang/omniplay/eglibc-2.15/build/elf/rtld-libc.a(rtld-setitimer.os)

.debug
 *(.debug)

.line
 *(.line)

.debug_srcinfo
 *(.debug_srcinfo)

.debug_sfnames
 *(.debug_sfnames)

.debug_aranges  0x0000000000000000      0xa60
 *(.debug_aranges)
 .debug_aranges
                0x0000000000000000      0x4c0 /home/yang/omniplay/eglibc-2.15/build/elf/dl-allobjs.os
 .debug_aranges
                0x00000000000004c0       0x20 /home/yang/omniplay/eglibc-2.15/build/elf/rtld-libc.a(rtld-check_fds.os)
 .debug_aranges
                0x00000000000004e0       0x20 /home/yang/omniplay/eglibc-2.15/build/elf/rtld-libc.a(rtld-divdi3.os)
 .debug_aranges
                0x0000000000000500       0x20 /home/yang/omniplay/eglibc-2.15/build/elf/rtld-libc.a(rtld-closedir.os)
 .debug_aranges
                0x0000000000000520       0x20 /home/yang/omniplay/eglibc-2.15/build/elf/rtld-libc.a(rtld-readdir.os)
 .debug_aranges
                0x0000000000000540       0x20 /home/yang/omniplay/eglibc-2.15/build/elf/rtld-libc.a(rtld-rewinddir.os)
 .debug_aranges
                0x0000000000000560       0x20 /home/yang/omniplay/eglibc-2.15/build/elf/rtld-libc.a(rtld-getdents.os)
 .debug_aranges
                0x0000000000000580       0x20 /home/yang/omniplay/eglibc-2.15/build/elf/rtld-libc.a(rtld-fdopendir.os)
 .debug_aranges
                0x00000000000005a0       0x20 /home/yang/omniplay/eglibc-2.15/build/elf/rtld-libc.a(rtld-profil.os)
 .debug_aranges
                0x00000000000005c0       0x20 /home/yang/omniplay/eglibc-2.15/build/elf/rtld-libc.a(rtld-prof-freq.os)
 .debug_aranges
                0x00000000000005e0       0x20 /home/yang/omniplay/eglibc-2.15/build/elf/rtld-libc.a(rtld-xstat64.os)
 .debug_aranges
                0x0000000000000600       0x20 /home/yang/omniplay/eglibc-2.15/build/elf/rtld-libc.a(rtld-fxstat64.os)
 .debug_aranges
                0x0000000000000620       0x20 /home/yang/omniplay/eglibc-2.15/build/elf/rtld-libc.a(rtld-lxstat64.os)
 .debug_aranges
                0x0000000000000640       0x28 /home/yang/omniplay/eglibc-2.15/build/elf/rtld-libc.a(rtld-open.os)
 .debug_aranges
                0x0000000000000668       0x28 /home/yang/omniplay/eglibc-2.15/build/elf/rtld-libc.a(rtld-close.os)
 .debug_aranges
                0x0000000000000690       0x28 /home/yang/omniplay/eglibc-2.15/build/elf/rtld-libc.a(rtld-read.os)
 .debug_aranges
                0x00000000000006b8       0x28 /home/yang/omniplay/eglibc-2.15/build/elf/rtld-libc.a(rtld-write.os)
 .debug_aranges
                0x00000000000006e0       0x28 /home/yang/omniplay/eglibc-2.15/build/elf/rtld-libc.a(rtld-lseek.os)
 .debug_aranges
                0x0000000000000708       0x28 /home/yang/omniplay/eglibc-2.15/build/elf/rtld-libc.a(rtld-access.os)
 .debug_aranges
                0x0000000000000730       0x20 /home/yang/omniplay/eglibc-2.15/build/elf/rtld-libc.a(rtld-fcntl.os)
 .debug_aranges
                0x0000000000000750       0x28 /home/yang/omniplay/eglibc-2.15/build/elf/rtld-libc.a(rtld-mmap.os)
 .debug_aranges
                0x0000000000000778       0x28 /home/yang/omniplay/eglibc-2.15/build/elf/rtld-libc.a(rtld-munmap.os)
 .debug_aranges
                0x00000000000007a0       0x28 /home/yang/omniplay/eglibc-2.15/build/elf/rtld-libc.a(rtld-mprotect.os)
 .debug_aranges
                0x00000000000007c8       0x28 /home/yang/omniplay/eglibc-2.15/build/elf/rtld-libc.a(rtld-uname.os)
 .debug_aranges
                0x00000000000007f0       0x20 /home/yang/omniplay/eglibc-2.15/build/elf/rtld-libc.a(rtld-_exit.os)
 .debug_aranges
                0x0000000000000810       0x20 /home/yang/omniplay/eglibc-2.15/build/elf/rtld-libc.a(rtld-getpid.os)
 .debug_aranges
                0x0000000000000830       0x20 /home/yang/omniplay/eglibc-2.15/build/elf/rtld-libc.a(rtld-setjmp.os)
 .debug_aranges
                0x0000000000000850       0x20 /home/yang/omniplay/eglibc-2.15/build/elf/rtld-libc.a(rtld-__longjmp.os)
 .debug_aranges
                0x0000000000000870       0x20 /home/yang/omniplay/eglibc-2.15/build/elf/rtld-libc.a(rtld-sigaction.os)
 .debug_aranges
                0x0000000000000890       0x20 /home/yang/omniplay/eglibc-2.15/build/elf/rtld-libc.a(rtld-strchr.os)
 .debug_aranges
                0x00000000000008b0       0x20 /home/yang/omniplay/eglibc-2.15/build/elf/rtld-libc.a(rtld-strcmp.os)
 .debug_aranges
                0x00000000000008d0       0x20 /home/yang/omniplay/eglibc-2.15/build/elf/rtld-libc.a(rtld-strcpy.os)
 .debug_aranges
                0x00000000000008f0       0x20 /home/yang/omniplay/eglibc-2.15/build/elf/rtld-libc.a(rtld-strlen.os)
 .debug_aranges
                0x0000000000000910       0x20 /home/yang/omniplay/eglibc-2.15/build/elf/rtld-libc.a(rtld-strnlen.os)
 .debug_aranges
                0x0000000000000930       0x20 /home/yang/omniplay/eglibc-2.15/build/elf/rtld-libc.a(rtld-memchr.os)
 .debug_aranges
                0x0000000000000950       0x28 /home/yang/omniplay/eglibc-2.15/build/elf/rtld-libc.a(rtld-memcmp.os)
 .debug_aranges
                0x0000000000000978       0x20 /home/yang/omniplay/eglibc-2.15/build/elf/rtld-libc.a(rtld-memmove.os)
 .debug_aranges
                0x0000000000000998       0x20 /home/yang/omniplay/eglibc-2.15/build/elf/rtld-libc.a(rtld-memset.os)
 .debug_aranges
                0x00000000000009b8       0x20 /home/yang/omniplay/eglibc-2.15/build/elf/rtld-libc.a(rtld-mempcpy.os)
 .debug_aranges
                0x00000000000009d8       0x20 /home/yang/omniplay/eglibc-2.15/build/elf/rtld-libc.a(rtld-stpcpy.os)
 .debug_aranges
                0x00000000000009f8       0x20 /home/yang/omniplay/eglibc-2.15/build/elf/rtld-libc.a(rtld-memcpy.os)
 .debug_aranges
                0x0000000000000a18       0x20 /home/yang/omniplay/eglibc-2.15/build/elf/rtld-libc.a(rtld-rawmemchr.os)
 .debug_aranges
                0x0000000000000a38       0x28 /home/yang/omniplay/eglibc-2.15/build/elf/rtld-libc.a(rtld-setitimer.os)

.debug_pubnames
 *(.debug_pubnames)

.debug_info     0x0000000000000000    0x4cd2f
 *(.debug_info)
 .debug_info    0x0000000000000000    0x45878 /home/yang/omniplay/eglibc-2.15/build/elf/dl-allobjs.os
 .debug_info    0x0000000000045878      0x373 /home/yang/omniplay/eglibc-2.15/build/elf/rtld-libc.a(rtld-check_fds.os)
 .debug_info    0x0000000000045beb       0xbb /home/yang/omniplay/eglibc-2.15/build/elf/rtld-libc.a(rtld-errno.os)
 .debug_info    0x0000000000045ca6      0x32d /home/yang/omniplay/eglibc-2.15/build/elf/rtld-libc.a(rtld-divdi3.os)
 .debug_info    0x0000000000045fd3      0x295 /home/yang/omniplay/eglibc-2.15/build/elf/rtld-libc.a(rtld-closedir.os)
 .debug_info    0x0000000000046268      0x368 /home/yang/omniplay/eglibc-2.15/build/elf/rtld-libc.a(rtld-readdir.os)
 .debug_info    0x00000000000465d0      0x276 /home/yang/omniplay/eglibc-2.15/build/elf/rtld-libc.a(rtld-rewinddir.os)
 .debug_info    0x0000000000046846      0x2ca /home/yang/omniplay/eglibc-2.15/build/elf/rtld-libc.a(rtld-getdents.os)
 .debug_info    0x0000000000046b10      0x449 /home/yang/omniplay/eglibc-2.15/build/elf/rtld-libc.a(rtld-fdopendir.os)
 .debug_info    0x0000000000046f59      0xa16 /home/yang/omniplay/eglibc-2.15/build/elf/rtld-libc.a(rtld-profil.os)
 .debug_info    0x000000000004796f     0x1a9f /home/yang/omniplay/eglibc-2.15/build/elf/rtld-libc.a(rtld-prof-freq.os)
 .debug_info    0x000000000004940e      0x2ed /home/yang/omniplay/eglibc-2.15/build/elf/rtld-libc.a(rtld-xstat64.os)
 .debug_info    0x00000000000496fb      0x2e1 /home/yang/omniplay/eglibc-2.15/build/elf/rtld-libc.a(rtld-fxstat64.os)
 .debug_info    0x00000000000499dc      0x2ed /home/yang/omniplay/eglibc-2.15/build/elf/rtld-libc.a(rtld-lxstat64.os)
 .debug_info    0x0000000000049cc9       0x68 /home/yang/omniplay/eglibc-2.15/build/elf/rtld-libc.a(rtld-open.os)
 .debug_info    0x0000000000049d31       0x68 /home/yang/omniplay/eglibc-2.15/build/elf/rtld-libc.a(rtld-close.os)
 .debug_info    0x0000000000049d99       0x68 /home/yang/omniplay/eglibc-2.15/build/elf/rtld-libc.a(rtld-read.os)
 .debug_info    0x0000000000049e01       0x68 /home/yang/omniplay/eglibc-2.15/build/elf/rtld-libc.a(rtld-write.os)
 .debug_info    0x0000000000049e69       0x68 /home/yang/omniplay/eglibc-2.15/build/elf/rtld-libc.a(rtld-lseek.os)
 .debug_info    0x0000000000049ed1       0x68 /home/yang/omniplay/eglibc-2.15/build/elf/rtld-libc.a(rtld-access.os)
 .debug_info    0x0000000000049f39      0x22e /home/yang/omniplay/eglibc-2.15/build/elf/rtld-libc.a(rtld-fcntl.os)
 .debug_info    0x000000000004a167       0x6e /home/yang/omniplay/eglibc-2.15/build/elf/rtld-libc.a(rtld-mmap.os)
 .debug_info    0x000000000004a1d5       0x6a /home/yang/omniplay/eglibc-2.15/build/elf/rtld-libc.a(rtld-munmap.os)
 .debug_info    0x000000000004a23f       0x6a /home/yang/omniplay/eglibc-2.15/build/elf/rtld-libc.a(rtld-mprotect.os)
 .debug_info    0x000000000004a2a9       0x6b /home/yang/omniplay/eglibc-2.15/build/elf/rtld-libc.a(rtld-uname.os)
 .debug_info    0x000000000004a314       0x74 /home/yang/omniplay/eglibc-2.15/build/elf/rtld-libc.a(rtld-_exit.os)
 .debug_info    0x000000000004a388      0x101 /home/yang/omniplay/eglibc-2.15/build/elf/rtld-libc.a(rtld-getpid.os)
 .debug_info    0x000000000004a489       0xb5 /home/yang/omniplay/eglibc-2.15/build/elf/rtld-libc.a(rtld-environ.os)
 .debug_info    0x000000000004a53e       0x66 /home/yang/omniplay/eglibc-2.15/build/elf/rtld-libc.a(rtld-setjmp.os)
 .debug_info    0x000000000004a5a4       0x69 /home/yang/omniplay/eglibc-2.15/build/elf/rtld-libc.a(rtld-__longjmp.os)
 .debug_info    0x000000000004a60d     0x1f83 /home/yang/omniplay/eglibc-2.15/build/elf/rtld-libc.a(rtld-sigaction.os)
 .debug_info    0x000000000004c590       0x80 /home/yang/omniplay/eglibc-2.15/build/elf/rtld-libc.a(rtld-strchr.os)
 .debug_info    0x000000000004c610       0x78 /home/yang/omniplay/eglibc-2.15/build/elf/rtld-libc.a(rtld-strcmp.os)
 .debug_info    0x000000000004c688       0x80 /home/yang/omniplay/eglibc-2.15/build/elf/rtld-libc.a(rtld-strcpy.os)
 .debug_info    0x000000000004c708       0x80 /home/yang/omniplay/eglibc-2.15/build/elf/rtld-libc.a(rtld-strlen.os)
 .debug_info    0x000000000004c788      0x183 /home/yang/omniplay/eglibc-2.15/build/elf/rtld-libc.a(rtld-strnlen.os)
 .debug_info    0x000000000004c90b       0x7b /home/yang/omniplay/eglibc-2.15/build/elf/rtld-libc.a(rtld-memchr.os)
 .debug_info    0x000000000004c986       0x74 /home/yang/omniplay/eglibc-2.15/build/elf/rtld-libc.a(rtld-memcmp.os)
 .debug_info    0x000000000004c9fa       0x79 /home/yang/omniplay/eglibc-2.15/build/elf/rtld-libc.a(rtld-memmove.os)
 .debug_info    0x000000000004ca73       0x78 /home/yang/omniplay/eglibc-2.15/build/elf/rtld-libc.a(rtld-memset.os)
 .debug_info    0x000000000004caeb       0x79 /home/yang/omniplay/eglibc-2.15/build/elf/rtld-libc.a(rtld-mempcpy.os)
 .debug_info    0x000000000004cb64       0x6b /home/yang/omniplay/eglibc-2.15/build/elf/rtld-libc.a(rtld-stpcpy.os)
 .debug_info    0x000000000004cbcf       0x78 /home/yang/omniplay/eglibc-2.15/build/elf/rtld-libc.a(rtld-memcpy.os)
 .debug_info    0x000000000004cc47       0x7e /home/yang/omniplay/eglibc-2.15/build/elf/rtld-libc.a(rtld-rawmemchr.os)
 .debug_info    0x000000000004ccc5       0x6a /home/yang/omniplay/eglibc-2.15/build/elf/rtld-libc.a(rtld-setitimer.os)

.debug_abbrev   0x0000000000000000     0x78aa
 *(.debug_abbrev)
 .debug_abbrev  0x0000000000000000     0x626a /home/yang/omniplay/eglibc-2.15/build/elf/dl-allobjs.os
 .debug_abbrev  0x000000000000626a      0x143 /home/yang/omniplay/eglibc-2.15/build/elf/rtld-libc.a(rtld-check_fds.os)
 .debug_abbrev  0x00000000000063ad       0x61 /home/yang/omniplay/eglibc-2.15/build/elf/rtld-libc.a(rtld-errno.os)
 .debug_abbrev  0x000000000000640e      0x13c /home/yang/omniplay/eglibc-2.15/build/elf/rtld-libc.a(rtld-divdi3.os)
 .debug_abbrev  0x000000000000654a      0x10a /home/yang/omniplay/eglibc-2.15/build/elf/rtld-libc.a(rtld-closedir.os)
 .debug_abbrev  0x0000000000006654      0x12f /home/yang/omniplay/eglibc-2.15/build/elf/rtld-libc.a(rtld-readdir.os)
 .debug_abbrev  0x0000000000006783       0xf9 /home/yang/omniplay/eglibc-2.15/build/elf/rtld-libc.a(rtld-rewinddir.os)
 .debug_abbrev  0x000000000000687c      0x11e /home/yang/omniplay/eglibc-2.15/build/elf/rtld-libc.a(rtld-getdents.os)
 .debug_abbrev  0x000000000000699a      0x119 /home/yang/omniplay/eglibc-2.15/build/elf/rtld-libc.a(rtld-fdopendir.os)
 .debug_abbrev  0x0000000000006ab3      0x1fb /home/yang/omniplay/eglibc-2.15/build/elf/rtld-libc.a(rtld-profil.os)
 .debug_abbrev  0x0000000000006cae      0x1fd /home/yang/omniplay/eglibc-2.15/build/elf/rtld-libc.a(rtld-prof-freq.os)
 .debug_abbrev  0x0000000000006eab       0xd1 /home/yang/omniplay/eglibc-2.15/build/elf/rtld-libc.a(rtld-xstat64.os)
 .debug_abbrev  0x0000000000006f7c       0xd1 /home/yang/omniplay/eglibc-2.15/build/elf/rtld-libc.a(rtld-fxstat64.os)
 .debug_abbrev  0x000000000000704d       0xd1 /home/yang/omniplay/eglibc-2.15/build/elf/rtld-libc.a(rtld-lxstat64.os)
 .debug_abbrev  0x000000000000711e       0x12 /home/yang/omniplay/eglibc-2.15/build/elf/rtld-libc.a(rtld-open.os)
 .debug_abbrev  0x0000000000007130       0x12 /home/yang/omniplay/eglibc-2.15/build/elf/rtld-libc.a(rtld-close.os)
 .debug_abbrev  0x0000000000007142       0x12 /home/yang/omniplay/eglibc-2.15/build/elf/rtld-libc.a(rtld-read.os)
 .debug_abbrev  0x0000000000007154       0x12 /home/yang/omniplay/eglibc-2.15/build/elf/rtld-libc.a(rtld-write.os)
 .debug_abbrev  0x0000000000007166       0x12 /home/yang/omniplay/eglibc-2.15/build/elf/rtld-libc.a(rtld-lseek.os)
 .debug_abbrev  0x0000000000007178       0x12 /home/yang/omniplay/eglibc-2.15/build/elf/rtld-libc.a(rtld-access.os)
 .debug_abbrev  0x000000000000718a      0x131 /home/yang/omniplay/eglibc-2.15/build/elf/rtld-libc.a(rtld-fcntl.os)
 .debug_abbrev  0x00000000000072bb       0x12 /home/yang/omniplay/eglibc-2.15/build/elf/rtld-libc.a(rtld-mmap.os)
 .debug_abbrev  0x00000000000072cd       0x12 /home/yang/omniplay/eglibc-2.15/build/elf/rtld-libc.a(rtld-munmap.os)
 .debug_abbrev  0x00000000000072df       0x12 /home/yang/omniplay/eglibc-2.15/build/elf/rtld-libc.a(rtld-mprotect.os)
 .debug_abbrev  0x00000000000072f1       0x12 /home/yang/omniplay/eglibc-2.15/build/elf/rtld-libc.a(rtld-uname.os)
 .debug_abbrev  0x0000000000007303       0x14 /home/yang/omniplay/eglibc-2.15/build/elf/rtld-libc.a(rtld-_exit.os)
 .debug_abbrev  0x0000000000007317       0x9b /home/yang/omniplay/eglibc-2.15/build/elf/rtld-libc.a(rtld-getpid.os)
 .debug_abbrev  0x00000000000073b2       0x44 /home/yang/omniplay/eglibc-2.15/build/elf/rtld-libc.a(rtld-environ.os)
 .debug_abbrev  0x00000000000073f6       0x14 /home/yang/omniplay/eglibc-2.15/build/elf/rtld-libc.a(rtld-setjmp.os)
 .debug_abbrev  0x000000000000740a       0x14 /home/yang/omniplay/eglibc-2.15/build/elf/rtld-libc.a(rtld-__longjmp.os)
 .debug_abbrev  0x000000000000741e      0x28b /home/yang/omniplay/eglibc-2.15/build/elf/rtld-libc.a(rtld-sigaction.os)
 .debug_abbrev  0x00000000000076a9       0x14 /home/yang/omniplay/eglibc-2.15/build/elf/rtld-libc.a(rtld-strchr.os)
 .debug_abbrev  0x00000000000076bd       0x14 /home/yang/omniplay/eglibc-2.15/build/elf/rtld-libc.a(rtld-strcmp.os)
 .debug_abbrev  0x00000000000076d1       0x14 /home/yang/omniplay/eglibc-2.15/build/elf/rtld-libc.a(rtld-strcpy.os)
 .debug_abbrev  0x00000000000076e5       0x14 /home/yang/omniplay/eglibc-2.15/build/elf/rtld-libc.a(rtld-strlen.os)
 .debug_abbrev  0x00000000000076f9      0x101 /home/yang/omniplay/eglibc-2.15/build/elf/rtld-libc.a(rtld-strnlen.os)
 .debug_abbrev  0x00000000000077fa       0x14 /home/yang/omniplay/eglibc-2.15/build/elf/rtld-libc.a(rtld-memchr.os)
 .debug_abbrev  0x000000000000780e       0x12 /home/yang/omniplay/eglibc-2.15/build/elf/rtld-libc.a(rtld-memcmp.os)
 .debug_abbrev  0x0000000000007820       0x14 /home/yang/omniplay/eglibc-2.15/build/elf/rtld-libc.a(rtld-memmove.os)
 .debug_abbrev  0x0000000000007834       0x14 /home/yang/omniplay/eglibc-2.15/build/elf/rtld-libc.a(rtld-memset.os)
 .debug_abbrev  0x0000000000007848       0x14 /home/yang/omniplay/eglibc-2.15/build/elf/rtld-libc.a(rtld-mempcpy.os)
 .debug_abbrev  0x000000000000785c       0x14 /home/yang/omniplay/eglibc-2.15/build/elf/rtld-libc.a(rtld-stpcpy.os)
 .debug_abbrev  0x0000000000007870       0x14 /home/yang/omniplay/eglibc-2.15/build/elf/rtld-libc.a(rtld-memcpy.os)
 .debug_abbrev  0x0000000000007884       0x14 /home/yang/omniplay/eglibc-2.15/build/elf/rtld-libc.a(rtld-rawmemchr.os)
 .debug_abbrev  0x0000000000007898       0x12 /home/yang/omniplay/eglibc-2.15/build/elf/rtld-libc.a(rtld-setitimer.os)

.debug_line     0x0000000000000000     0xb92b
 *(.debug_line)
 .debug_line    0x0000000000000000     0x9482 /home/yang/omniplay/eglibc-2.15/build/elf/dl-allobjs.os
 .debug_line    0x0000000000009482      0x12e /home/yang/omniplay/eglibc-2.15/build/elf/rtld-libc.a(rtld-check_fds.os)
 .debug_line    0x00000000000095b0       0x43 /home/yang/omniplay/eglibc-2.15/build/elf/rtld-libc.a(rtld-errno.os)
 .debug_line    0x00000000000095f3       0xfd /home/yang/omniplay/eglibc-2.15/build/elf/rtld-libc.a(rtld-divdi3.os)
 .debug_line    0x00000000000096f0      0x173 /home/yang/omniplay/eglibc-2.15/build/elf/rtld-libc.a(rtld-closedir.os)
 .debug_line    0x0000000000009863      0x1ce /home/yang/omniplay/eglibc-2.15/build/elf/rtld-libc.a(rtld-readdir.os)
 .debug_line    0x0000000000009a31      0x15c /home/yang/omniplay/eglibc-2.15/build/elf/rtld-libc.a(rtld-rewinddir.os)
 .debug_line    0x0000000000009b8d      0x17e /home/yang/omniplay/eglibc-2.15/build/elf/rtld-libc.a(rtld-getdents.os)
 .debug_line    0x0000000000009d0b      0x1b7 /home/yang/omniplay/eglibc-2.15/build/elf/rtld-libc.a(rtld-fdopendir.os)
 .debug_line    0x0000000000009ec2      0x228 /home/yang/omniplay/eglibc-2.15/build/elf/rtld-libc.a(rtld-profil.os)
 .debug_line    0x000000000000a0ea      0x1a5 /home/yang/omniplay/eglibc-2.15/build/elf/rtld-libc.a(rtld-prof-freq.os)
 .debug_line    0x000000000000a28f       0xed /home/yang/omniplay/eglibc-2.15/build/elf/rtld-libc.a(rtld-xstat64.os)
 .debug_line    0x000000000000a37c       0xee /home/yang/omniplay/eglibc-2.15/build/elf/rtld-libc.a(rtld-fxstat64.os)
 .debug_line    0x000000000000a46a       0xee /home/yang/omniplay/eglibc-2.15/build/elf/rtld-libc.a(rtld-lxstat64.os)
 .debug_line    0x000000000000a558       0x65 /home/yang/omniplay/eglibc-2.15/build/elf/rtld-libc.a(rtld-open.os)
 .debug_line    0x000000000000a5bd       0x65 /home/yang/omniplay/eglibc-2.15/build/elf/rtld-libc.a(rtld-close.os)
 .debug_line    0x000000000000a622       0x65 /home/yang/omniplay/eglibc-2.15/build/elf/rtld-libc.a(rtld-read.os)
 .debug_line    0x000000000000a687       0x65 /home/yang/omniplay/eglibc-2.15/build/elf/rtld-libc.a(rtld-write.os)
 .debug_line    0x000000000000a6ec       0x65 /home/yang/omniplay/eglibc-2.15/build/elf/rtld-libc.a(rtld-lseek.os)
 .debug_line    0x000000000000a751       0x65 /home/yang/omniplay/eglibc-2.15/build/elf/rtld-libc.a(rtld-access.os)
 .debug_line    0x000000000000a7b6      0x176 /home/yang/omniplay/eglibc-2.15/build/elf/rtld-libc.a(rtld-fcntl.os)
 .debug_line    0x000000000000a92c       0x7e /home/yang/omniplay/eglibc-2.15/build/elf/rtld-libc.a(rtld-mmap.os)
 .debug_line    0x000000000000a9aa       0x65 /home/yang/omniplay/eglibc-2.15/build/elf/rtld-libc.a(rtld-munmap.os)
 .debug_line    0x000000000000aa0f       0x65 /home/yang/omniplay/eglibc-2.15/build/elf/rtld-libc.a(rtld-mprotect.os)
 .debug_line    0x000000000000aa74       0x65 /home/yang/omniplay/eglibc-2.15/build/elf/rtld-libc.a(rtld-uname.os)
 .debug_line    0x000000000000aad9       0x5c /home/yang/omniplay/eglibc-2.15/build/elf/rtld-libc.a(rtld-_exit.os)
 .debug_line    0x000000000000ab35       0x9d /home/yang/omniplay/eglibc-2.15/build/elf/rtld-libc.a(rtld-getpid.os)
 .debug_line    0x000000000000abd2       0x2a /home/yang/omniplay/eglibc-2.15/build/elf/rtld-libc.a(rtld-environ.os)
 .debug_line    0x000000000000abfc       0x52 /home/yang/omniplay/eglibc-2.15/build/elf/rtld-libc.a(rtld-setjmp.os)
 .debug_line    0x000000000000ac4e       0x53 /home/yang/omniplay/eglibc-2.15/build/elf/rtld-libc.a(rtld-__longjmp.os)
 .debug_line    0x000000000000aca1      0x334 /home/yang/omniplay/eglibc-2.15/build/elf/rtld-libc.a(rtld-sigaction.os)
 .debug_line    0x000000000000afd5      0x104 /home/yang/omniplay/eglibc-2.15/build/elf/rtld-libc.a(rtld-strchr.os)
 .debug_line    0x000000000000b0d9       0x6a /home/yang/omniplay/eglibc-2.15/build/elf/rtld-libc.a(rtld-strcmp.os)
 .debug_line    0x000000000000b143       0xa1 /home/yang/omniplay/eglibc-2.15/build/elf/rtld-libc.a(rtld-strcpy.os)
 .debug_line    0x000000000000b1e4       0xa6 /home/yang/omniplay/eglibc-2.15/build/elf/rtld-libc.a(rtld-strlen.os)
 .debug_line    0x000000000000b28a       0xdd /home/yang/omniplay/eglibc-2.15/build/elf/rtld-libc.a(rtld-strnlen.os)
 .debug_line    0x000000000000b367       0xee /home/yang/omniplay/eglibc-2.15/build/elf/rtld-libc.a(rtld-memchr.os)
 .debug_line    0x000000000000b455      0x144 /home/yang/omniplay/eglibc-2.15/build/elf/rtld-libc.a(rtld-memcmp.os)
 .debug_line    0x000000000000b599       0x84 /home/yang/omniplay/eglibc-2.15/build/elf/rtld-libc.a(rtld-memmove.os)
 .debug_line    0x000000000000b61d       0x79 /home/yang/omniplay/eglibc-2.15/build/elf/rtld-libc.a(rtld-memset.os)
 .debug_line    0x000000000000b696       0x6b /home/yang/omniplay/eglibc-2.15/build/elf/rtld-libc.a(rtld-mempcpy.os)
 .debug_line    0x000000000000b701       0x8e /home/yang/omniplay/eglibc-2.15/build/elf/rtld-libc.a(rtld-stpcpy.os)
 .debug_line    0x000000000000b78f       0x88 /home/yang/omniplay/eglibc-2.15/build/elf/rtld-libc.a(rtld-memcpy.os)
 .debug_line    0x000000000000b817       0xaf /home/yang/omniplay/eglibc-2.15/build/elf/rtld-libc.a(rtld-rawmemchr.os)
 .debug_line    0x000000000000b8c6       0x65 /home/yang/omniplay/eglibc-2.15/build/elf/rtld-libc.a(rtld-setitimer.os)

.debug_frame
 *(.debug_frame)

.debug_str      0x0000000000000000    0x2a2de
 *(.debug_str)
 .debug_str     0x0000000000000000    0x25f62 /home/yang/omniplay/eglibc-2.15/build/elf/dl-allobjs.os
 .debug_str     0x0000000000025f62      0x289 /home/yang/omniplay/eglibc-2.15/build/elf/rtld-libc.a(rtld-check_fds.os)
 .debug_str     0x00000000000261eb      0x10a /home/yang/omniplay/eglibc-2.15/build/elf/rtld-libc.a(rtld-errno.os)
 .debug_str     0x00000000000262f5      0x140 /home/yang/omniplay/eglibc-2.15/build/elf/rtld-libc.a(rtld-divdi3.os)
 .debug_str     0x0000000000026435      0x228 /home/yang/omniplay/eglibc-2.15/build/elf/rtld-libc.a(rtld-closedir.os)
 .debug_str     0x000000000002665d      0x28b /home/yang/omniplay/eglibc-2.15/build/elf/rtld-libc.a(rtld-readdir.os)
 .debug_str     0x00000000000268e8      0x21d /home/yang/omniplay/eglibc-2.15/build/elf/rtld-libc.a(rtld-rewinddir.os)
 .debug_str     0x0000000000026b05      0x1fe /home/yang/omniplay/eglibc-2.15/build/elf/rtld-libc.a(rtld-getdents.os)
 .debug_str     0x0000000000026d03      0x350 /home/yang/omniplay/eglibc-2.15/build/elf/rtld-libc.a(rtld-fdopendir.os)
 .debug_str     0x0000000000027053      0x51b /home/yang/omniplay/eglibc-2.15/build/elf/rtld-libc.a(rtld-profil.os)
 .debug_str     0x000000000002756e      0xf21 /home/yang/omniplay/eglibc-2.15/build/elf/rtld-libc.a(rtld-prof-freq.os)
 .debug_str     0x000000000002848f      0x269 /home/yang/omniplay/eglibc-2.15/build/elf/rtld-libc.a(rtld-xstat64.os)
 .debug_str     0x00000000000286f8      0x266 /home/yang/omniplay/eglibc-2.15/build/elf/rtld-libc.a(rtld-fxstat64.os)
 .debug_str     0x000000000002895e      0x26b /home/yang/omniplay/eglibc-2.15/build/elf/rtld-libc.a(rtld-lxstat64.os)
 .debug_str     0x0000000000028bc9      0x20b /home/yang/omniplay/eglibc-2.15/build/elf/rtld-libc.a(rtld-fcntl.os)
 .debug_str     0x0000000000028dd4      0x14a /home/yang/omniplay/eglibc-2.15/build/elf/rtld-libc.a(rtld-getpid.os)
 .debug_str     0x0000000000028f1e       0xe0 /home/yang/omniplay/eglibc-2.15/build/elf/rtld-libc.a(rtld-environ.os)
 .debug_str     0x0000000000028ffe     0x1179 /home/yang/omniplay/eglibc-2.15/build/elf/rtld-libc.a(rtld-sigaction.os)
 .debug_str     0x000000000002a177      0x167 /home/yang/omniplay/eglibc-2.15/build/elf/rtld-libc.a(rtld-strnlen.os)

.debug_loc      0x0000000000000000    0x17bda
 *(.debug_loc)
 .debug_loc     0x0000000000000000    0x16a0a /home/yang/omniplay/eglibc-2.15/build/elf/dl-allobjs.os
 .debug_loc     0x0000000000016a0a      0x100 /home/yang/omniplay/eglibc-2.15/build/elf/rtld-libc.a(rtld-check_fds.os)
 .debug_loc     0x0000000000016b0a      0x6b1 /home/yang/omniplay/eglibc-2.15/build/elf/rtld-libc.a(rtld-divdi3.os)
 .debug_loc     0x00000000000171bb       0x58 /home/yang/omniplay/eglibc-2.15/build/elf/rtld-libc.a(rtld-closedir.os)
 .debug_loc     0x0000000000017213      0x126 /home/yang/omniplay/eglibc-2.15/build/elf/rtld-libc.a(rtld-readdir.os)
 .debug_loc     0x0000000000017339       0x2c /home/yang/omniplay/eglibc-2.15/build/elf/rtld-libc.a(rtld-rewinddir.os)
 .debug_loc     0x0000000000017365      0x1ea /home/yang/omniplay/eglibc-2.15/build/elf/rtld-libc.a(rtld-getdents.os)
 .debug_loc     0x000000000001754f       0x63 /home/yang/omniplay/eglibc-2.15/build/elf/rtld-libc.a(rtld-fdopendir.os)
 .debug_loc     0x00000000000175b2       0xc6 /home/yang/omniplay/eglibc-2.15/build/elf/rtld-libc.a(rtld-profil.os)
 .debug_loc     0x0000000000017678       0xbc /home/yang/omniplay/eglibc-2.15/build/elf/rtld-libc.a(rtld-xstat64.os)
 .debug_loc     0x0000000000017734       0xbc /home/yang/omniplay/eglibc-2.15/build/elf/rtld-libc.a(rtld-fxstat64.os)
 .debug_loc     0x00000000000177f0       0xbc /home/yang/omniplay/eglibc-2.15/build/elf/rtld-libc.a(rtld-lxstat64.os)
 .debug_loc     0x00000000000178ac       0x92 /home/yang/omniplay/eglibc-2.15/build/elf/rtld-libc.a(rtld-fcntl.os)
 .debug_loc     0x000000000001793e      0x10f /home/yang/omniplay/eglibc-2.15/build/elf/rtld-libc.a(rtld-sigaction.os)
 .debug_loc     0x0000000000017a4d      0x18d /home/yang/omniplay/eglibc-2.15/build/elf/rtld-libc.a(rtld-strnlen.os)

.debug_macinfo
 *(.debug_macinfo)

.debug_weaknames
 *(.debug_weaknames)

.debug_funcnames
 *(.debug_funcnames)

.debug_typenames
 *(.debug_typenames)

.debug_varnames
 *(.debug_varnames)

.debug_pubtypes
 *(.debug_pubtypes)

.debug_ranges   0x0000000000000000     0x42c8
 *(.debug_ranges)
 .debug_ranges  0x0000000000000000     0x3f28 /home/yang/omniplay/eglibc-2.15/build/elf/dl-allobjs.os
 .debug_ranges  0x0000000000003f28       0x18 /home/yang/omniplay/eglibc-2.15/build/elf/rtld-libc.a(rtld-divdi3.os)
 .debug_ranges  0x0000000000003f40       0x58 /home/yang/omniplay/eglibc-2.15/build/elf/rtld-libc.a(rtld-readdir.os)
 .debug_ranges  0x0000000000003f98       0x68 /home/yang/omniplay/eglibc-2.15/build/elf/rtld-libc.a(rtld-getdents.os)
 .debug_ranges  0x0000000000004000       0x38 /home/yang/omniplay/eglibc-2.15/build/elf/rtld-libc.a(rtld-xstat64.os)
 .debug_ranges  0x0000000000004038       0x38 /home/yang/omniplay/eglibc-2.15/build/elf/rtld-libc.a(rtld-fxstat64.os)
 .debug_ranges  0x0000000000004070       0x38 /home/yang/omniplay/eglibc-2.15/build/elf/rtld-libc.a(rtld-lxstat64.os)
 .debug_ranges  0x00000000000040a8       0x20 /home/yang/omniplay/eglibc-2.15/build/elf/rtld-libc.a(rtld-open.os)
 .debug_ranges  0x00000000000040c8       0x20 /home/yang/omniplay/eglibc-2.15/build/elf/rtld-libc.a(rtld-close.os)
 .debug_ranges  0x00000000000040e8       0x20 /home/yang/omniplay/eglibc-2.15/build/elf/rtld-libc.a(rtld-read.os)
 .debug_ranges  0x0000000000004108       0x20 /home/yang/omniplay/eglibc-2.15/build/elf/rtld-libc.a(rtld-write.os)
 .debug_ranges  0x0000000000004128       0x20 /home/yang/omniplay/eglibc-2.15/build/elf/rtld-libc.a(rtld-lseek.os)
 .debug_ranges  0x0000000000004148       0x20 /home/yang/omniplay/eglibc-2.15/build/elf/rtld-libc.a(rtld-access.os)
 .debug_ranges  0x0000000000004168       0x48 /home/yang/omniplay/eglibc-2.15/build/elf/rtld-libc.a(rtld-fcntl.os)
 .debug_ranges  0x00000000000041b0       0x20 /home/yang/omniplay/eglibc-2.15/build/elf/rtld-libc.a(rtld-mmap.os)
 .debug_ranges  0x00000000000041d0       0x20 /home/yang/omniplay/eglibc-2.15/build/elf/rtld-libc.a(rtld-munmap.os)
 .debug_ranges  0x00000000000041f0       0x20 /home/yang/omniplay/eglibc-2.15/build/elf/rtld-libc.a(rtld-mprotect.os)
 .debug_ranges  0x0000000000004210       0x20 /home/yang/omniplay/eglibc-2.15/build/elf/rtld-libc.a(rtld-uname.os)
 .debug_ranges  0x0000000000004230       0x40 /home/yang/omniplay/eglibc-2.15/build/elf/rtld-libc.a(rtld-sigaction.os)
 .debug_ranges  0x0000000000004270       0x18 /home/yang/omniplay/eglibc-2.15/build/elf/rtld-libc.a(rtld-strnlen.os)
 .debug_ranges  0x0000000000004288       0x20 /home/yang/omniplay/eglibc-2.15/build/elf/rtld-libc.a(rtld-memcmp.os)
 .debug_ranges  0x00000000000042a8       0x20 /home/yang/omniplay/eglibc-2.15/build/elf/rtld-libc.a(rtld-setitimer.os)

.gnu.attributes
 *(.gnu.attributes)
OUTPUT(/home/yang/omniplay/eglibc-2.15/build/elf/librtld.os elf32-i386)
