Archive member included because of file (symbol)

/home/yang/omniplay/eglibc-2.15/build/libc_pic.a(check_fds.os)
                              /home/yang/omniplay/eglibc-2.15/build/elf/dl-allobjs.os (__libc_check_standard_fds)
/home/yang/omniplay/eglibc-2.15/build/libc_pic.a(errno.os)
                              /home/yang/omniplay/eglibc-2.15/build/libc_pic.a(check_fds.os) (__libc_errno)
/home/yang/omniplay/eglibc-2.15/build/libc_pic.a(divdi3.os)
                              /home/yang/omniplay/eglibc-2.15/build/elf/dl-allobjs.os (__udivdi3)
/home/yang/omniplay/eglibc-2.15/build/libc_pic.a(setjmp.os)
                              /home/yang/omniplay/eglibc-2.15/build/elf/dl-allobjs.os (__sigsetjmp)
/home/yang/omniplay/eglibc-2.15/build/libc_pic.a(__longjmp.os)
                              /home/yang/omniplay/eglibc-2.15/build/elf/dl-allobjs.os (__longjmp)
/home/yang/omniplay/eglibc-2.15/build/libc_pic.a(strchr.os)
                              /home/yang/omniplay/eglibc-2.15/build/elf/dl-allobjs.os (strchr)
/home/yang/omniplay/eglibc-2.15/build/libc_pic.a(strcmp.os)
                              /home/yang/omniplay/eglibc-2.15/build/elf/dl-allobjs.os (strcmp)
/home/yang/omniplay/eglibc-2.15/build/libc_pic.a(strcpy.os)
                              /home/yang/omniplay/eglibc-2.15/build/elf/dl-allobjs.os (strcpy)
/home/yang/omniplay/eglibc-2.15/build/libc_pic.a(strlen.os)
                              /home/yang/omniplay/eglibc-2.15/build/elf/dl-allobjs.os (strlen)
/home/yang/omniplay/eglibc-2.15/build/libc_pic.a(strnlen.os)
                              /home/yang/omniplay/eglibc-2.15/build/elf/dl-allobjs.os (strnlen)
/home/yang/omniplay/eglibc-2.15/build/libc_pic.a(memchr.os)
                              /home/yang/omniplay/eglibc-2.15/build/elf/dl-allobjs.os (memchr)
/home/yang/omniplay/eglibc-2.15/build/libc_pic.a(memcmp.os)
                              /home/yang/omniplay/eglibc-2.15/build/elf/dl-allobjs.os (memcmp)
/home/yang/omniplay/eglibc-2.15/build/libc_pic.a(memmove.os)
                              /home/yang/omniplay/eglibc-2.15/build/elf/dl-allobjs.os (memmove)
/home/yang/omniplay/eglibc-2.15/build/libc_pic.a(memset.os)
                              /home/yang/omniplay/eglibc-2.15/build/elf/dl-allobjs.os (memset)
/home/yang/omniplay/eglibc-2.15/build/libc_pic.a(mempcpy.os)
                              /home/yang/omniplay/eglibc-2.15/build/elf/dl-allobjs.os (mempcpy)
/home/yang/omniplay/eglibc-2.15/build/libc_pic.a(stpcpy.os)
                              /home/yang/omniplay/eglibc-2.15/build/elf/dl-allobjs.os (stpcpy)
/home/yang/omniplay/eglibc-2.15/build/libc_pic.a(memcpy.os)
                              /home/yang/omniplay/eglibc-2.15/build/elf/dl-allobjs.os (memcpy)
/home/yang/omniplay/eglibc-2.15/build/libc_pic.a(rawmemchr.os)
                              /home/yang/omniplay/eglibc-2.15/build/elf/dl-allobjs.os (rawmemchr)
/home/yang/omniplay/eglibc-2.15/build/libc_pic.a(memset-sse2.os)
                              /home/yang/omniplay/eglibc-2.15/build/libc_pic.a(memset.os) (__memset_sse2)
/home/yang/omniplay/eglibc-2.15/build/libc_pic.a(memcpy-ssse3.os)
                              /home/yang/omniplay/eglibc-2.15/build/libc_pic.a(memcpy.os) (__memcpy_ssse3)
/home/yang/omniplay/eglibc-2.15/build/libc_pic.a(mempcpy-ssse3.os)
                              /home/yang/omniplay/eglibc-2.15/build/libc_pic.a(mempcpy.os) (__mempcpy_ssse3)
/home/yang/omniplay/eglibc-2.15/build/libc_pic.a(memmove-ssse3.os)
                              /home/yang/omniplay/eglibc-2.15/build/libc_pic.a(memmove.os) (__memmove_ssse3)
/home/yang/omniplay/eglibc-2.15/build/libc_pic.a(memcpy-ssse3-rep.os)
                              /home/yang/omniplay/eglibc-2.15/build/libc_pic.a(memcpy.os) (__memcpy_ssse3_rep)
/home/yang/omniplay/eglibc-2.15/build/libc_pic.a(mempcpy-ssse3-rep.os)
                              /home/yang/omniplay/eglibc-2.15/build/libc_pic.a(mempcpy.os) (__mempcpy_ssse3_rep)
/home/yang/omniplay/eglibc-2.15/build/libc_pic.a(memmove-ssse3-rep.os)
                              /home/yang/omniplay/eglibc-2.15/build/libc_pic.a(memmove.os) (__memmove_ssse3_rep)
/home/yang/omniplay/eglibc-2.15/build/libc_pic.a(memset-sse2-rep.os)
                              /home/yang/omniplay/eglibc-2.15/build/libc_pic.a(memset.os) (__memset_sse2_rep)
/home/yang/omniplay/eglibc-2.15/build/libc_pic.a(strcmp-ssse3.os)
                              /home/yang/omniplay/eglibc-2.15/build/libc_pic.a(strcmp.os) (__strcmp_ssse3)
/home/yang/omniplay/eglibc-2.15/build/libc_pic.a(strcmp-sse4.os)
                              /home/yang/omniplay/eglibc-2.15/build/libc_pic.a(strcmp.os) (__strcmp_sse4_2)
/home/yang/omniplay/eglibc-2.15/build/libc_pic.a(memcmp-ssse3.os)
                              /home/yang/omniplay/eglibc-2.15/build/libc_pic.a(memcmp.os) (__memcmp_ssse3)
/home/yang/omniplay/eglibc-2.15/build/libc_pic.a(memcmp-sse4.os)
[...]
Memory Configuration

Name             Origin             Length             Attributes
*default*        0x0000000000000000 0xffffffffffffffff

Linker script and memory map

START GROUP
LOAD /home/yang/omniplay/eglibc-2.15/build/elf/dl-allobjs.os
LOAD /home/yang/omniplay/eglibc-2.15/build/libc_pic.a
LOAD /usr/lib/gcc/i686-linux-gnu/4.6/libgcc.a
END GROUP

.interp
 *(.interp)

.note.gnu.build-id
 *(.note.gnu.build-id)

.hash
 *(.hash)

.gnu.hash
 *(.gnu.hash)

.dynsym
 *(.dynsym)

.dynstr
 *(.dynstr)

.gnu.version
 *(.gnu.version)

.gnu.version_d
 *(.gnu.version_d)

.gnu.version_r
 *(.gnu.version_r)

.rel.init
 *(.rel.init)

.rel.text
 *(.rel.text)

.rel.fini
 *(.rel.fini)

.rel.rodata
 *(.rel.rodata)

.rel.data.rel.ro
 *(.rel.data.rel.ro)

.rel.data
 *(.rel.data)

.rel.tdata
 *(.rel.tdata)

.rel.tbss
 *(.rel.tbss)

.rel.ctors
 *(.rel.ctors)

.rel.dtors
 *(.rel.dtors)

.rel.got
 *(.rel.got)

.rel.bss
 *(.rel.bss)

.rel.ifunc
 *(.rel.ifunc)

.rel.plt
 *(.rel.plt)

.init
 *(.init)

.plt
 *(.plt)
 *(.iplt)

.text           0x0000000000000000    0x1de0a
 *(.text .stub)
 .text          0x0000000000000000    0x15ab5 /home/yang/omniplay/eglibc-2.15/build/elf/dl-allobjs.os
                0x0000000000000020                _start
                0x0000000000000027                _dl_start_user
                0x0000000000000070                _dl_initial_error_catch_tsd
                0x00000000000062e0                _dl_dst_count
                0x00000000000063c0                _dl_dst_substitute
                0x00000000000069b0                _dl_init_paths
                0x0000000000006db0                _dl_map_object
                0x00000000000076c0                _dl_rtld_di_serinfo
                0x0000000000007880                _dl_cache_libcmp
                0x00000000000079e0                _dl_load_cache_lookup
                0x0000000000007fb0                _dl_unload_cache
                0x0000000000008910                _dl_lookup_symbol_x
                0x0000000000009770                _dl_setup_hash
                0x0000000000009850                _dl_add_to_namespace_list
                0x0000000000009900                _dl_new_object
                0x0000000000009c40                _dl_try_allocate_static_tls
                0x0000000000009d40                _dl_allocate_static_tls
                0x0000000000009d90                _dl_nothread_init_static_tls
                0x0000000000009e50                _dl_protect_relro
                0x0000000000009ed0                _dl_reloc_bad_type
                0x0000000000009f40                _dl_relocate_object
                0x000000000000bcd0                _dl_map_object_deps
                0x000000000000cd10                _dl_fixup
                0x000000000000ceb0                _dl_profile_fixup
                0x000000000000d410                _dl_call_pltexit
                0x000000000000d520                _dl_signal_error
                0x000000000000d6e0                _dl_signal_cerror
                0x000000000000d7a0                _dl_catch_error
                0x000000000000d880                _dl_receive_error
                0x000000000000da60                _dl_init_internal
                0x000000000000da60                _dl_init
                0x000000000000db90                _dl_sort_fini
                0x000000000000ddc0                _dl_fini
                0x000000000000e1b0                _dl_debug_state
                0x000000000000e1b0                __GI__dl_debug_state
                0x000000000000e1c0                _dl_debug_initialize
                0x000000000000e770                _dl_sysdep_read_whole_file
                0x000000000000e850                _dl_debug_printf
                0x000000000000e890                _dl_debug_printf_c
                0x000000000000e8d0                _dl_dprintf
                0x000000000000e900                _dl_name_match_p
                0x000000000000e970                _dl_higher_prime_number
                0x000000000000ed60                _dl_check_map_versions
                0x000000000000f1d0                _dl_check_all_versions
                0x000000000000f240                _dl_start_profile
                0x000000000000fab0                _dl_mcount_internal
                0x000000000000fab0                _dl_mcount
                0x000000000000fcf0                _dl_resolve_conflicts
                0x000000000000fe70                __tls_get_addr
                0x000000000000fe80                _dl_next_tls_modid
                0x000000000000ff90                _dl_determine_tlsoffset
                0x00000000000101c0                __GI__dl_tls_setup
                0x00000000000101c0                _dl_tls_setup
                0x0000000000010290                _dl_get_tls_static_info
                0x00000000000102b0                _dl_allocate_tls_storage
                0x00000000000103a0                __GI__dl_allocate_tls_init
                0x00000000000103a0                _dl_allocate_tls_init
                0x00000000000105e0                __GI__dl_allocate_tls
                0x00000000000105e0                _dl_allocate_tls
                0x0000000000010610                _dl_deallocate_tls
                0x0000000000010610                __GI__dl_deallocate_tls
                0x00000000000106a0                _dl_update_slotinfo
                0x00000000000109b0                ___tls_get_addr_internal
                0x00000000000109b0                ___tls_get_addr
                0x0000000000010a20                _dl_tls_get_addr_soft
                0x0000000000010ab0                _dl_add_to_slotinfo
                0x0000000000010bb0                _dl_get_origin
                0x0000000000010d20                _dl_scope_free
                0x0000000000010df0                _dl_make_stack_executable
                0x0000000000010df0                __GI__dl_make_stack_executable
                0x0000000000010eb0                _dl_check_caller
                0x00000000000112a0                _dl_open
                0x00000000000115c0                _dl_show_scope
                0x0000000000011730                _dl_addr_inside_object
                0x00000000000121a0                _dl_close_worker
                0x0000000000012f70                _dl_close
                0x0000000000013020                _dl_runtime_resolve
                0x0000000000013040                _dl_runtime_profile
                0x0000000000013100                _dl_sysdep_start
                0x00000000000134d0                _dl_sysdep_start_cleanup
                0x00000000000134e0                _dl_show_auxv
                0x0000000000013740                _dl_important_hwcaps
                0x0000000000013e40                _dl_discover_osversion
                0x0000000000014040                _dl_next_ld_env_entry
                0x0000000000014080                unsetenv
                0x0000000000014100                __libc_memalign
                0x0000000000014210                malloc
                0x0000000000014240                calloc
                0x00000000000142a0                free
                0x0000000000014300                __sigjmp_save
                0x0000000000014310                __GI___assert_fail
                0x0000000000014310                __assert_fail
                0x0000000000014380                realloc
                0x0000000000014420                __strtoul_internal
                0x00000000000145a0                _itoa
                0x0000000000014660                __strerror_r
                0x0000000000014740                __GI___assert_perror_fail
                0x0000000000014740                __assert_perror_fail
                0x00000000000147e0                __strsep
                0x00000000000147e0                strsep
                0x00000000000147e0                __strsep_g
                0x00000000000148a0                __GI___chk_fail
                0x00000000000148a0                __chk_fail
                0x00000000000148c0                __brk
                0x00000000000148c0                brk
                0x0000000000014920                sbrk
                0x0000000000014920                __sbrk
                0x00000000000149c0                __getcwd
                0x00000000000149c0                getcwd
                0x0000000000014ec0                openat64
                0x0000000000014f40                __alloc_dir
                0x0000000000015060                __opendirat
                0x00000000000150f0                __opendir
                0x00000000000150f0                opendir
                0x0000000000015120                __fxstatat64
                0x00000000000151a0                _dl_make_tlsdesc_dynamic
                0x0000000000015490                _dl_tlsdesc_resolve_abs_plus_addend_fixup
                0x0000000000015570                _dl_tlsdesc_resolve_rel_fixup
                0x0000000000015720                _dl_tlsdesc_resolve_rela_fixup
                0x00000000000158d0                _dl_tlsdesc_resolve_hold_fixup
                0x0000000000015930                _dl_unmap
                0x00000000000159c0                _dl_tlsdesc_return
                0x00000000000159d0                _dl_tlsdesc_undefweak
                0x00000000000159e0                _dl_tlsdesc_dynamic
                0x0000000000015a40                _dl_tlsdesc_resolve_abs_plus_addend
                0x0000000000015a60                _dl_tlsdesc_resolve_rel
                0x0000000000015a80                _dl_tlsdesc_resolve_rela
                0x0000000000015aa0                _dl_tlsdesc_resolve_hold
 *fill*         0x0000000000015ab5        0xb 90909090
 .text          0x0000000000015ac0      0x140 /home/yang/omniplay/eglibc-2.15/build/libc_pic.a(check_fds.os)
                0x0000000000015bd0                __libc_check_standard_fds
 .text          0x0000000000015c00        0x0 /home/yang/omniplay/eglibc-2.15/build/libc_pic.a(errno.os)
 .text          0x0000000000015c00      0x3d3 /home/yang/omniplay/eglibc-2.15/build/libc_pic.a(divdi3.os)
                0x0000000000015dd0                __divdi3@GLIBC_2.0
                0x0000000000015dd0                __divdi3_internal
                0x0000000000015e50                __moddi3@GLIBC_2.0
                0x0000000000015e50                __moddi3_internal
                0x0000000000015f60                __udivdi3@GLIBC_2.0
                0x0000000000015f60                __udivdi3_internal
                0x0000000000015fa0                __umoddi3_internal
                0x0000000000015fa0                __umoddi3@GLIBC_2.0
 *fill*         0x0000000000015fd3        0xd 90909090
 .text          0x0000000000015fe0       0x35 /home/yang/omniplay/eglibc-2.15/build/libc_pic.a(setjmp.os)
                0x0000000000015fe0                __sigsetjmp
 *fill*         0x0000000000016015        0xb 90909090
 .text          0x0000000000016020       0x31 /home/yang/omniplay/eglibc-2.15/build/libc_pic.a(__longjmp.os)
                0x0000000000016020                __longjmp
 *fill*         0x0000000000016051        0xf 90909090
 .text          0x0000000000016060      0x20e /home/yang/omniplay/eglibc-2.15/build/libc_pic.a(strchr.os)
                0x0000000000016060                index
                0x0000000000016060                strchr
                0x00000000000160b0                __GI_strchr
                0x00000000000160b0                __strchr_ia32
 *fill*         0x000000000001626e        0x2 90909090
 .text          0x0000000000016270       0x75 /home/yang/omniplay/eglibc-2.15/build/libc_pic.a(strcmp.os)
                0x0000000000016270                strcmp
                0x00000000000162c0                __GI_strcmp
 *fill*         0x00000000000162e5        0xb 90909090
 .text          0x00000000000162f0       0xeb /home/yang/omniplay/eglibc-2.15/build/libc_pic.a(strcpy.os)
                0x00000000000162f0                strcpy
                0x0000000000016350                __GI_strcpy
 *fill*         0x00000000000163db        0x5 90909090
 .text          0x00000000000163e0      0x10b /home/yang/omniplay/eglibc-2.15/build/libc_pic.a(strlen.os)
                0x00000000000163e0                strlen
                0x0000000000016430                __strlen_ia32
                0x0000000000016430                __GI_strlen
 *fill*         0x00000000000164eb        0x5 90909090
 .text          0x00000000000164f0       0x34 /home/yang/omniplay/eglibc-2.15/build/libc_pic.a(strnlen.os)
                0x00000000000164f0                __strnlen
                0x00000000000164f0                strnlen
 *fill*         0x0000000000016524        0xc 90909090
 .text          0x0000000000016530      0x1eb /home/yang/omniplay/eglibc-2.15/build/libc_pic.a(memchr.os)
                0x0000000000016530                memchr
                0x0000000000016530                __memchr
                0x0000000000016530                __ubp_memchr
                0x0000000000016580                __GI_memchr
                0x0000000000016580                __memchr_ia32
 *fill*         0x000000000001671b        0x5 90909090
 .text          0x0000000000016720      0x323 /home/yang/omniplay/eglibc-2.15/build/libc_pic.a(memcmp.os)
                0x0000000000016720                bcmp
                0x0000000000016720                memcmp
                0x0000000000016770                __GI_memcmp
 *fill*         0x0000000000016a43        0xd 90909090
 .text          0x0000000000016a50       0xb8 /home/yang/omniplay/eglibc-2.15/build/libc_pic.a(memmove.os)
                0x0000000000016a50                memmove
                0x0000000000016aa0                __memmove_chk_ia32
                0x0000000000016ab0                __GI_memmove
 *fill*         0x0000000000016b08        0x8 90909090
 .text          0x0000000000016b10       0xa3 /home/yang/omniplay/eglibc-2.15/build/libc_pic.a(memset.os)
                0x0000000000016b10                memset
                0x0000000000016b60                __memset_chk_ia32
                0x0000000000016b70                __GI_memset
                0x0000000000016b70                __memset_ia32
 *fill*         0x0000000000016bb3        0xd 90909090
 .text          0x0000000000016bc0       0x82 /home/yang/omniplay/eglibc-2.15/build/libc_pic.a(mempcpy.os)
                0x0000000000016bc0                mempcpy
                0x0000000000016bc0                __mempcpy
                0x0000000000016c10                __mempcpy_chk_ia32
                0x0000000000016c20                __GI_mempcpy
                0x0000000000016c20                __GI___mempcpy
 *fill*         0x0000000000016c42        0xe 90909090
 .text          0x0000000000016c50       0xef /home/yang/omniplay/eglibc-2.15/build/libc_pic.a(stpcpy.os)
                0x0000000000016c50                stpcpy
                0x0000000000016c50                __stpcpy
                0x0000000000016cb0                __GI_stpcpy
                0x0000000000016cb0                __GI___stpcpy
 *fill*         0x0000000000016d3f        0x1 90909090
 .text          0x0000000000016d40       0xc5 /home/yang/omniplay/eglibc-2.15/build/libc_pic.a(memcpy.os)
                0x0000000000016d40                memcpy
                0x0000000000016d90                __memcpy_chk_ia32
                0x0000000000016da0                __GI_memcpy
 *fill*         0x0000000000016e05        0xb 90909090
 .text          0x0000000000016e10      0x116 /home/yang/omniplay/eglibc-2.15/build/libc_pic.a(rawmemchr.os)
                0x0000000000016e10                __rawmemchr
                0x0000000000016e10                rawmemchr
                0x0000000000016e60                __GI___rawmemchr
                0x0000000000016e60                __rawmemchr_ia32
 *fill*         0x0000000000016f26        0x2 90909090
 .text          0x0000000000016f28        0x0 /home/yang/omniplay/eglibc-2.15/build/libc_pic.a(memset-sse2.os)
 .text          0x0000000000016f28        0x0 /home/yang/omniplay/eglibc-2.15/build/libc_pic.a(memcpy-ssse3.os)
 .text          0x0000000000016f28        0x0 /home/yang/omniplay/eglibc-2.15/build/libc_pic.a(mempcpy-ssse3.os)
 .text          0x0000000000016f28        0x0 /home/yang/omniplay/eglibc-2.15/build/libc_pic.a(memmove-ssse3.os)
 .text          0x0000000000016f28        0x0 /home/yang/omniplay/eglibc-2.15/build/libc_pic.a(memcpy-ssse3-rep.os)
 .text          0x0000000000016f28        0x0 /home/yang/omniplay/eglibc-2.15/build/libc_pic.a(mempcpy-ssse3-rep.os)
 .text          0x0000000000016f28        0x0 /home/yang/omniplay/eglibc-2.15/build/libc_pic.a(memmove-ssse3-rep.os)
 .text          0x0000000000016f28        0x0 /home/yang/omniplay/eglibc-2.15/build/libc_pic.a(memset-sse2-rep.os)
 .text          0x0000000000016f28        0x0 /home/yang/omniplay/eglibc-2.15/build/libc_pic.a(strcmp-ssse3.os)
 .text          0x0000000000016f28        0x0 /home/yang/omniplay/eglibc-2.15/build/libc_pic.a(strcmp-sse4.os)
 .text          0x0000000000016f28        0x0 /home/yang/omniplay/eglibc-2.15/build/libc_pic.a(memcmp-ssse3.os)
 .text          0x0000000000016f28        0x0 /home/yang/omniplay/eglibc-2.15/build/libc_pic.a(memcmp-sse4.os)
 .text          0x0000000000016f28        0x0 /home/yang/omniplay/eglibc-2.15/build/libc_pic.a(strlen-sse2.os)
 *fill*         0x0000000000016f28        0x8 90909090
 .text          0x0000000000016f30       0xc8 /home/yang/omniplay/eglibc-2.15/build/libc_pic.a(strlen-sse2-bsf.os)
                0x0000000000016f30                __strlen_sse2_bsf
 *fill*         0x0000000000016ff8        0x8 90909090
 .text          0x0000000000017000     0x184b /home/yang/omniplay/eglibc-2.15/build/libc_pic.a(strcpy-ssse3.os)
                0x0000000000017000                __strcpy_ssse3
 *fill*         0x000000000001884b        0x5 90909090
 .text          0x0000000000018850     0x186c /home/yang/omniplay/eglibc-2.15/build/libc_pic.a(stpcpy-ssse3.os)
                0x0000000000018850                __stpcpy_ssse3
 *fill*         0x000000000001a0bc        0x4 90909090
 .text          0x000000000001a0c0      0x5e5 /home/yang/omniplay/eglibc-2.15/build/libc_pic.a(strcpy-sse2.os)
                0x000000000001a0c0                __strcpy_sse2
 *fill*         0x000000000001a6a5        0xb 90909090
 .text          0x000000000001a6b0      0x606 /home/yang/omniplay/eglibc-2.15/build/libc_pic.a(stpcpy-sse2.os)
                0x000000000001a6b0                __stpcpy_sse2
 *fill*         0x000000000001acb6        0x2 90909090
 .text          0x000000000001acb8        0x0 /home/yang/omniplay/eglibc-2.15/build/libc_pic.a(strchr-sse2.os)
 *fill*         0x000000000001acb8        0x8 90909090
 .text          0x000000000001acc0      0x104 /home/yang/omniplay/eglibc-2.15/build/libc_pic.a(strchr-sse2-bsf.os)
                0x000000000001acc0                __strchr_sse2_bsf
 .text          0x000000000001adc4        0x0 /home/yang/omniplay/eglibc-2.15/build/libc_pic.a(memchr-sse2.os)
 *fill*         0x000000000001adc4        0xc 90909090
 .text          0x000000000001add0      0x344 /home/yang/omniplay/eglibc-2.15/build/libc_pic.a(memchr-sse2-bsf.os)
                0x000000000001add0                __memchr_sse2_bsf
 .text          0x000000000001b114        0x0 /home/yang/omniplay/eglibc-2.15/build/libc_pic.a(rawmemchr-sse2.os)
 *fill*         0x000000000001b114        0xc 90909090
 .text          0x000000000001b120      0x213 /home/yang/omniplay/eglibc-2.15/build/libc_pic.a(rawmemchr-sse2-bsf.os)
                0x000000000001b120                __rawmemchr_sse2_bsf
 *fill*         0x000000000001b333        0x1 90909090
 .text          0x000000000001b334        0x0 /home/yang/omniplay/eglibc-2.15/build/libc_pic.a(strnlen-sse2.os)
 *fill*         0x000000000001b334        0xc 90909090
 .text          0x000000000001b340       0x96 /home/yang/omniplay/eglibc-2.15/build/libc_pic.a(strnlen-c.os)
                0x000000000001b340                __GI_strnlen
                0x000000000001b340                __strnlen_ia32
 *fill*         0x000000000001b3d6        0xa 90909090
 .text          0x000000000001b3e0      0x6d0 /home/yang/omniplay/eglibc-2.15/build/libc_pic.a(cacheinfo.os)
                0x000000000001ba30                __cache_sysconf
 .text          0x000000000001bab0       0x5e /home/yang/omniplay/eglibc-2.15/build/libc_pic.a(closedir.os)
                0x000000000001bab0                __closedir
                0x000000000001bab0                closedir
 *fill*         0x000000000001bb0e        0x2 90909090
 .text          0x000000000001bb10       0xe2 /home/yang/omniplay/eglibc-2.15/build/libc_pic.a(readdir.os)
                0x000000000001bb10                readdir
                0x000000000001bb10                __readdir
 *fill*         0x000000000001bbf2        0xe 90909090
 .text          0x000000000001bc00       0x79 /home/yang/omniplay/eglibc-2.15/build/libc_pic.a(rewinddir.os)
                0x000000000001bc00                rewinddir
                0x000000000001bc00                __GI_rewinddir
 *fill*         0x000000000001bc79        0x7 90909090
 .text          0x000000000001bc80       0xa1 /home/yang/omniplay/eglibc-2.15/build/libc_pic.a(getdents.os)
                0x000000000001bc80                __getdents
 *fill*         0x000000000001bd21        0xf 90909090
 .text          0x000000000001bd30       0xb3 /home/yang/omniplay/eglibc-2.15/build/libc_pic.a(fdopendir.os)
                0x000000000001bd30                fdopendir
                0x000000000001bd30                __fdopendir
 *fill*         0x000000000001bde3        0xd 90909090
 .text          0x000000000001bdf0       0x39 /home/yang/omniplay/eglibc-2.15/build/libc_pic.a(uname.os)
                0x000000000001bdf0                uname
                0x000000000001bdf0                __GI_uname
                0x000000000001bdf0                __uname
                0x000000000001bdf0                __GI___uname
 *fill*         0x000000000001be29        0x3 90909090
 .text          0x000000000001be2c       0x18 /home/yang/omniplay/eglibc-2.15/build/libc_pic.a(_exit.os)
                0x000000000001be2c                _Exit
                0x000000000001be2c                __GI__exit
                0x000000000001be2c                _exit
 *fill*         0x000000000001be44        0xc 90909090
 .text          0x000000000001be50       0x41 /home/yang/omniplay/eglibc-2.15/build/libc_pic.a(getpid.os)
                0x000000000001be50                __getpid
                0x000000000001be50                getpid
                0x000000000001be50                __GI_getpid
                0x000000000001be50                __GI___getpid
 *fill*         0x000000000001be91        0x3 90909090
 .text          0x000000000001be94        0x0 /home/yang/omniplay/eglibc-2.15/build/libc_pic.a(environ.os)
 *fill*         0x000000000001be94        0xc 90909090
 .text          0x000000000001bea0       0x3d /home/yang/omniplay/eglibc-2.15/build/libc_pic.a(xstat64.os)
                0x000000000001bea0                __xstat64@GLIBC_2.1
                0x000000000001bea0                ___xstat64
                0x000000000001bea0                __old__xstat64
                0x000000000001bea0                __GI___xstat64
                0x000000000001bea0                __xstat64@@GLIBC_2.2
 *fill*         0x000000000001bedd        0x3 90909090
 .text          0x000000000001bee0       0x3d /home/yang/omniplay/eglibc-2.15/build/libc_pic.a(fxstat64.os)
                0x000000000001bee0                __fxstat64@GLIBC_2.1
                0x000000000001bee0                ___fxstat64
                0x000000000001bee0                __old__fxstat64
                0x000000000001bee0                __GI___fxstat64
                0x000000000001bee0                __fxstat64@@GLIBC_2.2
 *fill*         0x000000000001bf1d        0x3 90909090
 .text          0x000000000001bf20       0x3d /home/yang/omniplay/eglibc-2.15/build/libc_pic.a(lxstat64.os)
                0x000000000001bf20                __lxstat64@GLIBC_2.1
                0x000000000001bf20                ___lxstat64
                0x000000000001bf20                __old__lxstat64
                0x000000000001bf20                __lxstat64@@GLIBC_2.2
                0x000000000001bf20                __GI___lxstat64
 *fill*         0x000000000001bf5d        0x3 90909090
 .text          0x000000000001bf60       0x7a /home/yang/omniplay/eglibc-2.15/build/libc_pic.a(open.os)
                0x000000000001bf60                __open
                0x000000000001bf60                __GI_open
                0x000000000001bf60                __GI___open
                0x000000000001bf60                __libc_open
                0x000000000001bf60                __GI___libc_open
                0x000000000001bf60                open
                0x000000000001bf6a                __open_nocancel
 *fill*         0x000000000001bfda        0x6 90909090
 .text          0x000000000001bfe0       0x6f /home/yang/omniplay/eglibc-2.15/build/libc_pic.a(close.os)
                0x000000000001bfe0                __GI_close
                0x000000000001bfe0                __GI___libc_close
                0x000000000001bfe0                __libc_close
                0x000000000001bfe0                __close
                0x000000000001bfe0                __GI___close
                0x000000000001bfe0                close
                0x000000000001bfea                __close_nocancel
 *fill*         0x000000000001c04f        0x1 90909090
 .text          0x000000000001c050       0x7a /home/yang/omniplay/eglibc-2.15/build/libc_pic.a(read.os)
                0x000000000001c050                __read
                0x000000000001c050                __GI_read
                0x000000000001c050                __libc_read
                0x000000000001c050                __GI___read
                0x000000000001c050                read
                0x000000000001c050                __GI___libc_read
                0x000000000001c05a                __read_nocancel
 *fill*         0x000000000001c0ca        0x6 90909090
 .text          0x000000000001c0d0       0x7a /home/yang/omniplay/eglibc-2.15/build/libc_pic.a(write.os)
                0x000000000001c0d0                __write
                0x000000000001c0d0                __GI_write
                0x000000000001c0d0                write
                0x000000000001c0d0                __GI___libc_write
                0x000000000001c0d0                __GI___write
                0x000000000001c0d0                __libc_write
                0x000000000001c0da                __write_nocancel
 *fill*         0x000000000001c14a        0x6 90909090
 .text          0x000000000001c150       0x3f /home/yang/omniplay/eglibc-2.15/build/libc_pic.a(lseek.os)
                0x000000000001c150                __GI___lseek
                0x000000000001c150                lseek
                0x000000000001c150                __GI___libc_lseek
                0x000000000001c150                __lseek
                0x000000000001c150                __libc_lseek
                0x000000000001c150                __GI_lseek
 *fill*         0x000000000001c18f        0x1 90909090
 .text          0x000000000001c190       0x3d /home/yang/omniplay/eglibc-2.15/build/libc_pic.a(access.os)
                0x000000000001c190                __GI_access
                0x000000000001c190                __GI___access
                0x000000000001c190                access
                0x000000000001c190                __access
 *fill*         0x000000000001c1cd        0x3 90909090
 .text          0x000000000001c1d0      0x11e /home/yang/omniplay/eglibc-2.15/build/libc_pic.a(fcntl.os)
                0x000000000001c1d0                __fcntl_nocancel
                0x000000000001c230                __libc_fcntl
                0x000000000001c230                __GI___libc_fcntl
                0x000000000001c230                __GI___fcntl
                0x000000000001c230                __fcntl
                0x000000000001c230                fcntl
 *fill*         0x000000000001c2ee        0x2 90909090
 .text          0x000000000001c2f0       0x61 /home/yang/omniplay/eglibc-2.15/build/libc_pic.a(mmap.os)
                0x000000000001c2f0                __mmap
                0x000000000001c2f0                mmap
 *fill*         0x000000000001c351        0xf 90909090
 .text          0x000000000001c360       0x3d /home/yang/omniplay/eglibc-2.15/build/libc_pic.a(munmap.os)
                0x000000000001c360                munmap
                0x000000000001c360                __GI___munmap
                0x000000000001c360                __GI_munmap
                0x000000000001c360                __munmap
 *fill*         0x000000000001c39d        0x3 90909090
 .text          0x000000000001c3a0       0x3f /home/yang/omniplay/eglibc-2.15/build/libc_pic.a(mprotect.os)
                0x000000000001c3a0                __mprotect
                0x000000000001c3a0                __GI___mprotect
                0x000000000001c3a0                __GI_mprotect
                0x000000000001c3a0                mprotect
 *fill*         0x000000000001c3df        0x1 90909090
 .text          0x000000000001c3e0      0x22d /home/yang/omniplay/eglibc-2.15/build/libc_pic.a(profil.os)
                0x000000000001c430                __profil
                0x000000000001c430                profil
 *fill*         0x000000000001c60d        0x3 90909090
 .text          0x000000000001c610       0x15 /home/yang/omniplay/eglibc-2.15/build/libc_pic.a(prof-freq.os)
                0x000000000001c610                __GI___profile_frequency
                0x000000000001c610                __profile_frequency
 *fill*         0x000000000001c625        0xb 90909090
 .text          0x000000000001c630       0x55 /home/yang/omniplay/eglibc-2.15/build/libc_pic.a(libc-lowlevellock.os)
                0x000000000001c630                __lll_lock_wait_private
                0x000000000001c660                __lll_unlock_wake_private
 *fill*         0x000000000001c685        0xb 90909090
 .text          0x000000000001c690      0x58c /home/yang/omniplay/eglibc-2.15/build/libc_pic.a(libc-cancellation.os)
                0x000000000001c6d0                __internal_pthread_enable_asynccancel
                0x000000000001c7e0                __libc_enable_asynccancel
                0x000000000001caa0                __internal_pthread_disable_asynccancel
                0x000000000001cb20                __libc_disable_asynccancel
 *fill*         0x000000000001cc1c        0x4 90909090
 .text          0x000000000001cc20       0xbb /home/yang/omniplay/eglibc-2.15/build/libc_pic.a(pthread_log_min.os)
                0x000000000001cc20                check_recording
                0x000000000001cc70                pthread_log_record
                0x000000000001ccb0                pthread_log_replay
 *fill*         0x000000000001ccdb        0x5 90909090
 .text          0x000000000001cce0      0x233 /home/yang/omniplay/eglibc-2.15/build/libc_pic.a(init-arch.os)
                0x000000000001cce0                __init_cpu_features
                0x000000000001cef0                __get_cpu_features
 *fill*         0x000000000001cf13        0xd 90909090
 .text          0x000000000001cf20      0x1bf /home/yang/omniplay/eglibc-2.15/build/libc_pic.a(sigaction.os)
                0x000000000001cf30                __libc_sigaction
                0x000000000001cf30                __GI___libc_sigaction
                0x000000000001d080                sigaction
                0x000000000001d080                __GI___sigaction
                0x000000000001d080                __sigaction
 *fill*         0x000000000001d0df        0x1 90909090
 .text          0x000000000001d0e0       0x6b /home/yang/omniplay/eglibc-2.15/build/libc_pic.a(bsearch.os)
                0x000000000001d0e0                bsearch
                0x000000000001d0e0                __GI_bsearch
 *fill*         0x000000000001d14b        0x5 90909090
 .text          0x000000000001d150       0x3f /home/yang/omniplay/eglibc-2.15/build/libc_pic.a(setitimer.os)
                0x000000000001d150                setitimer
                0x000000000001d150                __setitimer
                0x000000000001d150                __GI_setitimer
                0x000000000001d150                __GI___setitimer
 *fill*         0x000000000001d18f        0x1 90909090
 .text          0x000000000001d190      0x931 /home/yang/omniplay/eglibc-2.15/build/libc_pic.a(forward.os)
                0x000000000001d190                pthread_equal
                0x000000000001d1e0                pthread_attr_destroy
                0x000000000001d220                pthread_attr_init@GLIBC_2.0
                0x000000000001d220                __pthread_attr_init_2_0
                0x000000000001d260                pthread_attr_init@@GLIBC_2.1
                0x000000000001d260                __pthread_attr_init_2_1
                0x000000000001d2a0                pthread_attr_getdetachstate
                0x000000000001d2f0                pthread_attr_setdetachstate
                0x000000000001d340                pthread_attr_getinheritsched
                0x000000000001d390                pthread_attr_setinheritsched
                0x000000000001d3e0                pthread_attr_getschedparam
                0x000000000001d430                pthread_attr_setschedparam
                0x000000000001d480                pthread_attr_getschedpolicy
                0x000000000001d4d0                pthread_attr_setschedpolicy
                0x000000000001d520                pthread_attr_getscope
                0x000000000001d570                pthread_attr_setscope
                0x000000000001d5c0                pthread_condattr_destroy
                0x000000000001d600                pthread_condattr_init
                0x000000000001d640                pthread_cond_broadcast@@GLIBC_2.3.2
                0x000000000001d640                __pthread_cond_broadcast
                0x000000000001d680                pthread_cond_destroy@@GLIBC_2.3.2
                0x000000000001d680                __pthread_cond_destroy
                0x000000000001d6c0                pthread_cond_init@@GLIBC_2.3.2
                0x000000000001d6c0                __pthread_cond_init
                0x000000000001d710                pthread_cond_signal@@GLIBC_2.3.2
                0x000000000001d710                __pthread_cond_signal
                0x000000000001d750                pthread_cond_wait@@GLIBC_2.3.2
                0x000000000001d750                __pthread_cond_wait
                0x000000000001d7a0                pthread_cond_timedwait@@GLIBC_2.3.2
                0x000000000001d7a0                __pthread_cond_timedwait
                0x000000000001d7f0                pthread_exit
                0x000000000001d7f0                __pthread_exit
                0x000000000001d840                pthread_getschedparam
                0x000000000001d890                pthread_setschedparam
                0x000000000001d8e0                pthread_mutex_destroy
                0x000000000001d920                pthread_mutex_init
                0x000000000001d970                pthread_mutex_lock
                0x000000000001d9b0                pthread_mutex_unlock
                0x000000000001d9f0                pthread_self
                0x000000000001da30                pthread_setcancelstate
                0x000000000001da80                pthread_setcanceltype
 *fill*         0x000000000001dac1        0xf 90909090
 .text          0x000000000001dad0      0x11d /home/yang/omniplay/eglibc-2.15/build/libc_pic.a(exit.os)
                0x000000000001dad0                __run_exit_handlers
                0x000000000001dbc0                __GI_exit
                0x000000000001dbc0                exit
 *fill*         0x000000000001dbed        0x3 90909090
 .text          0x000000000001dbf0      0x21a /home/yang/omniplay/eglibc-2.15/build/libc_pic.a(cxa_atexit.os)
                0x000000000001dbf0                __new_exitfn
                0x000000000001dd50                __internal_atexit
                0x000000000001ddb0                __cxa_atexit_internal
                0x000000000001ddb0                __cxa_atexit
 *(.gnu.warning)

.text.unlikely  0x0000000000000000      0x645
 .text.unlikely
                0x0000000000000000      0x645 /home/yang/omniplay/eglibc-2.15/build/elf/dl-allobjs.os

.text.__i686.get_pc_thunk.cx
                0x0000000000000000        0x4
 .text.__i686.get_pc_thunk.cx
                0x0000000000000000        0x4 /home/yang/omniplay/eglibc-2.15/build/elf/dl-allobjs.os
                0x0000000000000000                __i686.get_pc_thunk.cx

.text.__i686.get_pc_thunk.bx
                0x0000000000000000        0x4
 .text.__i686.get_pc_thunk.bx
                0x0000000000000000        0x4 /home/yang/omniplay/eglibc-2.15/build/elf/dl-allobjs.os
                0x0000000000000000                __i686.get_pc_thunk.bx

.text.sse2      0x0000000000000000      0xc08
 .text.sse2     0x0000000000000000      0x678 /home/yang/omniplay/eglibc-2.15/build/libc_pic.a(memset-sse2.os)
                0x0000000000000000                __memset_chk_sse2
                0x0000000000000010                __memset_sse2
 *fill*         0x0000000000000678        0x8 00
 .text.sse2     0x0000000000000680      0x588 /home/yang/omniplay/eglibc-2.15/build/libc_pic.a(memset-sse2-rep.os)
                0x0000000000000680                __memset_chk_sse2_rep
                0x0000000000000690                __memset_sse2_rep

.text.ssse3     0x0000000000000000     0x844d
 .text.ssse3    0x0000000000000000     0x1485 /home/yang/omniplay/eglibc-2.15/build/libc_pic.a(memcpy-ssse3.os)
                0x0000000000000000                __memcpy_chk_ssse3
                0x0000000000000010                __memcpy_ssse3
 *fill*         0x0000000000001485        0xb 00
 .text.ssse3    0x0000000000001490     0x146b /home/yang/omniplay/eglibc-2.15/build/libc_pic.a(mempcpy-ssse3.os)
                0x0000000000001490                __mempcpy_chk_ssse3
                0x00000000000014a0                __mempcpy_ssse3
 *fill*         0x00000000000028fb        0x5 00
 .text.ssse3    0x0000000000002900     0x15d1 /home/yang/omniplay/eglibc-2.15/build/libc_pic.a(memmove-ssse3.os)
                0x0000000000002900                __memmove_chk_ssse3
                0x0000000000002910                __memmove_ssse3
 *fill*         0x0000000000003ed1        0xf 00
 .text.ssse3    0x0000000000003ee0      0xfd5 /home/yang/omniplay/eglibc-2.15/build/libc_pic.a(memcpy-ssse3-rep.os)
                0x0000000000003ee0                __memcpy_chk_ssse3_rep
                0x0000000000003ef0                __memcpy_ssse3_rep
 *fill*         0x0000000000004eb5        0xb 00
 .text.ssse3    0x0000000000004ec0      0xfeb /home/yang/omniplay/eglibc-2.15/build/libc_pic.a(mempcpy-ssse3-rep.os)
                0x0000000000004ec0                __mempcpy_chk_ssse3_rep
                0x0000000000004ed0                __mempcpy_ssse3_rep
 *fill*         0x0000000000005eab        0x5 00
 .text.ssse3    0x0000000000005eb0     0x1121 /home/yang/omniplay/eglibc-2.15/build/libc_pic.a(memmove-ssse3-rep.os)
                0x0000000000005eb0                __memmove_chk_ssse3_rep
                0x0000000000005ec0                __memmove_ssse3_rep
 *fill*         0x0000000000006fd1        0xf 00
 .text.ssse3    0x0000000000006fe0     0x146d /home/yang/omniplay/eglibc-2.15/build/libc_pic.a(strcmp-ssse3.os)
                0x0000000000006fe0                __strcmp_ssse3

.text.sse4.2    0x0000000000000000      0xe11
 .text.sse4.2   0x0000000000000000      0x28b /home/yang/omniplay/eglibc-2.15/build/libc_pic.a(strcmp-sse4.os)
                0x0000000000000000                __strcmp_sse4_2
 *fill*         0x000000000000028b        0x5 00
 .text.sse4.2   0x0000000000000290      0xb81 /home/yang/omniplay/eglibc-2.15/build/libc_pic.a(memcmp-sse4.os)
                0x0000000000000290                __memcmp_sse4_2

.text.atom      0x0000000000000000     0x2d2b
 .text.atom     0x0000000000000000     0x16ab /home/yang/omniplay/eglibc-2.15/build/libc_pic.a(memcmp-ssse3.os)
                0x0000000000000000                __memcmp_ssse3
 *fill*         0x00000000000016ab        0x5 00
 .text.atom     0x00000000000016b0      0x31c /home/yang/omniplay/eglibc-2.15/build/libc_pic.a(strlen-sse2.os)
                0x00000000000016b0                __strlen_sse2
 *fill*         0x00000000000019cc        0x4 00
 .text.atom     0x00000000000019d0      0x3d4 /home/yang/omniplay/eglibc-2.15/build/libc_pic.a(strchr-sse2.os)
                0x00000000000019d0                __strchr_sse2
 *fill*         0x0000000000001da4        0xc 00
 .text.atom     0x0000000000001db0      0x564 /home/yang/omniplay/eglibc-2.15/build/libc_pic.a(memchr-sse2.os)
                0x0000000000001db0                __memchr_sse2
 *fill*         0x0000000000002314        0xc 00
 .text.atom     0x0000000000002320      0x313 /home/yang/omniplay/eglibc-2.15/build/libc_pic.a(rawmemchr-sse2.os)
                0x0000000000002320                __rawmemchr_sse2
 *fill*         0x0000000000002633        0xd 00
 .text.atom     0x0000000000002640      0x6eb /home/yang/omniplay/eglibc-2.15/build/libc_pic.a(strnlen-sse2.os)
                0x0000000000002640                __strnlen_sse2

.text.startup   0x0000000000000000      0x280
 .text.startup  0x0000000000000000      0x280 /home/yang/omniplay/eglibc-2.15/build/libc_pic.a(cacheinfo.os)

.text.compat    0x0000000000000000      0x1f7
 .text.compat   0x0000000000000000      0x1f7 /home/yang/omniplay/eglibc-2.15/build/libc_pic.a(forward.os)
                0x0000000000000000                pthread_cond_broadcast@GLIBC_2.0
                0x0000000000000000                __pthread_cond_broadcast_2_0
                0x0000000000000040                __pthread_cond_destroy_2_0
                0x0000000000000040                pthread_cond_destroy@GLIBC_2.0
                0x0000000000000080                __pthread_cond_init_2_0
                0x0000000000000080                pthread_cond_init@GLIBC_2.0
                0x00000000000000d0                pthread_cond_signal@GLIBC_2.0
                0x00000000000000d0                __pthread_cond_signal_2_0
                0x0000000000000110                __pthread_cond_wait_2_0
                0x0000000000000110                pthread_cond_wait@GLIBC_2.0
                0x0000000000000160                pthread_cond_timedwait@GLIBC_2.0
                0x0000000000000160                __pthread_cond_timedwait_2_0
                0x00000000000001b0                __pthread_unwind

.fini
 *(.fini)

.rodata         0x0000000000000000      0xf80
 *(.rodata)
 .rodata        0x0000000000000000      0xc20 /home/yang/omniplay/eglibc-2.15/build/elf/dl-allobjs.os
                0x0000000000000c10                _itoa_lower_digits_internal
 .rodata        0x0000000000000c20       0x80 /home/yang/omniplay/eglibc-2.15/build/libc_pic.a(memcmp.os)
 .rodata        0x0000000000000ca0      0x2e0 /home/yang/omniplay/eglibc-2.15/build/libc_pic.a(cacheinfo.os)

.rodata.str1.4  0x0000000000000000     0x202d
 .rodata.str1.4
                0x0000000000000000     0x202d /home/yang/omniplay/eglibc-2.15/build/elf/dl-allobjs.os

.rodata.str1.1  0x0000000000000000     0x1376
 .rodata.str1.1
                0x0000000000000000     0x12c6 /home/yang/omniplay/eglibc-2.15/build/elf/dl-allobjs.os
 .rodata.str1.1
                0x00000000000012c6       0x14 /home/yang/omniplay/eglibc-2.15/build/libc_pic.a(check_fds.os)
 .rodata.str1.1
                0x00000000000012da       0x71 /home/yang/omniplay/eglibc-2.15/build/libc_pic.a(cacheinfo.os)
 .rodata.str1.1
                0x000000000000134b       0x2b /home/yang/omniplay/eglibc-2.15/build/libc_pic.a(cxa_atexit.os)

.rodata.str1.32
                0x0000000000000000       0x7b
 .rodata.str1.32
                0x0000000000000000       0x7b /home/yang/omniplay/eglibc-2.15/build/elf/dl-allobjs.os

.rodata.cst4    0x0000000000000000        0x4
 .rodata.cst4   0x0000000000000000        0x4 /home/yang/omniplay/eglibc-2.15/build/elf/dl-allobjs.os

.rodata.sse2    0x0000000000000000      0x500
 .rodata.sse2   0x0000000000000000      0x280 /home/yang/omniplay/eglibc-2.15/build/libc_pic.a(memset-sse2.os)
 .rodata.sse2   0x0000000000000280      0x280 /home/yang/omniplay/eglibc-2.15/build/libc_pic.a(memset-sse2-rep.os)

.rodata.ssse3   0x0000000000000000      0xcc0
 .rodata.ssse3  0x0000000000000000      0x280 /home/yang/omniplay/eglibc-2.15/build/libc_pic.a(memcpy-ssse3.os)
 .rodata.ssse3  0x0000000000000280      0x280 /home/yang/omniplay/eglibc-2.15/build/libc_pic.a(mempcpy-ssse3.os)
 .rodata.ssse3  0x0000000000000500      0x280 /home/yang/omniplay/eglibc-2.15/build/libc_pic.a(memmove-ssse3.os)
 .rodata.ssse3  0x0000000000000780      0x1c0 /home/yang/omniplay/eglibc-2.15/build/libc_pic.a(memcpy-ssse3-rep.os)
 .rodata.ssse3  0x0000000000000940      0x1c0 /home/yang/omniplay/eglibc-2.15/build/libc_pic.a(mempcpy-ssse3-rep.os)
 .rodata.ssse3  0x0000000000000b00      0x1c0 /home/yang/omniplay/eglibc-2.15/build/libc_pic.a(memmove-ssse3-rep.os)

.rodata.sse4.2  0x0000000000000000      0x104
 .rodata.sse4.2
                0x0000000000000000      0x104 /home/yang/omniplay/eglibc-2.15/build/libc_pic.a(memcmp-sse4.os)

.rodata1
 *(.rodata1)

.eh_frame_hdr
 *(.eh_frame_hdr)

.eh_frame       0x0000000000000000     0x591c
 *(.eh_frame)
 .eh_frame      0x0000000000000000     0x23f4 /home/yang/omniplay/eglibc-2.15/build/elf/dl-allobjs.os
 .eh_frame      0x00000000000023f4       0x6c /home/yang/omniplay/eglibc-2.15/build/libc_pic.a(check_fds.os)
 .eh_frame      0x0000000000002460       0xcc /home/yang/omniplay/eglibc-2.15/build/libc_pic.a(divdi3.os)
 .eh_frame      0x000000000000252c       0x2c /home/yang/omniplay/eglibc-2.15/build/libc_pic.a(setjmp.os)
 .eh_frame      0x0000000000002558       0x44 /home/yang/omniplay/eglibc-2.15/build/libc_pic.a(__longjmp.os)
 .eh_frame      0x000000000000259c       0x84 /home/yang/omniplay/eglibc-2.15/build/libc_pic.a(strchr.os)
 .eh_frame      0x0000000000002620       0x48 /home/yang/omniplay/eglibc-2.15/build/libc_pic.a(strcmp.os)
 .eh_frame      0x0000000000002668       0x6c /home/yang/omniplay/eglibc-2.15/build/libc_pic.a(strcpy.os)
 .eh_frame      0x00000000000026d4       0x48 /home/yang/omniplay/eglibc-2.15/build/libc_pic.a(strlen.os)
 .eh_frame      0x000000000000271c       0x34 /home/yang/omniplay/eglibc-2.15/build/libc_pic.a(strnlen.os)
 .eh_frame      0x0000000000002750       0x6c /home/yang/omniplay/eglibc-2.15/build/libc_pic.a(memchr.os)
 .eh_frame      0x00000000000027bc       0xac /home/yang/omniplay/eglibc-2.15/build/libc_pic.a(memcmp.os)
 .eh_frame      0x0000000000002868       0x78 /home/yang/omniplay/eglibc-2.15/build/libc_pic.a(memmove.os)
 .eh_frame      0x00000000000028e0       0x64 /home/yang/omniplay/eglibc-2.15/build/libc_pic.a(memset.os)
 .eh_frame      0x0000000000002944       0x68 /home/yang/omniplay/eglibc-2.15/build/libc_pic.a(mempcpy.os)
 .eh_frame      0x00000000000029ac       0x6c /home/yang/omniplay/eglibc-2.15/build/libc_pic.a(stpcpy.os)
 .eh_frame      0x0000000000002a18       0x5c /home/yang/omniplay/eglibc-2.15/build/libc_pic.a(memcpy.os)
 .eh_frame      0x0000000000002a74       0x60 /home/yang/omniplay/eglibc-2.15/build/libc_pic.a(rawmemchr.os)
 .eh_frame      0x0000000000002ad4       0xfc /home/yang/omniplay/eglibc-2.15/build/libc_pic.a(memset-sse2.os)
 .eh_frame      0x0000000000002bd0      0x260 /home/yang/omniplay/eglibc-2.15/build/libc_pic.a(memcpy-ssse3.os)
 .eh_frame      0x0000000000002e30      0x25c /home/yang/omniplay/eglibc-2.15/build/libc_pic.a(mempcpy-ssse3.os)
 .eh_frame      0x000000000000308c      0x26c /home/yang/omniplay/eglibc-2.15/build/libc_pic.a(memmove-ssse3.os)
 .eh_frame      0x00000000000032f8      0x194 /home/yang/omniplay/eglibc-2.15/build/libc_pic.a(memcpy-ssse3-rep.os)
 .eh_frame      0x000000000000348c      0x194 /home/yang/omniplay/eglibc-2.15/build/libc_pic.a(mempcpy-ssse3-rep.os)
 .eh_frame      0x0000000000003620      0x1a4 /home/yang/omniplay/eglibc-2.15/build/libc_pic.a(memmove-ssse3-rep.os)
 .eh_frame      0x00000000000037c4      0x114 /home/yang/omniplay/eglibc-2.15/build/libc_pic.a(memset-sse2-rep.os)
 .eh_frame      0x00000000000038d8       0x48 /home/yang/omniplay/eglibc-2.15/build/libc_pic.a(strcmp-ssse3.os)
 .eh_frame      0x0000000000003920       0x40 /home/yang/omniplay/eglibc-2.15/build/libc_pic.a(strcmp-sse4.os)
 .eh_frame      0x0000000000003960      0x27c /home/yang/omniplay/eglibc-2.15/build/libc_pic.a(memcmp-ssse3.os)
 .eh_frame      0x0000000000003bdc       0xf8 /home/yang/omniplay/eglibc-2.15/build/libc_pic.a(memcmp-sse4.os)
 .eh_frame      0x0000000000003cd4       0x2c /home/yang/omniplay/eglibc-2.15/build/libc_pic.a(strlen-sse2.os)
 .eh_frame      0x0000000000003d00       0x60 /home/yang/omniplay/eglibc-2.15/build/libc_pic.a(strlen-sse2-bsf.os)
 .eh_frame      0x0000000000003d60       0xd0 /home/yang/omniplay/eglibc-2.15/build/libc_pic.a(strcpy-ssse3.os)
 .eh_frame      0x0000000000003e30       0xd0 /home/yang/omniplay/eglibc-2.15/build/libc_pic.a(stpcpy-ssse3.os)
 .eh_frame      0x0000000000003f00       0xd0 /home/yang/omniplay/eglibc-2.15/build/libc_pic.a(strcpy-sse2.os)
 .eh_frame      0x0000000000003fd0       0xd0 /home/yang/omniplay/eglibc-2.15/build/libc_pic.a(stpcpy-sse2.os)
 .eh_frame      0x00000000000040a0       0xf4 /home/yang/omniplay/eglibc-2.15/build/libc_pic.a(strchr-sse2.os)
 .eh_frame      0x0000000000004194       0x4c /home/yang/omniplay/eglibc-2.15/build/libc_pic.a(strchr-sse2-bsf.os)
 .eh_frame      0x00000000000041e0      0x164 /home/yang/omniplay/eglibc-2.15/build/libc_pic.a(memchr-sse2.os)
 .eh_frame      0x0000000000004344       0xb0 /home/yang/omniplay/eglibc-2.15/build/libc_pic.a(memchr-sse2-bsf.os)
 .eh_frame      0x00000000000043f4       0x2c /home/yang/omniplay/eglibc-2.15/build/libc_pic.a(rawmemchr-sse2.os)
 .eh_frame      0x0000000000004420       0x2c /home/yang/omniplay/eglibc-2.15/build/libc_pic.a(rawmemchr-sse2-bsf.os)
 .eh_frame      0x000000000000444c      0x174 /home/yang/omniplay/eglibc-2.15/build/libc_pic.a(strnlen-sse2.os)
 .eh_frame      0x00000000000045c0       0x40 /home/yang/omniplay/eglibc-2.15/build/libc_pic.a(strnlen-c.os)
 .eh_frame      0x0000000000004600      0x178 /home/yang/omniplay/eglibc-2.15/build/libc_pic.a(cacheinfo.os)
 .eh_frame      0x0000000000004778       0x54 /home/yang/omniplay/eglibc-2.15/build/libc_pic.a(closedir.os)
 .eh_frame      0x00000000000047cc       0xf4 /home/yang/omniplay/eglibc-2.15/build/libc_pic.a(readdir.os)
 .eh_frame      0x00000000000048c0       0xc4 /home/yang/omniplay/eglibc-2.15/build/libc_pic.a(rewinddir.os)
 .eh_frame      0x0000000000004984       0x6c /home/yang/omniplay/eglibc-2.15/build/libc_pic.a(getdents.os)
 .eh_frame      0x00000000000049f0       0x54 /home/yang/omniplay/eglibc-2.15/build/libc_pic.a(fdopendir.os)
 .eh_frame      0x0000000000004a44       0x2c /home/yang/omniplay/eglibc-2.15/build/libc_pic.a(uname.os)
 .eh_frame      0x0000000000004a70       0x2c /home/yang/omniplay/eglibc-2.15/build/libc_pic.a(getpid.os)
 .eh_frame      0x0000000000004a9c       0x50 /home/yang/omniplay/eglibc-2.15/build/libc_pic.a(xstat64.os)
 .eh_frame      0x0000000000004aec       0x50 /home/yang/omniplay/eglibc-2.15/build/libc_pic.a(fxstat64.os)
 .eh_frame      0x0000000000004b3c       0x50 /home/yang/omniplay/eglibc-2.15/build/libc_pic.a(lxstat64.os)
 .eh_frame      0x0000000000004b8c       0x44 /home/yang/omniplay/eglibc-2.15/build/libc_pic.a(open.os)
 .eh_frame      0x0000000000004bd0       0x38 /home/yang/omniplay/eglibc-2.15/build/libc_pic.a(close.os)
 .eh_frame      0x0000000000004c08       0x44 /home/yang/omniplay/eglibc-2.15/build/libc_pic.a(read.os)
 .eh_frame      0x0000000000004c4c       0x44 /home/yang/omniplay/eglibc-2.15/build/libc_pic.a(write.os)
 .eh_frame      0x0000000000004c90       0x34 /home/yang/omniplay/eglibc-2.15/build/libc_pic.a(lseek.os)
 .eh_frame      0x0000000000004cc4       0x2c /home/yang/omniplay/eglibc-2.15/build/libc_pic.a(access.os)
 .eh_frame      0x0000000000004cf0       0x74 /home/yang/omniplay/eglibc-2.15/build/libc_pic.a(fcntl.os)
 .eh_frame      0x0000000000004d64       0x54 /home/yang/omniplay/eglibc-2.15/build/libc_pic.a(mmap.os)
 .eh_frame      0x0000000000004db8       0x2c /home/yang/omniplay/eglibc-2.15/build/libc_pic.a(munmap.os)
 .eh_frame      0x0000000000004de4       0x34 /home/yang/omniplay/eglibc-2.15/build/libc_pic.a(mprotect.os)
 .eh_frame      0x0000000000004e18       0xa4 /home/yang/omniplay/eglibc-2.15/build/libc_pic.a(profil.os)
 .eh_frame      0x0000000000004ebc       0x40 /home/yang/omniplay/eglibc-2.15/build/libc_pic.a(prof-freq.os)
 .eh_frame      0x0000000000004efc       0x70 /home/yang/omniplay/eglibc-2.15/build/libc_pic.a(libc-lowlevellock.os)
 .eh_frame      0x0000000000004f6c       0xf8 /home/yang/omniplay/eglibc-2.15/build/libc_pic.a(libc-cancellation.os)
 .eh_frame      0x0000000000005064       0x8c /home/yang/omniplay/eglibc-2.15/build/libc_pic.a(pthread_log_min.os)
 .eh_frame      0x00000000000050f0       0x74 /home/yang/omniplay/eglibc-2.15/build/libc_pic.a(init-arch.os)
 .eh_frame      0x0000000000005164       0x80 /home/yang/omniplay/eglibc-2.15/build/libc_pic.a(sigaction.os)
 .eh_frame      0x00000000000051e4       0x4c /home/yang/omniplay/eglibc-2.15/build/libc_pic.a(bsearch.os)
 .eh_frame      0x0000000000005230       0x34 /home/yang/omniplay/eglibc-2.15/build/libc_pic.a(setitimer.os)
 .eh_frame      0x0000000000005264      0x510 /home/yang/omniplay/eglibc-2.15/build/libc_pic.a(forward.os)
 .eh_frame      0x0000000000005774       0x70 /home/yang/omniplay/eglibc-2.15/build/libc_pic.a(exit.os)
 .eh_frame      0x00000000000057e4      0x138 /home/yang/omniplay/eglibc-2.15/build/libc_pic.a(cxa_atexit.os)

.gcc_except_table
 *(.gcc_except_table .gcc_except_table.*)

.exception_ranges
 *(.exception_ranges .exception_ranges*)

.eh_frame
 *(.eh_frame)

.gcc_except_table
 *(.gcc_except_table .gcc_except_table.*)

.exception_ranges
 *(.exception_ranges .exception_ranges*)

.tdata
 *(.tdata)

.tbss           0x0000000000000000        0x4
 *(.tbss)
 .tbss          0x0000000000000000        0x4 /home/yang/omniplay/eglibc-2.15/build/libc_pic.a(errno.os)
                0x0000000000000000                errno
                0x0000000000000000                __libc_errno

.preinit_array
 *(.preinit_array)

.jcr
 *(.jcr)

.dynamic
 *(.dynamic)

.got
 *(.got)
 *(.igot)

.got.plt
 *(.got.plt)
 *(.igot.plt)

.data           0x0000000000000000      0x850
 *(.data)
 .data          0x0000000000000000      0x830 /home/yang/omniplay/eglibc-2.15/build/elf/dl-allobjs.os
                0x0000000000000000                _rtld_global
                0x0000000000000000                _rtld_local
 .data          0x0000000000000830        0x0 /home/yang/omniplay/eglibc-2.15/build/libc_pic.a(check_fds.os)
 .data          0x0000000000000830        0x0 /home/yang/omniplay/eglibc-2.15/build/libc_pic.a(errno.os)
 .data          0x0000000000000830        0x0 /home/yang/omniplay/eglibc-2.15/build/libc_pic.a(divdi3.os)
 .data          0x0000000000000830        0x0 /home/yang/omniplay/eglibc-2.15/build/libc_pic.a(setjmp.os)
 .data          0x0000000000000830        0x0 /home/yang/omniplay/eglibc-2.15/build/libc_pic.a(__longjmp.os)
 .data          0x0000000000000830        0x0 /home/yang/omniplay/eglibc-2.15/build/libc_pic.a(strchr.os)
 .data          0x0000000000000830        0x0 /home/yang/omniplay/eglibc-2.15/build/libc_pic.a(strcmp.os)
 .data          0x0000000000000830        0x0 /home/yang/omniplay/eglibc-2.15/build/libc_pic.a(strcpy.os)
 .data          0x0000000000000830        0x0 /home/yang/omniplay/eglibc-2.15/build/libc_pic.a(strlen.os)
 .data          0x0000000000000830        0x0 /home/yang/omniplay/eglibc-2.15/build/libc_pic.a(strnlen.os)
 .data          0x0000000000000830        0x0 /home/yang/omniplay/eglibc-2.15/build/libc_pic.a(memchr.os)
 .data          0x0000000000000830        0x0 /home/yang/omniplay/eglibc-2.15/build/libc_pic.a(memcmp.os)
 .data          0x0000000000000830        0x0 /home/yang/omniplay/eglibc-2.15/build/libc_pic.a(memmove.os)
 .data          0x0000000000000830        0x0 /home/yang/omniplay/eglibc-2.15/build/libc_pic.a(memset.os)
 .data          0x0000000000000830        0x0 /home/yang/omniplay/eglibc-2.15/build/libc_pic.a(mempcpy.os)
 .data          0x0000000000000830        0x0 /home/yang/omniplay/eglibc-2.15/build/libc_pic.a(stpcpy.os)
 .data          0x0000000000000830        0x0 /home/yang/omniplay/eglibc-2.15/build/libc_pic.a(memcpy.os)
 .data          0x0000000000000830        0x0 /home/yang/omniplay/eglibc-2.15/build/libc_pic.a(rawmemchr.os)
 .data          0x0000000000000830        0x0 /home/yang/omniplay/eglibc-2.15/build/libc_pic.a(memset-sse2.os)
 .data          0x0000000000000830        0x0 /home/yang/omniplay/eglibc-2.15/build/libc_pic.a(memcpy-ssse3.os)
 .data          0x0000000000000830        0x0 /home/yang/omniplay/eglibc-2.15/build/libc_pic.a(mempcpy-ssse3.os)
 .data          0x0000000000000830        0x0 /home/yang/omniplay/eglibc-2.15/build/libc_pic.a(memmove-ssse3.os)
 .data          0x0000000000000830        0x0 /home/yang/omniplay/eglibc-2.15/build/libc_pic.a(memcpy-ssse3-rep.os)
 .data          0x0000000000000830        0x0 /home/yang/omniplay/eglibc-2.15/build/libc_pic.a(mempcpy-ssse3-rep.os)
 .data          0x0000000000000830        0x0 /home/yang/omniplay/eglibc-2.15/build/libc_pic.a(memmove-ssse3-rep.os)
 .data          0x0000000000000830        0x0 /home/yang/omniplay/eglibc-2.15/build/libc_pic.a(memset-sse2-rep.os)
 .data          0x0000000000000830        0x0 /home/yang/omniplay/eglibc-2.15/build/libc_pic.a(strcmp-ssse3.os)
 .data          0x0000000000000830        0x0 /home/yang/omniplay/eglibc-2.15/build/libc_pic.a(strcmp-sse4.os)
 .data          0x0000000000000830        0x0 /home/yang/omniplay/eglibc-2.15/build/libc_pic.a(memcmp-ssse3.os)
 .data          0x0000000000000830        0x0 /home/yang/omniplay/eglibc-2.15/build/libc_pic.a(memcmp-sse4.os)
 .data          0x0000000000000830        0x0 /home/yang/omniplay/eglibc-2.15/build/libc_pic.a(strlen-sse2.os)
 .data          0x0000000000000830        0x0 /home/yang/omniplay/eglibc-2.15/build/libc_pic.a(strlen-sse2-bsf.os)
 .data          0x0000000000000830        0x0 /home/yang/omniplay/eglibc-2.15/build/libc_pic.a(strcpy-ssse3.os)
 .data          0x0000000000000830        0x0 /home/yang/omniplay/eglibc-2.15/build/libc_pic.a(stpcpy-ssse3.os)
 .data          0x0000000000000830        0x0 /home/yang/omniplay/eglibc-2.15/build/libc_pic.a(strcpy-sse2.os)
 .data          0x0000000000000830        0x0 /home/yang/omniplay/eglibc-2.15/build/libc_pic.a(stpcpy-sse2.os)
 .data          0x0000000000000830        0x0 /home/yang/omniplay/eglibc-2.15/build/libc_pic.a(strchr-sse2.os)
 .data          0x0000000000000830        0x0 /home/yang/omniplay/eglibc-2.15/build/libc_pic.a(strchr-sse2-bsf.os)
 .data          0x0000000000000830        0x0 /home/yang/omniplay/eglibc-2.15/build/libc_pic.a(memchr-sse2.os)
 .data          0x0000000000000830        0x0 /home/yang/omniplay/eglibc-2.15/build/libc_pic.a(memchr-sse2-bsf.os)
 .data          0x0000000000000830        0x0 /home/yang/omniplay/eglibc-2.15/build/libc_pic.a(rawmemchr-sse2.os)
 .data          0x0000000000000830        0x0 /home/yang/omniplay/eglibc-2.15/build/libc_pic.a(rawmemchr-sse2-bsf.os)
 .data          0x0000000000000830        0x0 /home/yang/omniplay/eglibc-2.15/build/libc_pic.a(strnlen-sse2.os)
 .data          0x0000000000000830        0x0 /home/yang/omniplay/eglibc-2.15/build/libc_pic.a(strnlen-c.os)
 .data          0x0000000000000830       0x20 /home/yang/omniplay/eglibc-2.15/build/libc_pic.a(cacheinfo.os)
                0x0000000000000830                __x86_raw_shared_cache_size
                0x0000000000000834                __x86_raw_shared_cache_size_half
                0x0000000000000838                __x86_shared_cache_size
                0x000000000000083c                __x86_shared_cache_size_half
                0x0000000000000840                __x86_raw_data_cache_size
                0x0000000000000844                __x86_raw_data_cache_size_half
                0x0000000000000848                __x86_data_cache_size
                0x000000000000084c                __x86_data_cache_size_half
 .data          0x0000000000000850        0x0 /home/yang/omniplay/eglibc-2.15/build/libc_pic.a(closedir.os)
 .data          0x0000000000000850        0x0 /home/yang/omniplay/eglibc-2.15/build/libc_pic.a(readdir.os)
 .data          0x0000000000000850        0x0 /home/yang/omniplay/eglibc-2.15/build/libc_pic.a(rewinddir.os)
 .data          0x0000000000000850        0x0 /home/yang/omniplay/eglibc-2.15/build/libc_pic.a(getdents.os)
 .data          0x0000000000000850        0x0 /home/yang/omniplay/eglibc-2.15/build/libc_pic.a(fdopendir.os)
 .data          0x0000000000000850        0x0 /home/yang/omniplay/eglibc-2.15/build/libc_pic.a(uname.os)
 .data          0x0000000000000850        0x0 /home/yang/omniplay/eglibc-2.15/build/libc_pic.a(_exit.os)
 .data          0x0000000000000850        0x0 /home/yang/omniplay/eglibc-2.15/build/libc_pic.a(getpid.os)
 .data          0x0000000000000850        0x0 /home/yang/omniplay/eglibc-2.15/build/libc_pic.a(environ.os)
 .data          0x0000000000000850        0x0 /home/yang/omniplay/eglibc-2.15/build/libc_pic.a(xstat64.os)
 .data          0x0000000000000850        0x0 /home/yang/omniplay/eglibc-2.15/build/libc_pic.a(fxstat64.os)
 .data          0x0000000000000850        0x0 /home/yang/omniplay/eglibc-2.15/build/libc_pic.a(lxstat64.os)
 .data          0x0000000000000850        0x0 /home/yang/omniplay/eglibc-2.15/build/libc_pic.a(open.os)
 .data          0x0000000000000850        0x0 /home/yang/omniplay/eglibc-2.15/build/libc_pic.a(close.os)
 .data          0x0000000000000850        0x0 /home/yang/omniplay/eglibc-2.15/build/libc_pic.a(read.os)
 .data          0x0000000000000850        0x0 /home/yang/omniplay/eglibc-2.15/build/libc_pic.a(write.os)
 .data          0x0000000000000850        0x0 /home/yang/omniplay/eglibc-2.15/build/libc_pic.a(lseek.os)
 .data          0x0000000000000850        0x0 /home/yang/omniplay/eglibc-2.15/build/libc_pic.a(access.os)
 .data          0x0000000000000850        0x0 /home/yang/omniplay/eglibc-2.15/build/libc_pic.a(fcntl.os)
 .data          0x0000000000000850        0x0 /home/yang/omniplay/eglibc-2.15/build/libc_pic.a(mmap.os)
 .data          0x0000000000000850        0x0 /home/yang/omniplay/eglibc-2.15/build/libc_pic.a(munmap.os)
 .data          0x0000000000000850        0x0 /home/yang/omniplay/eglibc-2.15/build/libc_pic.a(mprotect.os)
 .data          0x0000000000000850        0x0 /home/yang/omniplay/eglibc-2.15/build/libc_pic.a(profil.os)
 .data          0x0000000000000850        0x0 /home/yang/omniplay/eglibc-2.15/build/libc_pic.a(prof-freq.os)
 .data          0x0000000000000850        0x0 /home/yang/omniplay/eglibc-2.15/build/libc_pic.a(libc-lowlevellock.os)
 .data          0x0000000000000850        0x0 /home/yang/omniplay/eglibc-2.15/build/libc_pic.a(libc-cancellation.os)
 .data          0x0000000000000850        0x0 /home/yang/omniplay/eglibc-2.15/build/libc_pic.a(pthread_log_min.os)
 .data          0x0000000000000850        0x0 /home/yang/omniplay/eglibc-2.15/build/libc_pic.a(init-arch.os)
 .data          0x0000000000000850        0x0 /home/yang/omniplay/eglibc-2.15/build/libc_pic.a(sigaction.os)
 .data          0x0000000000000850        0x0 /home/yang/omniplay/eglibc-2.15/build/libc_pic.a(bsearch.os)
 .data          0x0000000000000850        0x0 /home/yang/omniplay/eglibc-2.15/build/libc_pic.a(setitimer.os)
 .data          0x0000000000000850        0x0 /home/yang/omniplay/eglibc-2.15/build/libc_pic.a(forward.os)
 .data          0x0000000000000850        0x0 /home/yang/omniplay/eglibc-2.15/build/libc_pic.a(exit.os)
 .data          0x0000000000000850        0x0 /home/yang/omniplay/eglibc-2.15/build/libc_pic.a(cxa_atexit.os)

.data.rel.ro    0x0000000000000000      0x25c
 .data.rel.ro   0x0000000000000000      0x25c /home/yang/omniplay/eglibc-2.15/build/elf/dl-allobjs.os
                0x0000000000000000                _rtld_global_ro
                0x0000000000000000                _rtld_local_ro
                0x00000000000001bc                __pointer_chk_guard_local
                0x00000000000001c0                _dl_skip_args
                0x00000000000001c4                _dl_argv_internal
                0x00000000000001c4                _dl_argv
                0x00000000000001c8                _dl_argc
                0x000000000000022c                __stack_prot
                0x000000000000024c                _dl_random
                0x0000000000000250                __libc_stack_end
                0x0000000000000250                __GI___libc_stack_end
                0x0000000000000254                __libc_enable_secure_internal
                0x0000000000000254                __libc_enable_secure

.ctors          0x0000000000000000        0x4
 .ctors         0x0000000000000000        0x4 /home/yang/omniplay/eglibc-2.15/build/libc_pic.a(cacheinfo.os)

.data.rel.local
                0x0000000000000000        0x4
 .data.rel.local
                0x0000000000000000        0x4 /home/yang/omniplay/eglibc-2.15/build/libc_pic.a(cxa_atexit.os)
                0x0000000000000000                __exit_funcs

.data1
 *(.data1)

.bss            0x0000000000000000      0x388
 *(.dynbss)
 *(.bss)
 .bss           0x0000000000000000       0x94 /home/yang/omniplay/eglibc-2.15/build/elf/dl-allobjs.os
                0x0000000000000080                __libc_multiple_libcs
                0x0000000000000090                ___brk_addr
                0x0000000000000090                __curbrk
 .bss           0x0000000000000094        0x0 /home/yang/omniplay/eglibc-2.15/build/libc_pic.a(check_fds.os)
 .bss           0x0000000000000094        0x0 /home/yang/omniplay/eglibc-2.15/build/libc_pic.a(errno.os)
 .bss           0x0000000000000094        0x0 /home/yang/omniplay/eglibc-2.15/build/libc_pic.a(divdi3.os)
 .bss           0x0000000000000094        0x0 /home/yang/omniplay/eglibc-2.15/build/libc_pic.a(setjmp.os)
 .bss           0x0000000000000094        0x0 /home/yang/omniplay/eglibc-2.15/build/libc_pic.a(__longjmp.os)
 .bss           0x0000000000000094        0x0 /home/yang/omniplay/eglibc-2.15/build/libc_pic.a(strchr.os)
 .bss           0x0000000000000094        0x0 /home/yang/omniplay/eglibc-2.15/build/libc_pic.a(strcmp.os)
 .bss           0x0000000000000094        0x0 /home/yang/omniplay/eglibc-2.15/build/libc_pic.a(strcpy.os)
 .bss           0x0000000000000094        0x0 /home/yang/omniplay/eglibc-2.15/build/libc_pic.a(strlen.os)
 .bss           0x0000000000000094        0x0 /home/yang/omniplay/eglibc-2.15/build/libc_pic.a(strnlen.os)
 .bss           0x0000000000000094        0x0 /home/yang/omniplay/eglibc-2.15/build/libc_pic.a(memchr.os)
 .bss           0x0000000000000094        0x0 /home/yang/omniplay/eglibc-2.15/build/libc_pic.a(memcmp.os)
 .bss           0x0000000000000094        0x0 /home/yang/omniplay/eglibc-2.15/build/libc_pic.a(memmove.os)
 .bss           0x0000000000000094        0x0 /home/yang/omniplay/eglibc-2.15/build/libc_pic.a(memset.os)
 .bss           0x0000000000000094        0x0 /home/yang/omniplay/eglibc-2.15/build/libc_pic.a(mempcpy.os)
 .bss           0x0000000000000094        0x0 /home/yang/omniplay/eglibc-2.15/build/libc_pic.a(stpcpy.os)
 .bss           0x0000000000000094        0x0 /home/yang/omniplay/eglibc-2.15/build/libc_pic.a(memcpy.os)
 .bss           0x0000000000000094        0x0 /home/yang/omniplay/eglibc-2.15/build/libc_pic.a(rawmemchr.os)
 .bss           0x0000000000000094        0x0 /home/yang/omniplay/eglibc-2.15/build/libc_pic.a(memset-sse2.os)
 .bss           0x0000000000000094        0x0 /home/yang/omniplay/eglibc-2.15/build/libc_pic.a(memcpy-ssse3.os)
 .bss           0x0000000000000094        0x0 /home/yang/omniplay/eglibc-2.15/build/libc_pic.a(mempcpy-ssse3.os)
 .bss           0x0000000000000094        0x0 /home/yang/omniplay/eglibc-2.15/build/libc_pic.a(memmove-ssse3.os)
 .bss           0x0000000000000094        0x0 /home/yang/omniplay/eglibc-2.15/build/libc_pic.a(memcpy-ssse3-rep.os)
 .bss           0x0000000000000094        0x0 /home/yang/omniplay/eglibc-2.15/build/libc_pic.a(mempcpy-ssse3-rep.os)
 .bss           0x0000000000000094        0x0 /home/yang/omniplay/eglibc-2.15/build/libc_pic.a(memmove-ssse3-rep.os)
 .bss           0x0000000000000094        0x0 /home/yang/omniplay/eglibc-2.15/build/libc_pic.a(memset-sse2-rep.os)
 .bss           0x0000000000000094        0x0 /home/yang/omniplay/eglibc-2.15/build/libc_pic.a(strcmp-ssse3.os)
 .bss           0x0000000000000094        0x0 /home/yang/omniplay/eglibc-2.15/build/libc_pic.a(strcmp-sse4.os)
 .bss           0x0000000000000094        0x0 /home/yang/omniplay/eglibc-2.15/build/libc_pic.a(memcmp-ssse3.os)
 .bss           0x0000000000000094        0x0 /home/yang/omniplay/eglibc-2.15/build/libc_pic.a(memcmp-sse4.os)
 .bss           0x0000000000000094        0x0 /home/yang/omniplay/eglibc-2.15/build/libc_pic.a(strlen-sse2.os)
 .bss           0x0000000000000094        0x0 /home/yang/omniplay/eglibc-2.15/build/libc_pic.a(strlen-sse2-bsf.os)
 .bss           0x0000000000000094        0x0 /home/yang/omniplay/eglibc-2.15/build/libc_pic.a(strcpy-ssse3.os)
 .bss           0x0000000000000094        0x0 /home/yang/omniplay/eglibc-2.15/build/libc_pic.a(stpcpy-ssse3.os)
 .bss           0x0000000000000094        0x0 /home/yang/omniplay/eglibc-2.15/build/libc_pic.a(strcpy-sse2.os)
 .bss           0x0000000000000094        0x0 /home/yang/omniplay/eglibc-2.15/build/libc_pic.a(stpcpy-sse2.os)
 .bss           0x0000000000000094        0x0 /home/yang/omniplay/eglibc-2.15/build/libc_pic.a(strchr-sse2.os)
 .bss           0x0000000000000094        0x0 /home/yang/omniplay/eglibc-2.15/build/libc_pic.a(strchr-sse2-bsf.os)
 .bss           0x0000000000000094        0x0 /home/yang/omniplay/eglibc-2.15/build/libc_pic.a(memchr-sse2.os)
 .bss           0x0000000000000094        0x0 /home/yang/omniplay/eglibc-2.15/build/libc_pic.a(memchr-sse2-bsf.os)
 .bss           0x0000000000000094        0x0 /home/yang/omniplay/eglibc-2.15/build/libc_pic.a(rawmemchr-sse2.os)
 .bss           0x0000000000000094        0x0 /home/yang/omniplay/eglibc-2.15/build/libc_pic.a(rawmemchr-sse2-bsf.os)
 .bss           0x0000000000000094        0x0 /home/yang/omniplay/eglibc-2.15/build/libc_pic.a(strnlen-sse2.os)
 .bss           0x0000000000000094        0x0 /home/yang/omniplay/eglibc-2.15/build/libc_pic.a(strnlen-c.os)
 .bss           0x0000000000000094        0x0 /home/yang/omniplay/eglibc-2.15/build/libc_pic.a(cacheinfo.os)
 .bss           0x0000000000000094        0x0 /home/yang/omniplay/eglibc-2.15/build/libc_pic.a(closedir.os)
 .bss           0x0000000000000094        0x0 /home/yang/omniplay/eglibc-2.15/build/libc_pic.a(readdir.os)
 .bss           0x0000000000000094        0x0 /home/yang/omniplay/eglibc-2.15/build/libc_pic.a(rewinddir.os)
 .bss           0x0000000000000094        0x0 /home/yang/omniplay/eglibc-2.15/build/libc_pic.a(getdents.os)
 .bss           0x0000000000000094        0x0 /home/yang/omniplay/eglibc-2.15/build/libc_pic.a(fdopendir.os)
 .bss           0x0000000000000094        0x0 /home/yang/omniplay/eglibc-2.15/build/libc_pic.a(uname.os)
 .bss           0x0000000000000094        0x0 /home/yang/omniplay/eglibc-2.15/build/libc_pic.a(_exit.os)
 .bss           0x0000000000000094        0x0 /home/yang/omniplay/eglibc-2.15/build/libc_pic.a(getpid.os)
 .bss           0x0000000000000094        0x4 /home/yang/omniplay/eglibc-2.15/build/libc_pic.a(environ.os)
                0x0000000000000094                _environ
                0x0000000000000094                __environ
                0x0000000000000094                environ
 .bss           0x0000000000000098        0x0 /home/yang/omniplay/eglibc-2.15/build/libc_pic.a(xstat64.os)
 .bss           0x0000000000000098        0x0 /home/yang/omniplay/eglibc-2.15/build/libc_pic.a(fxstat64.os)
 .bss           0x0000000000000098        0x0 /home/yang/omniplay/eglibc-2.15/build/libc_pic.a(lxstat64.os)
 .bss           0x0000000000000098        0x0 /home/yang/omniplay/eglibc-2.15/build/libc_pic.a(open.os)
 .bss           0x0000000000000098        0x0 /home/yang/omniplay/eglibc-2.15/build/libc_pic.a(close.os)
 .bss           0x0000000000000098        0x0 /home/yang/omniplay/eglibc-2.15/build/libc_pic.a(read.os)
 .bss           0x0000000000000098        0x0 /home/yang/omniplay/eglibc-2.15/build/libc_pic.a(write.os)
 .bss           0x0000000000000098        0x0 /home/yang/omniplay/eglibc-2.15/build/libc_pic.a(lseek.os)
 .bss           0x0000000000000098        0x0 /home/yang/omniplay/eglibc-2.15/build/libc_pic.a(access.os)
 .bss           0x0000000000000098        0x0 /home/yang/omniplay/eglibc-2.15/build/libc_pic.a(fcntl.os)
 .bss           0x0000000000000098        0x0 /home/yang/omniplay/eglibc-2.15/build/libc_pic.a(mmap.os)
 .bss           0x0000000000000098        0x0 /home/yang/omniplay/eglibc-2.15/build/libc_pic.a(munmap.os)
 .bss           0x0000000000000098        0x0 /home/yang/omniplay/eglibc-2.15/build/libc_pic.a(mprotect.os)
 *fill*         0x0000000000000098        0x8 00
 .bss           0x00000000000000a0       0xb8 /home/yang/omniplay/eglibc-2.15/build/libc_pic.a(profil.os)
 .bss           0x0000000000000158        0x0 /home/yang/omniplay/eglibc-2.15/build/libc_pic.a(prof-freq.os)
 .bss           0x0000000000000158        0x0 /home/yang/omniplay/eglibc-2.15/build/libc_pic.a(libc-lowlevellock.os)
 .bss           0x0000000000000158        0x0 /home/yang/omniplay/eglibc-2.15/build/libc_pic.a(libc-cancellation.os)
 .bss           0x0000000000000158        0x4 /home/yang/omniplay/eglibc-2.15/build/libc_pic.a(pthread_log_min.os)
                0x0000000000000158                pthread_log_status
 .bss           0x000000000000015c        0x0 /home/yang/omniplay/eglibc-2.15/build/libc_pic.a(init-arch.os)
 .bss           0x000000000000015c        0x0 /home/yang/omniplay/eglibc-2.15/build/libc_pic.a(sigaction.os)
 .bss           0x000000000000015c        0x0 /home/yang/omniplay/eglibc-2.15/build/libc_pic.a(bsearch.os)
 .bss           0x000000000000015c        0x0 /home/yang/omniplay/eglibc-2.15/build/libc_pic.a(setitimer.os)
 .bss           0x000000000000015c        0x0 /home/yang/omniplay/eglibc-2.15/build/libc_pic.a(forward.os)
 .bss           0x000000000000015c        0x0 /home/yang/omniplay/eglibc-2.15/build/libc_pic.a(exit.os)
 *fill*         0x000000000000015c        0x4 00
 .bss           0x0000000000000160      0x228 /home/yang/omniplay/eglibc-2.15/build/libc_pic.a(cxa_atexit.os)
 *(COMMON)
 COMMON         0x0000000000000388        0x0 /home/yang/omniplay/eglibc-2.15/build/elf/dl-allobjs.os
 COMMON         0x0000000000000388        0x0 /home/yang/omniplay/eglibc-2.15/build/libc_pic.a(pthread_log_min.os)
 COMMON         0x0000000000000388        0x0 /home/yang/omniplay/eglibc-2.15/build/libc_pic.a(init-arch.os)
 COMMON         0x0000000000000388        0x0 /home/yang/omniplay/eglibc-2.15/build/libc_pic.a(forward.os)
 COMMON         0x0000000000000388        0x0 /home/yang/omniplay/eglibc-2.15/build/libc_pic.a(cxa_atexit.os)

.stab
 *(.stab)

.stabstr
 *(.stabstr)

.stab.excl
 *(.stab.excl)

.stab.exclstr
 *(.stab.exclstr)

.stab.index
 *(.stab.index)

.stab.indexstr
 *(.stab.indexstr)

.comment        0x0000000000000000      0x9e9
 *(.comment)
 .comment       0x0000000000000000      0x58b /home/yang/omniplay/eglibc-2.15/build/elf/dl-allobjs.os
 .comment       0x000000000000058b       0x2b /home/yang/omniplay/eglibc-2.15/build/libc_pic.a(check_fds.os)
 .comment       0x00000000000005b6       0x2b /home/yang/omniplay/eglibc-2.15/build/libc_pic.a(errno.os)
 .comment       0x00000000000005e1       0x2b /home/yang/omniplay/eglibc-2.15/build/libc_pic.a(divdi3.os)
 .comment       0x000000000000060c       0x2b /home/yang/omniplay/eglibc-2.15/build/libc_pic.a(strnlen-c.os)
 .comment       0x0000000000000637       0x2b /home/yang/omniplay/eglibc-2.15/build/libc_pic.a(cacheinfo.os)
 .comment       0x0000000000000662       0x2b /home/yang/omniplay/eglibc-2.15/build/libc_pic.a(closedir.os)
 .comment       0x000000000000068d       0x2b /home/yang/omniplay/eglibc-2.15/build/libc_pic.a(readdir.os)
 .comment       0x00000000000006b8       0x2b /home/yang/omniplay/eglibc-2.15/build/libc_pic.a(rewinddir.os)
 .comment       0x00000000000006e3       0x2b /home/yang/omniplay/eglibc-2.15/build/libc_pic.a(getdents.os)
 .comment       0x000000000000070e       0x2b /home/yang/omniplay/eglibc-2.15/build/libc_pic.a(fdopendir.os)
 .comment       0x0000000000000739       0x2b /home/yang/omniplay/eglibc-2.15/build/libc_pic.a(getpid.os)
 .comment       0x0000000000000764       0x2b /home/yang/omniplay/eglibc-2.15/build/libc_pic.a(environ.os)
 .comment       0x000000000000078f       0x2b /home/yang/omniplay/eglibc-2.15/build/libc_pic.a(xstat64.os)
 .comment       0x00000000000007ba       0x2b /home/yang/omniplay/eglibc-2.15/build/libc_pic.a(fxstat64.os)
 .comment       0x00000000000007e5       0x2b /home/yang/omniplay/eglibc-2.15/build/libc_pic.a(lxstat64.os)
 .comment       0x0000000000000810       0x2b /home/yang/omniplay/eglibc-2.15/build/libc_pic.a(fcntl.os)
 .comment       0x000000000000083b       0x2b /home/yang/omniplay/eglibc-2.15/build/libc_pic.a(profil.os)
 .comment       0x0000000000000866       0x2b /home/yang/omniplay/eglibc-2.15/build/libc_pic.a(prof-freq.os)
 .comment       0x0000000000000891       0x2b /home/yang/omniplay/eglibc-2.15/build/libc_pic.a(libc-cancellation.os)
 .comment       0x00000000000008bc       0x2b /home/yang/omniplay/eglibc-2.15/build/libc_pic.a(pthread_log_min.os)
 .comment       0x00000000000008e7       0x2b /home/yang/omniplay/eglibc-2.15/build/libc_pic.a(init-arch.os)
 .comment       0x0000000000000912       0x2b /home/yang/omniplay/eglibc-2.15/build/libc_pic.a(sigaction.os)
 .comment       0x000000000000093d       0x2b /home/yang/omniplay/eglibc-2.15/build/libc_pic.a(bsearch.os)
 .comment       0x0000000000000968       0x2b /home/yang/omniplay/eglibc-2.15/build/libc_pic.a(forward.os)
 .comment       0x0000000000000993       0x2b /home/yang/omniplay/eglibc-2.15/build/libc_pic.a(exit.os)
 .comment       0x00000000000009be       0x2b /home/yang/omniplay/eglibc-2.15/build/libc_pic.a(cxa_atexit.os)

.group          0x0000000000000000        0x8
 .group         0x0000000000000000        0x8 /home/yang/omniplay/eglibc-2.15/build/elf/dl-allobjs.os

.group          0x0000000000000000        0x8
 .group         0x0000000000000000        0x8 /home/yang/omniplay/eglibc-2.15/build/elf/dl-allobjs.os

.note.GNU-stack
                0x0000000000000000        0x0
 .note.GNU-stack
                0x0000000000000000        0x0 /home/yang/omniplay/eglibc-2.15/build/elf/dl-allobjs.os
 .note.GNU-stack
                0x0000000000000000        0x0 /home/yang/omniplay/eglibc-2.15/build/libc_pic.a(check_fds.os)
 .note.GNU-stack
                0x0000000000000000        0x0 /home/yang/omniplay/eglibc-2.15/build/libc_pic.a(errno.os)
 .note.GNU-stack
                0x0000000000000000        0x0 /home/yang/omniplay/eglibc-2.15/build/libc_pic.a(divdi3.os)
 .note.GNU-stack
                0x0000000000000000        0x0 /home/yang/omniplay/eglibc-2.15/build/libc_pic.a(setjmp.os)
 .note.GNU-stack
                0x0000000000000000        0x0 /home/yang/omniplay/eglibc-2.15/build/libc_pic.a(__longjmp.os)
 .note.GNU-stack
                0x0000000000000000        0x0 /home/yang/omniplay/eglibc-2.15/build/libc_pic.a(strchr.os)
 .note.GNU-stack
                0x0000000000000000        0x0 /home/yang/omniplay/eglibc-2.15/build/libc_pic.a(strcmp.os)
 .note.GNU-stack
                0x0000000000000000        0x0 /home/yang/omniplay/eglibc-2.15/build/libc_pic.a(strcpy.os)
 .note.GNU-stack
                0x0000000000000000        0x0 /home/yang/omniplay/eglibc-2.15/build/libc_pic.a(strlen.os)
 .note.GNU-stack
                0x0000000000000000        0x0 /home/yang/omniplay/eglibc-2.15/build/libc_pic.a(strnlen.os)
 .note.GNU-stack
                0x0000000000000000        0x0 /home/yang/omniplay/eglibc-2.15/build/libc_pic.a(memchr.os)
 .note.GNU-stack
                0x0000000000000000        0x0 /home/yang/omniplay/eglibc-2.15/build/libc_pic.a(memcmp.os)
 .note.GNU-stack
                0x0000000000000000        0x0 /home/yang/omniplay/eglibc-2.15/build/libc_pic.a(memmove.os)
 .note.GNU-stack
                0x0000000000000000        0x0 /home/yang/omniplay/eglibc-2.15/build/libc_pic.a(memset.os)
 .note.GNU-stack
                0x0000000000000000        0x0 /home/yang/omniplay/eglibc-2.15/build/libc_pic.a(mempcpy.os)
 .note.GNU-stack
                0x0000000000000000        0x0 /home/yang/omniplay/eglibc-2.15/build/libc_pic.a(stpcpy.os)
 .note.GNU-stack
                0x0000000000000000        0x0 /home/yang/omniplay/eglibc-2.15/build/libc_pic.a(memcpy.os)
 .note.GNU-stack
                0x0000000000000000        0x0 /home/yang/omniplay/eglibc-2.15/build/libc_pic.a(rawmemchr.os)
 .note.GNU-stack
                0x0000000000000000        0x0 /home/yang/omniplay/eglibc-2.15/build/libc_pic.a(memset-sse2.os)
 .note.GNU-stack
                0x0000000000000000        0x0 /home/yang/omniplay/eglibc-2.15/build/libc_pic.a(memcpy-ssse3.os)
 .note.GNU-stack
                0x0000000000000000        0x0 /home/yang/omniplay/eglibc-2.15/build/libc_pic.a(mempcpy-ssse3.os)
 .note.GNU-stack
                0x0000000000000000        0x0 /home/yang/omniplay/eglibc-2.15/build/libc_pic.a(memmove-ssse3.os)
 .note.GNU-stack
                0x0000000000000000        0x0 /home/yang/omniplay/eglibc-2.15/build/libc_pic.a(memcpy-ssse3-rep.os)
 .note.GNU-stack
                0x0000000000000000        0x0 /home/yang/omniplay/eglibc-2.15/build/libc_pic.a(mempcpy-ssse3-rep.os)
 .note.GNU-stack
                0x0000000000000000        0x0 /home/yang/omniplay/eglibc-2.15/build/libc_pic.a(memmove-ssse3-rep.os)
 .note.GNU-stack
                0x0000000000000000        0x0 /home/yang/omniplay/eglibc-2.15/build/libc_pic.a(memset-sse2-rep.os)
 .note.GNU-stack
                0x0000000000000000        0x0 /home/yang/omniplay/eglibc-2.15/build/libc_pic.a(strcmp-ssse3.os)
 .note.GNU-stack
                0x0000000000000000        0x0 /home/yang/omniplay/eglibc-2.15/build/libc_pic.a(strcmp-sse4.os)
 .note.GNU-stack
                0x0000000000000000        0x0 /home/yang/omniplay/eglibc-2.15/build/libc_pic.a(memcmp-ssse3.os)
 .note.GNU-stack
                0x0000000000000000        0x0 /home/yang/omniplay/eglibc-2.15/build/libc_pic.a(memcmp-sse4.os)
 .note.GNU-stack
                0x0000000000000000        0x0 /home/yang/omniplay/eglibc-2.15/build/libc_pic.a(strlen-sse2.os)
 .note.GNU-stack
                0x0000000000000000        0x0 /home/yang/omniplay/eglibc-2.15/build/libc_pic.a(strlen-sse2-bsf.os)
 .note.GNU-stack
                0x0000000000000000        0x0 /home/yang/omniplay/eglibc-2.15/build/libc_pic.a(strcpy-ssse3.os)
 .note.GNU-stack
                0x0000000000000000        0x0 /home/yang/omniplay/eglibc-2.15/build/libc_pic.a(stpcpy-ssse3.os)
 .note.GNU-stack
                0x0000000000000000        0x0 /home/yang/omniplay/eglibc-2.15/build/libc_pic.a(strcpy-sse2.os)
 .note.GNU-stack
                0x0000000000000000        0x0 /home/yang/omniplay/eglibc-2.15/build/libc_pic.a(stpcpy-sse2.os)
 .note.GNU-stack
                0x0000000000000000        0x0 /home/yang/omniplay/eglibc-2.15/build/libc_pic.a(strchr-sse2.os)
 .note.GNU-stack
                0x0000000000000000        0x0 /home/yang/omniplay/eglibc-2.15/build/libc_pic.a(strchr-sse2-bsf.os)
 .note.GNU-stack
                0x0000000000000000        0x0 /home/yang/omniplay/eglibc-2.15/build/libc_pic.a(memchr-sse2.os)
 .note.GNU-stack
                0x0000000000000000        0x0 /home/yang/omniplay/eglibc-2.15/build/libc_pic.a(memchr-sse2-bsf.os)
 .note.GNU-stack
                0x0000000000000000        0x0 /home/yang/omniplay/eglibc-2.15/build/libc_pic.a(rawmemchr-sse2.os)
 .note.GNU-stack
                0x0000000000000000        0x0 /home/yang/omniplay/eglibc-2.15/build/libc_pic.a(rawmemchr-sse2-bsf.os)
 .note.GNU-stack
                0x0000000000000000        0x0 /home/yang/omniplay/eglibc-2.15/build/libc_pic.a(strnlen-sse2.os)
 .note.GNU-stack
                0x0000000000000000        0x0 /home/yang/omniplay/eglibc-2.15/build/libc_pic.a(strnlen-c.os)
 .note.GNU-stack
                0x0000000000000000        0x0 /home/yang/omniplay/eglibc-2.15/build/libc_pic.a(cacheinfo.os)
 .note.GNU-stack
                0x0000000000000000        0x0 /home/yang/omniplay/eglibc-2.15/build/libc_pic.a(closedir.os)
 .note.GNU-stack
                0x0000000000000000        0x0 /home/yang/omniplay/eglibc-2.15/build/libc_pic.a(readdir.os)
 .note.GNU-stack
                0x0000000000000000        0x0 /home/yang/omniplay/eglibc-2.15/build/libc_pic.a(rewinddir.os)
 .note.GNU-stack
                0x0000000000000000        0x0 /home/yang/omniplay/eglibc-2.15/build/libc_pic.a(getdents.os)
 .note.GNU-stack
                0x0000000000000000        0x0 /home/yang/omniplay/eglibc-2.15/build/libc_pic.a(fdopendir.os)
 .note.GNU-stack
                0x0000000000000000        0x0 /home/yang/omniplay/eglibc-2.15/build/libc_pic.a(uname.os)
 .note.GNU-stack
                0x0000000000000000        0x0 /home/yang/omniplay/eglibc-2.15/build/libc_pic.a(_exit.os)
 .note.GNU-stack
                0x0000000000000000        0x0 /home/yang/omniplay/eglibc-2.15/build/libc_pic.a(getpid.os)
 .note.GNU-stack
                0x0000000000000000        0x0 /home/yang/omniplay/eglibc-2.15/build/libc_pic.a(environ.os)
 .note.GNU-stack
                0x0000000000000000        0x0 /home/yang/omniplay/eglibc-2.15/build/libc_pic.a(xstat64.os)
 .note.GNU-stack
                0x0000000000000000        0x0 /home/yang/omniplay/eglibc-2.15/build/libc_pic.a(fxstat64.os)
 .note.GNU-stack
                0x0000000000000000        0x0 /home/yang/omniplay/eglibc-2.15/build/libc_pic.a(lxstat64.os)
 .note.GNU-stack
                0x0000000000000000        0x0 /home/yang/omniplay/eglibc-2.15/build/libc_pic.a(open.os)
 .note.GNU-stack
                0x0000000000000000        0x0 /home/yang/omniplay/eglibc-2.15/build/libc_pic.a(close.os)
 .note.GNU-stack
                0x0000000000000000        0x0 /home/yang/omniplay/eglibc-2.15/build/libc_pic.a(read.os)
 .note.GNU-stack
                0x0000000000000000        0x0 /home/yang/omniplay/eglibc-2.15/build/libc_pic.a(write.os)
 .note.GNU-stack
                0x0000000000000000        0x0 /home/yang/omniplay/eglibc-2.15/build/libc_pic.a(lseek.os)
 .note.GNU-stack
                0x0000000000000000        0x0 /home/yang/omniplay/eglibc-2.15/build/libc_pic.a(access.os)
 .note.GNU-stack
                0x0000000000000000        0x0 /home/yang/omniplay/eglibc-2.15/build/libc_pic.a(fcntl.os)
 .note.GNU-stack
                0x0000000000000000        0x0 /home/yang/omniplay/eglibc-2.15/build/libc_pic.a(mmap.os)
 .note.GNU-stack
                0x0000000000000000        0x0 /home/yang/omniplay/eglibc-2.15/build/libc_pic.a(munmap.os)
 .note.GNU-stack
                0x0000000000000000        0x0 /home/yang/omniplay/eglibc-2.15/build/libc_pic.a(mprotect.os)
 .note.GNU-stack
                0x0000000000000000        0x0 /home/yang/omniplay/eglibc-2.15/build/libc_pic.a(profil.os)
 .note.GNU-stack
                0x0000000000000000        0x0 /home/yang/omniplay/eglibc-2.15/build/libc_pic.a(prof-freq.os)
 .note.GNU-stack
                0x0000000000000000        0x0 /home/yang/omniplay/eglibc-2.15/build/libc_pic.a(libc-lowlevellock.os)
 .note.GNU-stack
                0x0000000000000000        0x0 /home/yang/omniplay/eglibc-2.15/build/libc_pic.a(libc-cancellation.os)
 .note.GNU-stack
                0x0000000000000000        0x0 /home/yang/omniplay/eglibc-2.15/build/libc_pic.a(pthread_log_min.os)
 .note.GNU-stack
                0x0000000000000000        0x0 /home/yang/omniplay/eglibc-2.15/build/libc_pic.a(init-arch.os)
 .note.GNU-stack
                0x0000000000000000        0x0 /home/yang/omniplay/eglibc-2.15/build/libc_pic.a(sigaction.os)
 .note.GNU-stack
                0x0000000000000000        0x0 /home/yang/omniplay/eglibc-2.15/build/libc_pic.a(bsearch.os)
 .note.GNU-stack
                0x0000000000000000        0x0 /home/yang/omniplay/eglibc-2.15/build/libc_pic.a(setitimer.os)
 .note.GNU-stack
                0x0000000000000000        0x0 /home/yang/omniplay/eglibc-2.15/build/libc_pic.a(forward.os)
 .note.GNU-stack
                0x0000000000000000        0x0 /home/yang/omniplay/eglibc-2.15/build/libc_pic.a(exit.os)
 .note.GNU-stack
                0x0000000000000000        0x0 /home/yang/omniplay/eglibc-2.15/build/libc_pic.a(cxa_atexit.os)

.gnu.warning.__memset_zero_constant_len_parameter
                0x0000000000000000       0x5c
 .gnu.warning.__memset_zero_constant_len_parameter
                0x0000000000000000       0x5c /home/yang/omniplay/eglibc-2.15/build/libc_pic.a(memset.os)

.debug
 *(.debug)

.line
 *(.line)

.debug_srcinfo
 *(.debug_srcinfo)

.debug_sfnames
 *(.debug_sfnames)

.debug_aranges  0x0000000000000000      0xfb0
 *(.debug_aranges)
 .debug_aranges
                0x0000000000000000      0x4c0 /home/yang/omniplay/eglibc-2.15/build/elf/dl-allobjs.os
 .debug_aranges
                0x00000000000004c0       0x20 /home/yang/omniplay/eglibc-2.15/build/libc_pic.a(check_fds.os)
 .debug_aranges
                0x00000000000004e0       0x20 /home/yang/omniplay/eglibc-2.15/build/libc_pic.a(divdi3.os)
 .debug_aranges
                0x0000000000000500       0x20 /home/yang/omniplay/eglibc-2.15/build/libc_pic.a(setjmp.os)
 .debug_aranges
                0x0000000000000520       0x20 /home/yang/omniplay/eglibc-2.15/build/libc_pic.a(__longjmp.os)
 .debug_aranges
                0x0000000000000540       0x28 /home/yang/omniplay/eglibc-2.15/build/libc_pic.a(strchr.os)
 .debug_aranges
                0x0000000000000568       0x28 /home/yang/omniplay/eglibc-2.15/build/libc_pic.a(strcmp.os)
 .debug_aranges
                0x0000000000000590       0x28 /home/yang/omniplay/eglibc-2.15/build/libc_pic.a(strcpy.os)
 .debug_aranges
                0x00000000000005b8       0x28 /home/yang/omniplay/eglibc-2.15/build/libc_pic.a(strlen.os)
 .debug_aranges
                0x00000000000005e0       0x28 /home/yang/omniplay/eglibc-2.15/build/libc_pic.a(strnlen.os)
 .debug_aranges
                0x0000000000000608       0x28 /home/yang/omniplay/eglibc-2.15/build/libc_pic.a(memchr.os)
 .debug_aranges
                0x0000000000000630       0x28 /home/yang/omniplay/eglibc-2.15/build/libc_pic.a(memcmp.os)
 .debug_aranges
                0x0000000000000658       0x28 /home/yang/omniplay/eglibc-2.15/build/libc_pic.a(memmove.os)
 .debug_aranges
                0x0000000000000680       0x28 /home/yang/omniplay/eglibc-2.15/build/libc_pic.a(memset.os)
 .debug_aranges
                0x00000000000006a8       0x28 /home/yang/omniplay/eglibc-2.15/build/libc_pic.a(mempcpy.os)
 .debug_aranges
                0x00000000000006d0       0x28 /home/yang/omniplay/eglibc-2.15/build/libc_pic.a(stpcpy.os)
 .debug_aranges
                0x00000000000006f8       0x28 /home/yang/omniplay/eglibc-2.15/build/libc_pic.a(memcpy.os)
 .debug_aranges
                0x0000000000000720       0x28 /home/yang/omniplay/eglibc-2.15/build/libc_pic.a(rawmemchr.os)
 .debug_aranges
                0x0000000000000748       0x28 /home/yang/omniplay/eglibc-2.15/build/libc_pic.a(memset-sse2.os)
 .debug_aranges
                0x0000000000000770       0x28 /home/yang/omniplay/eglibc-2.15/build/libc_pic.a(memcpy-ssse3.os)
 .debug_aranges
                0x0000000000000798       0x28 /home/yang/omniplay/eglibc-2.15/build/libc_pic.a(mempcpy-ssse3.os)
 .debug_aranges
                0x00000000000007c0       0x28 /home/yang/omniplay/eglibc-2.15/build/libc_pic.a(memmove-ssse3.os)
 .debug_aranges
                0x00000000000007e8       0x28 /home/yang/omniplay/eglibc-2.15/build/libc_pic.a(memcpy-ssse3-rep.os)
 .debug_aranges
                0x0000000000000810       0x28 /home/yang/omniplay/eglibc-2.15/build/libc_pic.a(mempcpy-ssse3-rep.os)
 .debug_aranges
                0x0000000000000838       0x28 /home/yang/omniplay/eglibc-2.15/build/libc_pic.a(memmove-ssse3-rep.os)
 .debug_aranges
                0x0000000000000860       0x28 /home/yang/omniplay/eglibc-2.15/build/libc_pic.a(memset-sse2-rep.os)
 .debug_aranges
                0x0000000000000888       0x20 /home/yang/omniplay/eglibc-2.15/build/libc_pic.a(strcmp-ssse3.os)
 .debug_aranges
                0x00000000000008a8       0x20 /home/yang/omniplay/eglibc-2.15/build/libc_pic.a(strcmp-sse4.os)
 .debug_aranges
                0x00000000000008c8       0x20 /home/yang/omniplay/eglibc-2.15/build/libc_pic.a(memcmp-ssse3.os)
 .debug_aranges
                0x00000000000008e8       0x20 /home/yang/omniplay/eglibc-2.15/build/libc_pic.a(memcmp-sse4.os)
 .debug_aranges
                0x0000000000000908       0x20 /home/yang/omniplay/eglibc-2.15/build/libc_pic.a(strlen-sse2.os)
 .debug_aranges
                0x0000000000000928       0x20 /home/yang/omniplay/eglibc-2.15/build/libc_pic.a(strlen-sse2-bsf.os)
 .debug_aranges
                0x0000000000000948       0x20 /home/yang/omniplay/eglibc-2.15/build/libc_pic.a(strcpy-ssse3.os)
 .debug_aranges
                0x0000000000000968       0x20 /home/yang/omniplay/eglibc-2.15/build/libc_pic.a(stpcpy-ssse3.os)
 .debug_aranges
                0x0000000000000988       0x20 /home/yang/omniplay/eglibc-2.15/build/libc_pic.a(strcpy-sse2.os)
 .debug_aranges
                0x00000000000009a8       0x20 /home/yang/omniplay/eglibc-2.15/build/libc_pic.a(stpcpy-sse2.os)
 .debug_aranges
                0x00000000000009c8       0x20 /home/yang/omniplay/eglibc-2.15/build/libc_pic.a(strchr-sse2.os)
 .debug_aranges
                0x00000000000009e8       0x20 /home/yang/omniplay/eglibc-2.15/build/libc_pic.a(strchr-sse2-bsf.os)
 .debug_aranges